Archive member included to satisfy reference by file (symbol)

/opt/devkitpro/libctru/lib/libctru.a(console.o)
                              main.o (consoleInit)
/opt/devkitpro/libctru/lib/libctru.a(gfx.o)
                              /opt/devkitpro/libctru/lib/libctru.a(console.o) (gfxIsWide)
/opt/devkitpro/libctru/lib/libctru.a(apt.o)
                              main.o (aptMainLoop)
/opt/devkitpro/libctru/lib/libctru.a(gspgpu.o)
                              /opt/devkitpro/libctru/lib/libctru.a(gfx.o) (gspInit)
/opt/devkitpro/libctru/lib/libctru.a(hid.o)
                              main.o (hidScanInput)
/opt/devkitpro/libctru/lib/libctru.a(irrst.o)
                              /opt/devkitpro/libctru/lib/libctru.a(hid.o) (irrstInit)
/opt/devkitpro/libctru/lib/libctru.a(ctru_init.o)
                              /opt/devkitpro/libctru/lib/libctru.a(apt.o) (__system_retAddr)
/opt/devkitpro/libctru/lib/libctru.a(initArgv.o)
                              /opt/devkitpro/libctru/lib/libctru.a(ctru_init.o) (__system_initArgv)
/opt/devkitpro/libctru/lib/libctru.a(syscalls.o)
                              /opt/devkitpro/libctru/lib/libctru.a(ctru_init.o) (__system_initSyscalls)
/opt/devkitpro/libctru/lib/libctru.a(svc.o)
                              /opt/devkitpro/libctru/lib/libctru.a(apt.o) (svcSleepThread)
/opt/devkitpro/libctru/lib/libctru.a(stack_adjust.o)
                              /opt/devkitpro/devkitARM/bin/../lib/gcc/arm-none-eabi/13.2.0/../../../../arm-none-eabi/lib/armv6k/fpu/3dsx_crt0.o (initSystem)
/opt/devkitpro/libctru/lib/libctru.a(default_font.bin.o)
                              /opt/devkitpro/libctru/lib/libctru.a(console.o) (default_font_bin)
/opt/devkitpro/libctru/lib/libctru.a(linear.o)
                              /opt/devkitpro/libctru/lib/libctru.a(gfx.o) (linearAlloc)
/opt/devkitpro/libctru/lib/libctru.a(mem_pool.o)
                              /opt/devkitpro/libctru/lib/libctru.a(linear.o) (MemPool::Allocate(MemChunk&, unsigned long, int))
/opt/devkitpro/libctru/lib/libctru.a(vram.o)
                              /opt/devkitpro/libctru/lib/libctru.a(gfx.o) (vramAlloc)
/opt/devkitpro/libctru/lib/libctru.a(3dslink.o)
                              /opt/devkitpro/libctru/lib/libctru.a(initArgv.o) (__3dslink_host)
/opt/devkitpro/libctru/lib/libctru.a(env.o)
                              /opt/devkitpro/libctru/lib/libctru.a(irrst.o) (envGetHandle)
/opt/devkitpro/libctru/lib/libctru.a(os.o)
                              /opt/devkitpro/libctru/lib/libctru.a(syscalls.o) (osGetTime)
/opt/devkitpro/libctru/lib/libctru.a(srv.o)
                              /opt/devkitpro/libctru/lib/libctru.a(apt.o) (srvInit)
/opt/devkitpro/libctru/lib/libctru.a(synchronization.o)
                              /opt/devkitpro/libctru/lib/libctru.a(ctru_init.o) (__sync_init)
/opt/devkitpro/libctru/lib/libctru.a(thread.o)
                              /opt/devkitpro/libctru/lib/libctru.a(apt.o) (threadCreate)
/opt/devkitpro/libctru/lib/libctru.a(mappable.o)
                              /opt/devkitpro/libctru/lib/libctru.a(apt.o) (mappableAlloc)
/opt/devkitpro/libctru/lib/libctru.a(ptmsysm.o)
                              /opt/devkitpro/libctru/lib/libctru.a(os.o) (ptmSysmInit)
/opt/devkitpro/libctru/lib/libctru.a(srvpm.o)
                              /opt/devkitpro/libctru/lib/libctru.a(srv.o) (srvPmGetSessionHandle)
/opt/devkitpro/libctru/lib/libctru.a(soc_connect.o)
                              /opt/devkitpro/libctru/lib/libctru.a(3dslink.o) (connect)
/opt/devkitpro/libctru/lib/libctru.a(soc_socket.o)
                              /opt/devkitpro/libctru/lib/libctru.a(3dslink.o) (socket)
/opt/devkitpro/libctru/lib/libctru.a(rbtree_find.o)
                              /opt/devkitpro/libctru/lib/libctru.a(linear.o) (rbtree_find)
/opt/devkitpro/libctru/lib/libctru.a(rbtree_init.o)
                              /opt/devkitpro/libctru/lib/libctru.a(linear.o) (rbtree_init)
/opt/devkitpro/libctru/lib/libctru.a(rbtree_insert.o)
                              /opt/devkitpro/libctru/lib/libctru.a(linear.o) (rbtree_insert)
/opt/devkitpro/libctru/lib/libctru.a(rbtree_remove.o)
                              /opt/devkitpro/libctru/lib/libctru.a(linear.o) (rbtree_remove)
/opt/devkitpro/libctru/lib/libctru.a(rbtree_rotate.o)
                              /opt/devkitpro/libctru/lib/libctru.a(rbtree_insert.o) (rbtree_rotate)
/opt/devkitpro/libctru/lib/libctru.a(allocateHeaps.o)
                              /opt/devkitpro/libctru/lib/libctru.a(ctru_init.o) (__system_allocateHeaps)
/opt/devkitpro/libctru/lib/libctru.a(appExit.o)
                              /opt/devkitpro/libctru/lib/libctru.a(stack_adjust.o) (__appExit)
/opt/devkitpro/libctru/lib/libctru.a(appInit.o)
                              /opt/devkitpro/libctru/lib/libctru.a(stack_adjust.o) (__appInit)
/opt/devkitpro/libctru/lib/libctru.a(ctru_exit.o)
                              /opt/devkitpro/libctru/lib/libctru.a(stack_adjust.o) (__libctru_exit)
[...]
Memory Configuration

Name             Origin             Length             Attributes
*default*        0x00000000         0xffffffff

Linker script and memory map

                0x00100000                        PROVIDE (__start__ = 0x100000)
                0x00100000                        . = __start__

.text           0x00100000    0x16d24
 *(.crt0)
 .crt0          0x00100000       0x94 /opt/devkitpro/devkitARM/bin/../lib/gcc/arm-none-eabi/13.2.0/../../../../arm-none-eabi/lib/armv6k/fpu/3dsx_crt0.o
                0x00100000                _start
                0x00100008                __service_ptr
                0x0010000c                __apt_appid
                0x00100010                __heap_size
                0x00100014                __linear_heap_size
                0x00100018                __system_arglist
                0x0010001c                __system_runflags
 *(.init)
 .init          0x00100094        0xc /opt/devkitpro/devkitARM/bin/../lib/gcc/arm-none-eabi/13.2.0/armv6k/fpu/crti.o
                0x00100094                _init
 .init          0x001000a0        0xc /opt/devkitpro/devkitARM/bin/../lib/gcc/arm-none-eabi/13.2.0/armv6k/fpu/crtn.o
                0x001000ac                        . = ALIGN (0x4)
 *(.text)
 .text          0x001000ac      0x240 /opt/devkitpro/devkitARM/bin/../lib/gcc/arm-none-eabi/13.2.0/armv6k/fpu/libgcc.a(_divsi3.o)
                0x001000ac                __aeabi_idiv
                0x001000ac                __divsi3
                0x001002cc                __aeabi_idivmod
 .text          0x001002ec        0x4 /opt/devkitpro/devkitARM/bin/../lib/gcc/arm-none-eabi/13.2.0/armv6k/fpu/libgcc.a(_dvmd_tls.o)
                0x001002ec                __aeabi_ldiv0
                0x001002ec                __aeabi_idiv0
 .text          0x001002f0       0x3c /opt/devkitpro/devkitARM/bin/../lib/gcc/arm-none-eabi/13.2.0/armv6k/fpu/libgcc.a(_aeabi_uldivmod.o)
                0x001002f0                __aeabi_uldivmod
 *fill*         0x0010032c       0x14 
 .text          0x00100340      0x390 /opt/devkitpro/devkitARM/bin/../lib/gcc/arm-none-eabi/13.2.0/../../../../arm-none-eabi/lib/armv6k/fpu/libg.a(libc_a-strcmp.o)
                0x00100348                strcmp
 .text          0x001006d0      0x20c /opt/devkitpro/devkitARM/bin/../lib/gcc/arm-none-eabi/13.2.0/armv6k/fpu/libgcc.a(_udivsi3.o)
                0x001006d0                __udivsi3
                0x001006d0                __aeabi_uidiv
                0x001008bc                __aeabi_uidivmod
 *(.text.*)
 .text.__do_global_dtors_aux
                0x001008dc       0x40 /opt/devkitpro/devkitARM/bin/../lib/gcc/arm-none-eabi/13.2.0/armv6k/fpu/crtbegin.o
 .text.frame_dummy
                0x0010091c       0x2c /opt/devkitpro/devkitARM/bin/../lib/gcc/arm-none-eabi/13.2.0/armv6k/fpu/crtbegin.o
 .text.startup.main
                0x00100948       0x6c main.o
                0x00100948                main
 .text.consoleHandleColorEsc
                0x001009b4      0x51c /opt/devkitpro/libctru/lib/libctru.a(console.o)
 .text.consoleColorStateShift
                0x00100ed0       0xb8 /opt/devkitpro/libctru/lib/libctru.a(console.o)
 .text.consoleDrawChar
                0x00100f88      0x1ac /opt/devkitpro/libctru/lib/libctru.a(console.o)
                0x00100f88                consoleDrawChar
 .text.consolePrintChar
                0x00101134      0x124 /opt/devkitpro/libctru/lib/libctru.a(console.o)
                0x00101134                consolePrintChar
 .text.con_write
                0x00101258      0x6f4 /opt/devkitpro/libctru/lib/libctru.a(console.o)
                0x00101258                con_write
 .text.newRow   0x0010194c       0xfc /opt/devkitpro/libctru/lib/libctru.a(console.o)
 .text.consoleInit
                0x00101a48      0x18c /opt/devkitpro/libctru/lib/libctru.a(console.o)
                0x00101a48                consoleInit
 .text.gfxPresentFramebuffer
                0x00101bd4       0xd0 /opt/devkitpro/libctru/lib/libctru.a(gfx.o)
 .text.gfxIsWide
                0x00101ca4       0x1c /opt/devkitpro/libctru/lib/libctru.a(gfx.o)
                0x00101ca4                gfxIsWide
 .text.gfxSetScreenFormat
                0x00101cc0       0xec /opt/devkitpro/libctru/lib/libctru.a(gfx.o)
                0x00101cc0                gfxSetScreenFormat
 .text.gfxSetDoubleBuffering
                0x00101dac       0x10 /opt/devkitpro/libctru/lib/libctru.a(gfx.o)
                0x00101dac                gfxSetDoubleBuffering
 .text.gfxInit  0x00101dbc       0xe0 /opt/devkitpro/libctru/lib/libctru.a(gfx.o)
                0x00101dbc                gfxInit
 .text.gfxInitDefault
                0x00101e9c       0x10 /opt/devkitpro/libctru/lib/libctru.a(gfx.o)
                0x00101e9c                gfxInitDefault
 .text.gfxExit  0x00101eac       0xb4 /opt/devkitpro/libctru/lib/libctru.a(gfx.o)
                0x00101eac                gfxExit
 .text.gfxGetFramebuffer
                0x00101f60       0xa0 /opt/devkitpro/libctru/lib/libctru.a(gfx.o)
                0x00101f60                gfxGetFramebuffer
 .text.gfxFlushBuffers
                0x00102000      0x104 /opt/devkitpro/libctru/lib/libctru.a(gfx.o)
                0x00102000                gfxFlushBuffers
 .text.gfxSwapBuffers
                0x00102104       0x50 /opt/devkitpro/libctru/lib/libctru.a(gfx.o)
                0x00102104                gfxSwapBuffers
 .text.gfxSwapBuffersGpu
                0x00102154       0x50 /opt/devkitpro/libctru/lib/libctru.a(gfx.o)
                0x00102154                gfxSwapBuffersGpu
 .text.aptConvertScreenForCapture
                0x001021a4      0x1ac /opt/devkitpro/libctru/lib/libctru.a(apt.o)
 .text.aptDspSleep
                0x00102350        0x8 /opt/devkitpro/libctru/lib/libctru.a(apt.o)
                0x00102350                aptDspSleep
 .text.aptDspWakeup
                0x00102358        0x4 /opt/devkitpro/libctru/lib/libctru.a(apt.o)
                0x00102358                aptDspWakeup
 .text.aptDspCancel
                0x0010235c        0x4 /opt/devkitpro/libctru/lib/libctru.a(apt.o)
                0x0010235c                aptDspCancel
 .text.aptSendCommand
                0x00102360      0x158 /opt/devkitpro/libctru/lib/libctru.a(apt.o)
                0x00102360                aptSendCommand
 .text.aptExitProcess
                0x001024b8       0x44 /opt/devkitpro/libctru/lib/libctru.a(apt.o)
 .text.aptExit  0x001024fc      0x38c /opt/devkitpro/libctru/lib/libctru.a(apt.o)
                0x001024fc                aptExit
 .text.aptHandleSleep
                0x00102888       0xe0 /opt/devkitpro/libctru/lib/libctru.a(apt.o)
                0x00102888                aptHandleSleep
 .text.APT_SleepIfShellClosed
                0x00102968       0x84 /opt/devkitpro/libctru/lib/libctru.a(apt.o)
                0x00102968                APT_SleepIfShellClosed
 .text.aptSetSleepAllowed
                0x001029ec       0x84 /opt/devkitpro/libctru/lib/libctru.a(apt.o)
                0x001029ec                aptSetSleepAllowed
 .text.APT_UnlockTransition
                0x00102a70       0x84 /opt/devkitpro/libctru/lib/libctru.a(apt.o)
                0x00102a70                APT_UnlockTransition
 *fill*         0x00102af4        0x4 
 .text.aptEventHandler
                0x00102af8      0x4a4 /opt/devkitpro/libctru/lib/libctru.a(apt.o)
 .text.APT_ReceiveParameter
                0x00102f9c       0xb0 /opt/devkitpro/libctru/lib/libctru.a(apt.o)
                0x00102f9c                APT_ReceiveParameter
 .text.aptReceiveParameter.constprop.0
                0x0010304c       0xac /opt/devkitpro/libctru/lib/libctru.a(apt.o)
 .text.aptScreenTransfer
                0x001030f8      0x2ac /opt/devkitpro/libctru/lib/libctru.a(apt.o)
 .text.aptWaitForWakeUp.isra.0
                0x001033a4      0x320 /opt/devkitpro/libctru/lib/libctru.a(apt.o)
 .text.aptJumpToHomeMenu
                0x001036c4       0xf8 /opt/devkitpro/libctru/lib/libctru.a(apt.o)
                0x001036c4                aptJumpToHomeMenu
 .text.aptMainLoop
                0x001037bc       0x48 /opt/devkitpro/libctru/lib/libctru.a(apt.o)
                0x001037bc                aptMainLoop
 .text.aptInit  0x00103804      0x22c /opt/devkitpro/libctru/lib/libctru.a(apt.o)
                0x00103804                aptInit
 .text.APT_CheckNew3DS
                0x00103a30       0x7c /opt/devkitpro/libctru/lib/libctru.a(apt.o)
                0x00103a30                APT_CheckNew3DS
 .text.gspHardwareInit
                0x00103aac      0xc64 /opt/devkitpro/libctru/lib/libctru.a(gspgpu.o)
 .text.gspInit  0x00104710      0x248 /opt/devkitpro/libctru/lib/libctru.a(gspgpu.o)
                0x00104710                gspInit
 .text.gspExit  0x00104958       0xf0 /opt/devkitpro/libctru/lib/libctru.a(gspgpu.o)
                0x00104958                gspExit
 .text.gspHasGpuRight
                0x00104a48       0x10 /opt/devkitpro/libctru/lib/libctru.a(gspgpu.o)
                0x00104a48                gspHasGpuRight
 .text.gspPresentBuffer
                0x00104a58       0xa0 /opt/devkitpro/libctru/lib/libctru.a(gspgpu.o)
                0x00104a58                gspPresentBuffer
 .text.gspWaitForEvent
                0x00104af8       0x44 /opt/devkitpro/libctru/lib/libctru.a(gspgpu.o)
                0x00104af8                gspWaitForEvent
 .text.gxCmdQueueInterrupt
                0x00104b3c        0x4 /opt/devkitpro/libctru/lib/libctru.a(gspgpu.o)
                0x00104b3c                gxCmdQueueInterrupt
 .text.gspEventThreadMain
                0x00104b40      0x158 /opt/devkitpro/libctru/lib/libctru.a(gspgpu.o)
 .text.GSPGPU_FlushDataCache
                0x00104c98       0x50 /opt/devkitpro/libctru/lib/libctru.a(gspgpu.o)
                0x00104c98                GSPGPU_FlushDataCache
 .text.GSPGPU_SetLcdForceBlack
                0x00104ce8       0x34 /opt/devkitpro/libctru/lib/libctru.a(gspgpu.o)
                0x00104ce8                GSPGPU_SetLcdForceBlack
 .text.GSPGPU_AcquireRight
                0x00104d1c       0x68 /opt/devkitpro/libctru/lib/libctru.a(gspgpu.o)
                0x00104d1c                GSPGPU_AcquireRight
 .text.GSPGPU_ReleaseRight
                0x00104d84       0x48 /opt/devkitpro/libctru/lib/libctru.a(gspgpu.o)
                0x00104d84                GSPGPU_ReleaseRight
 .text.GSPGPU_ImportDisplayCaptureInfo
                0x00104dcc       0x7c /opt/devkitpro/libctru/lib/libctru.a(gspgpu.o)
                0x00104dcc                GSPGPU_ImportDisplayCaptureInfo
 .text.GSPGPU_SaveVramSysArea
                0x00104e48       0x2c /opt/devkitpro/libctru/lib/libctru.a(gspgpu.o)
                0x00104e48                GSPGPU_SaveVramSysArea
 .text.GSPGPU_RestoreVramSysArea
                0x00104e74       0x2c /opt/devkitpro/libctru/lib/libctru.a(gspgpu.o)
                0x00104e74                GSPGPU_RestoreVramSysArea
 .text.hidShouldUseIrrst
                0x00104ea0       0x24 /opt/devkitpro/libctru/lib/libctru.a(hid.o)
                0x00104ea0                hidShouldUseIrrst
 .text.hidInit  0x00104ec4      0x18c /opt/devkitpro/libctru/lib/libctru.a(hid.o)
                0x00104ec4                hidInit
 .text.hidExit  0x00105050       0xe8 /opt/devkitpro/libctru/lib/libctru.a(hid.o)
                0x00105050                hidExit
 .text.hidScanInput
                0x00105138      0x2a4 /opt/devkitpro/libctru/lib/libctru.a(hid.o)
                0x00105138                hidScanInput
 .text.hidKeysDown
                0x001053dc       0x10 /opt/devkitpro/libctru/lib/libctru.a(hid.o)
                0x001053dc                hidKeysDown
 .text.irrstInit
                0x001053ec      0x160 /opt/devkitpro/libctru/lib/libctru.a(irrst.o)
                0x001053ec                irrstInit
 .text.irrstExit
                0x0010554c       0xcc /opt/devkitpro/libctru/lib/libctru.a(irrst.o)
                0x0010554c                irrstExit
 .text.irrstScanInput
                0x00105618       0xb4 /opt/devkitpro/libctru/lib/libctru.a(irrst.o)
                0x00105618                irrstScanInput
 .text.irrstKeysHeld
                0x001056cc       0x24 /opt/devkitpro/libctru/lib/libctru.a(irrst.o)
                0x001056cc                irrstKeysHeld
 .text.__libctru_init
                0x001056f0       0x38 /opt/devkitpro/libctru/lib/libctru.a(ctru_init.o)
                0x001056f0                __libctru_init
 .text.__system_initArgv
                0x00105728      0x170 /opt/devkitpro/libctru/lib/libctru.a(initArgv.o)
                0x00105728                __system_initArgv
 .text.__syscall_getreent
                0x00105898       0x30 /opt/devkitpro/libctru/lib/libctru.a(syscalls.o)
                0x00105898                __syscall_getreent
 .text.__syscall_lock_acquire
                0x001058c8        0x4 /opt/devkitpro/libctru/lib/libctru.a(syscalls.o)
                0x001058c8                __syscall_lock_acquire
 .text.__syscall_lock_release
                0x001058cc        0x4 /opt/devkitpro/libctru/lib/libctru.a(syscalls.o)
                0x001058cc                __syscall_lock_release
 .text.__syscall_lock_acquire_recursive
                0x001058d0        0x4 /opt/devkitpro/libctru/lib/libctru.a(syscalls.o)
                0x001058d0                __syscall_lock_acquire_recursive
 .text.__syscall_lock_release_recursive
                0x001058d4        0x4 /opt/devkitpro/libctru/lib/libctru.a(syscalls.o)
                0x001058d4                __syscall_lock_release_recursive
 .text.__syscall_exit
                0x001058d8        0x4 /opt/devkitpro/libctru/lib/libctru.a(syscalls.o)
                0x001058d8                __syscall_exit
 .text.initThreadVars
                0x001058dc       0x50 /opt/devkitpro/libctru/lib/libctru.a(syscalls.o)
                0x001058dc                initThreadVars
 .text.__system_initSyscalls
                0x0010592c       0x80 /opt/devkitpro/libctru/lib/libctru.a(syscalls.o)
                0x0010592c                __system_initSyscalls
 .text.svcControlMemory
                0x001059ac       0x20 /opt/devkitpro/libctru/lib/libctru.a(svc.o)
                0x001059ac                svcControlMemory
 .text.svcQueryMemory
                0x001059cc       0x30 /opt/devkitpro/libctru/lib/libctru.a(svc.o)
                0x001059cc                svcQueryMemory
 .text.svcExitProcess
                0x001059fc        0x8 /opt/devkitpro/libctru/lib/libctru.a(svc.o)
                0x001059fc                svcExitProcess
 .text.svcCreateThread
                0x00105a04       0x20 /opt/devkitpro/libctru/lib/libctru.a(svc.o)
                0x00105a04                svcCreateThread
 .text.svcExitThread
                0x00105a24        0x8 /opt/devkitpro/libctru/lib/libctru.a(svc.o)
                0x00105a24                svcExitThread
 .text.svcSleepThread
                0x00105a2c        0x8 /opt/devkitpro/libctru/lib/libctru.a(svc.o)
                0x00105a2c                svcSleepThread
 .text.svcReleaseMutex
                0x00105a34        0x8 /opt/devkitpro/libctru/lib/libctru.a(svc.o)
                0x00105a34                svcReleaseMutex
 .text.svcCreateEvent
                0x00105a3c       0x14 /opt/devkitpro/libctru/lib/libctru.a(svc.o)
                0x00105a3c                svcCreateEvent
 .text.svcSignalEvent
                0x00105a50        0x8 /opt/devkitpro/libctru/lib/libctru.a(svc.o)
                0x00105a50                svcSignalEvent
 .text.svcClearEvent
                0x00105a58        0x8 /opt/devkitpro/libctru/lib/libctru.a(svc.o)
                0x00105a58                svcClearEvent
 .text.svcMapMemoryBlock
                0x00105a60        0x8 /opt/devkitpro/libctru/lib/libctru.a(svc.o)
                0x00105a60                svcMapMemoryBlock
 .text.svcUnmapMemoryBlock
                0x00105a68        0x8 /opt/devkitpro/libctru/lib/libctru.a(svc.o)
                0x00105a68                svcUnmapMemoryBlock
 .text.svcCreateAddressArbiter
                0x00105a70       0x14 /opt/devkitpro/libctru/lib/libctru.a(svc.o)
                0x00105a70                svcCreateAddressArbiter
 .text.svcArbitrateAddressNoTimeout
                0x00105a84        0x8 /opt/devkitpro/libctru/lib/libctru.a(svc.o)
                0x00105a84                svcArbitrateAddressNoTimeout
 .text.svcCloseHandle
                0x00105a8c        0x8 /opt/devkitpro/libctru/lib/libctru.a(svc.o)
                0x00105a8c                svcCloseHandle
 .text.svcWaitSynchronization
                0x00105a94        0x8 /opt/devkitpro/libctru/lib/libctru.a(svc.o)
                0x00105a94                svcWaitSynchronization
 .text.svcWaitSynchronizationN
                0x00105a9c       0x28 /opt/devkitpro/libctru/lib/libctru.a(svc.o)
                0x00105a9c                svcWaitSynchronizationN
 .text.svcDuplicateHandle
                0x00105ac4       0x14 /opt/devkitpro/libctru/lib/libctru.a(svc.o)
                0x00105ac4                svcDuplicateHandle
 .text.svcConnectToPort
                0x00105ad8       0x14 /opt/devkitpro/libctru/lib/libctru.a(svc.o)
                0x00105ad8                svcConnectToPort
 .text.svcSendSyncRequest
                0x00105aec        0x8 /opt/devkitpro/libctru/lib/libctru.a(svc.o)
                0x00105aec                svcSendSyncRequest
 .text.svcGetResourceLimit
                0x00105af4       0x14 /opt/devkitpro/libctru/lib/libctru.a(svc.o)
                0x00105af4                svcGetResourceLimit
 .text.svcGetResourceLimitLimitValues
                0x00105b08        0x8 /opt/devkitpro/libctru/lib/libctru.a(svc.o)
                0x00105b08                svcGetResourceLimitLimitValues
 .text.svcGetResourceLimitCurrentValues
                0x00105b10        0x8 /opt/devkitpro/libctru/lib/libctru.a(svc.o)
                0x00105b10                svcGetResourceLimitCurrentValues
 .text.svcBreak
                0x00105b18        0x8 /opt/devkitpro/libctru/lib/libctru.a(svc.o)
                0x00105b18                svcBreak
 .text.initSystem
                0x00105b20       0x50 /opt/devkitpro/libctru/lib/libctru.a(stack_adjust.o)
                0x00105b20                initSystem
 .text.__ctru_exit
                0x00105b70       0x14 /opt/devkitpro/libctru/lib/libctru.a(stack_adjust.o)
                0x00105b70                __ctru_exit
 .text._ZL21addrMapNodeComparatorPK11rbtree_nodeS1_
                0x00105b84       0x24 /opt/devkitpro/libctru/lib/libctru.a(linear.o)
 .text._ZL21addrMapNodeDestructorP11rbtree_node
                0x00105ba8        0x4 /opt/devkitpro/libctru/lib/libctru.a(linear.o)
 .text.linearMemAlign
                0x00105bac      0x120 /opt/devkitpro/libctru/lib/libctru.a(linear.o)
                0x00105bac                linearMemAlign
 .text.linearAlloc
                0x00105ccc        0x8 /opt/devkitpro/libctru/lib/libctru.a(linear.o)
                0x00105ccc                linearAlloc
 .text.linearFree
                0x00105cd4       0x5c /opt/devkitpro/libctru/lib/libctru.a(linear.o)
                0x00105cd4                linearFree
 .text._ZN7MemPool13CoalesceRightEP8MemBlock
                0x00105d30       0x80 /opt/devkitpro/libctru/lib/libctru.a(mem_pool.o)
                0x00105d30                MemPool::CoalesceRight(MemBlock*)
 .text._ZN7MemPool8AllocateER8MemChunkmi
                0x00105db0      0x16c /opt/devkitpro/libctru/lib/libctru.a(mem_pool.o)
                0x00105db0                MemPool::Allocate(MemChunk&, unsigned long, int)
 .text._ZN7MemPool10DeallocateERK8MemChunk
                0x00105f1c       0xfc /opt/devkitpro/libctru/lib/libctru.a(mem_pool.o)
                0x00105f1c                MemPool::Deallocate(MemChunk const&)
 .text._ZN7MemPool12GetFreeSpaceEv
                0x00106018       0x30 /opt/devkitpro/libctru/lib/libctru.a(mem_pool.o)
                0x00106018                MemPool::GetFreeSpace()
 .text._ZL21addrMapNodeComparatorPK11rbtree_nodeS1_
                0x00106048       0x24 /opt/devkitpro/libctru/lib/libctru.a(vram.o)
 .text._ZL21addrMapNodeDestructorP11rbtree_node
                0x0010606c        0x4 /opt/devkitpro/libctru/lib/libctru.a(vram.o)
 .text.vramMemAlignAt
                0x00106070      0x24c /opt/devkitpro/libctru/lib/libctru.a(vram.o)
                0x00106070                vramMemAlignAt
 .text.vramAlloc
                0x001062bc        0xc /opt/devkitpro/libctru/lib/libctru.a(vram.o)
                0x001062bc                vramAlloc
 .text.vramFree
                0x001062c8       0x90 /opt/devkitpro/libctru/lib/libctru.a(vram.o)
                0x001062c8                vramFree
 .text.envGetHandle
                0x00106358       0x84 /opt/devkitpro/libctru/lib/libctru.a(env.o)
                0x00106358                envGetHandle
 .text.envDestroyHandles
                0x001063dc       0x50 /opt/devkitpro/libctru/lib/libctru.a(env.o)
                0x001063dc                envDestroyHandles
 .text.__ctru_speedup_config
                0x0010642c       0x34 /opt/devkitpro/libctru/lib/libctru.a(os.o)
                0x0010642c                __ctru_speedup_config
 .text.srvInit  0x00106460      0x12c /opt/devkitpro/libctru/lib/libctru.a(srv.o)
                0x00106460                srvInit
 .text.srvExit  0x0010658c       0x58 /opt/devkitpro/libctru/lib/libctru.a(srv.o)
                0x0010658c                srvExit
 .text.srvEnableNotification
                0x001065e4       0x60 /opt/devkitpro/libctru/lib/libctru.a(srv.o)
                0x001065e4                srvEnableNotification
 .text.srvGetServiceHandleDirect
                0x00106644       0xa0 /opt/devkitpro/libctru/lib/libctru.a(srv.o)
                0x00106644                srvGetServiceHandleDirect
 .text.srvGetServiceHandle
                0x001066e4       0x38 /opt/devkitpro/libctru/lib/libctru.a(srv.o)
                0x001066e4                srvGetServiceHandle
 .text.srvSubscribe
                0x0010671c       0x34 /opt/devkitpro/libctru/lib/libctru.a(srv.o)
                0x0010671c                srvSubscribe
 .text.srvReceiveNotification
                0x00106750       0x60 /opt/devkitpro/libctru/lib/libctru.a(srv.o)
                0x00106750                srvReceiveNotification
 .text.srvPublishToSubscriber
                0x001067b0       0x38 /opt/devkitpro/libctru/lib/libctru.a(srv.o)
                0x001067b0                srvPublishToSubscriber
 .text.__sync_init
                0x001067e8        0xc /opt/devkitpro/libctru/lib/libctru.a(synchronization.o)
                0x001067e8                __sync_init
 .text.__sync_fini
                0x001067f4       0x18 /opt/devkitpro/libctru/lib/libctru.a(synchronization.o)
                0x001067f4                __sync_fini
 .text.syncArbitrateAddress
                0x0010680c       0x2c /opt/devkitpro/libctru/lib/libctru.a(synchronization.o)
                0x0010680c                syncArbitrateAddress
 .text.LightLock_Lock
                0x00106838       0xac /opt/devkitpro/libctru/lib/libctru.a(synchronization.o)
                0x00106838                LightLock_Lock
 .text.LightLock_Unlock
                0x001068e4       0x40 /opt/devkitpro/libctru/lib/libctru.a(synchronization.o)
                0x001068e4                LightLock_Unlock
 .text.RecursiveLock_Lock
                0x00106924       0x30 /opt/devkitpro/libctru/lib/libctru.a(synchronization.o)
                0x00106924                RecursiveLock_Lock
 .text.RecursiveLock_Unlock
                0x00106954       0x54 /opt/devkitpro/libctru/lib/libctru.a(synchronization.o)
                0x00106954                RecursiveLock_Unlock
 .text.LightEvent_Init
                0x001069a8       0x40 /opt/devkitpro/libctru/lib/libctru.a(synchronization.o)
                0x001069a8                LightEvent_Init
 .text.LightEvent_Clear
                0x001069e8       0xa4 /opt/devkitpro/libctru/lib/libctru.a(synchronization.o)
                0x001069e8                LightEvent_Clear
 .text.LightEvent_Signal
                0x00106a8c       0xc8 /opt/devkitpro/libctru/lib/libctru.a(synchronization.o)
                0x00106a8c                LightEvent_Signal
 .text.LightEvent_TryWait
                0x00106b54       0x50 /opt/devkitpro/libctru/lib/libctru.a(synchronization.o)
                0x00106b54                LightEvent_TryWait
 .text.LightEvent_Wait
                0x00106ba4       0xa0 /opt/devkitpro/libctru/lib/libctru.a(synchronization.o)
                0x00106ba4                LightEvent_Wait
 .text.threadCreate
                0x00106c44      0x1d8 /opt/devkitpro/libctru/lib/libctru.a(thread.o)
                0x00106c44                threadCreate
 .text.threadFree
                0x00106e1c       0x2c /opt/devkitpro/libctru/lib/libctru.a(thread.o)
                0x00106e1c                threadFree
 .text.threadJoin
                0x00106e48       0x24 /opt/devkitpro/libctru/lib/libctru.a(thread.o)
                0x00106e48                threadJoin
 .text.threadGetCurrent
                0x00106e6c       0x30 /opt/devkitpro/libctru/lib/libctru.a(thread.o)
                0x00106e6c                threadGetCurrent
 .text.threadExit
                0x00106e9c       0x40 /opt/devkitpro/libctru/lib/libctru.a(thread.o)
                0x00106e9c                threadExit
 .text._thread_begin
                0x00106edc       0x20 /opt/devkitpro/libctru/lib/libctru.a(thread.o)
 .text.mappableFindAddressWithin
                0x00106efc       0xb4 /opt/devkitpro/libctru/lib/libctru.a(mappable.o)
 .text.mappableInit
                0x00106fb0       0x28 /opt/devkitpro/libctru/lib/libctru.a(mappable.o)
                0x00106fb0                mappableInit
 .text.mappableAlloc
                0x00106fd8       0x80 /opt/devkitpro/libctru/lib/libctru.a(mappable.o)
                0x00106fd8                mappableAlloc
 .text.mappableFree
                0x00107058        0x4 /opt/devkitpro/libctru/lib/libctru.a(mappable.o)
                0x00107058                mappableFree
 .text.ptmSysmInit
                0x0010705c       0x74 /opt/devkitpro/libctru/lib/libctru.a(ptmsysm.o)
                0x0010705c                ptmSysmInit
 .text.ptmSysmExit
                0x001070d0       0x3c /opt/devkitpro/libctru/lib/libctru.a(ptmsysm.o)
                0x001070d0                ptmSysmExit
 .text.PTMSYSM_ConfigureNew3DSCPU
                0x0010710c       0x34 /opt/devkitpro/libctru/lib/libctru.a(ptmsysm.o)
                0x0010710c                PTMSYSM_ConfigureNew3DSCPU
 .text.srvPmGetSessionHandle
                0x00107140        0xc /opt/devkitpro/libctru/lib/libctru.a(srvpm.o)
                0x00107140                srvPmGetSessionHandle
 .text.rbtree_find
                0x0010714c       0x74 /opt/devkitpro/libctru/lib/libctru.a(rbtree_find.o)
                0x0010714c                rbtree_find
 .text.rbtree_init
                0x001071c0       0x10 /opt/devkitpro/libctru/lib/libctru.a(rbtree_init.o)
                0x001071c0                rbtree_init
 .text.do_insert
                0x001071d0      0x1b0 /opt/devkitpro/libctru/lib/libctru.a(rbtree_insert.o)
 .text.rbtree_insert
                0x00107380        0x8 /opt/devkitpro/libctru/lib/libctru.a(rbtree_insert.o)
                0x00107380                rbtree_insert
 .text.rbtree_remove
                0x00107388      0x318 /opt/devkitpro/libctru/lib/libctru.a(rbtree_remove.o)
                0x00107388                rbtree_remove
 .text.rbtree_rotate
                0x001076a0       0x90 /opt/devkitpro/libctru/lib/libctru.a(rbtree_rotate.o)
                0x001076a0                rbtree_rotate
 .text.__system_allocateHeaps
                0x00107730      0x1e0 /opt/devkitpro/libctru/lib/libctru.a(allocateHeaps.o)
                0x00107730                __system_allocateHeaps
 .text.__appExit
                0x00107910       0x30 /opt/devkitpro/libctru/lib/libctru.a(appExit.o)
                0x00107910                __appExit
 .text.__appInit
                0x00107940       0x30 /opt/devkitpro/libctru/lib/libctru.a(appInit.o)
                0x00107940                __appInit
 .text.__libctru_exit
                0x00107970       0x90 /opt/devkitpro/libctru/lib/libctru.a(ctru_exit.o)
                0x00107970                __libctru_exit
 .text.archive_link
                0x00107a00       0x14 /opt/devkitpro/libctru/lib/libctru.a(archive_dev.o)
 .text.archive_dirreset
                0x00107a14       0x14 /opt/devkitpro/libctru/lib/libctru.a(archive_dev.o)
 .text.archive_chmod
                0x00107a28       0x14 /opt/devkitpro/libctru/lib/libctru.a(archive_dev.o)
 .text.error_cmp
                0x00107a3c       0x24 /opt/devkitpro/libctru/lib/libctru.a(archive_dev.o)
 .text.archive_translate_error
                0x00107a60       0x50 /opt/devkitpro/libctru/lib/libctru.a(archive_dev.o)
 .text.archive_seek
                0x00107ab0       0xc8 /opt/devkitpro/libctru/lib/libctru.a(archive_dev.o)
 .text._archiveInit.part.0
                0x00107b78       0x7c /opt/devkitpro/libctru/lib/libctru.a(archive_dev.o)
 .text.archiveFindDevice.part.0
                0x00107bf4       0xc4 /opt/devkitpro/libctru/lib/libctru.a(archive_dev.o)
 .text.archive_utf16path
                0x00107cb8      0x280 /opt/devkitpro/libctru/lib/libctru.a(archive_dev.o)
 .text._archiveUnmountDeviceStruct.part.0
                0x00107f38       0x9c /opt/devkitpro/libctru/lib/libctru.a(archive_dev.o)
 .text.archive_fchmod
                0x00107fd4       0x14 /opt/devkitpro/libctru/lib/libctru.a(archive_dev.o)
 .text.archive_statvfs
                0x00107fe8       0x14 /opt/devkitpro/libctru/lib/libctru.a(archive_dev.o)
 .text._archiveMountDevice
                0x00107ffc      0x164 /opt/devkitpro/libctru/lib/libctru.a(archive_dev.o)
 .text.archive_diropen
                0x00108160       0xe8 /opt/devkitpro/libctru/lib/libctru.a(archive_dev.o)
 .text.archive_fstat
                0x00108248       0xa4 /opt/devkitpro/libctru/lib/libctru.a(archive_dev.o)
 .text.archive_fsync
                0x001082ec       0x6c /opt/devkitpro/libctru/lib/libctru.a(archive_dev.o)
 .text.archive_close
                0x00108358       0x6c /opt/devkitpro/libctru/lib/libctru.a(archive_dev.o)
 .text.archive_dirclose
                0x001083c4       0x70 /opt/devkitpro/libctru/lib/libctru.a(archive_dev.o)
 .text.sdmc_statvfs
                0x00108434       0xe8 /opt/devkitpro/libctru/lib/libctru.a(archive_dev.o)
 .text.archive_chdir
                0x0010851c       0xec /opt/devkitpro/libctru/lib/libctru.a(archive_dev.o)
 .text.archive_ftruncate
                0x00108608       0x7c /opt/devkitpro/libctru/lib/libctru.a(archive_dev.o)
 .text.archive_read
                0x00108684       0xac /opt/devkitpro/libctru/lib/libctru.a(archive_dev.o)
 .text.archive_unlink
                0x00108730       0xa4 /opt/devkitpro/libctru/lib/libctru.a(archive_dev.o)
 .text.archive_rmdir
                0x001087d4       0xbc /opt/devkitpro/libctru/lib/libctru.a(archive_dev.o)
 .text.archive_mkdir
                0x00108890       0xdc /opt/devkitpro/libctru/lib/libctru.a(archive_dev.o)
 .text.archive_stat
                0x0010896c      0x194 /opt/devkitpro/libctru/lib/libctru.a(archive_dev.o)
 .text.archive_dirnext
                0x00108b00      0x160 /opt/devkitpro/libctru/lib/libctru.a(archive_dev.o)
 .text.archive_write
                0x00108c60      0x124 /opt/devkitpro/libctru/lib/libctru.a(archive_dev.o)
 .text.archive_open
                0x00108d84      0x20c /opt/devkitpro/libctru/lib/libctru.a(archive_dev.o)
 .text.archive_rename
                0x00108f90      0x278 /opt/devkitpro/libctru/lib/libctru.a(archive_dev.o)
 .text.archiveMountSdmc
                0x00109208      0x19c /opt/devkitpro/libctru/lib/libctru.a(archive_dev.o)
                0x00109208                archiveMountSdmc
 .text.archiveUnmountAll
                0x001093a4       0x54 /opt/devkitpro/libctru/lib/libctru.a(archive_dev.o)
                0x001093a4                archiveUnmountAll
 .text.fsInit   0x001093f8       0xcc /opt/devkitpro/libctru/lib/libctru.a(fs.o)
                0x001093f8                fsInit
 .text.fsExit   0x001094c4       0x3c /opt/devkitpro/libctru/lib/libctru.a(fs.o)
                0x001094c4                fsExit
 .text.fsExemptFromSession
                0x00109500       0x60 /opt/devkitpro/libctru/lib/libctru.a(fs.o)
                0x00109500                fsExemptFromSession
 .text.fsUnexemptFromSession
                0x00109560       0x50 /opt/devkitpro/libctru/lib/libctru.a(fs.o)
                0x00109560                fsUnexemptFromSession
 .text.FSUSER_OpenFile
                0x001095b0       0xcc /opt/devkitpro/libctru/lib/libctru.a(fs.o)
                0x001095b0                FSUSER_OpenFile
 .text.FSUSER_DeleteFile
                0x0010967c       0xbc /opt/devkitpro/libctru/lib/libctru.a(fs.o)
                0x0010967c                FSUSER_DeleteFile
 .text.FSUSER_RenameFile
                0x00109738       0xf8 /opt/devkitpro/libctru/lib/libctru.a(fs.o)
                0x00109738                FSUSER_RenameFile
 .text.FSUSER_DeleteDirectory
                0x00109830       0xbc /opt/devkitpro/libctru/lib/libctru.a(fs.o)
                0x00109830                FSUSER_DeleteDirectory
 .text.FSUSER_CreateFile
                0x001098ec       0xd4 /opt/devkitpro/libctru/lib/libctru.a(fs.o)
                0x001098ec                FSUSER_CreateFile
 .text.FSUSER_CreateDirectory
                0x001099c0       0xc4 /opt/devkitpro/libctru/lib/libctru.a(fs.o)
                0x001099c0                FSUSER_CreateDirectory
 .text.FSUSER_RenameDirectory
                0x00109a84       0xf8 /opt/devkitpro/libctru/lib/libctru.a(fs.o)
                0x00109a84                FSUSER_RenameDirectory
 .text.FSUSER_OpenDirectory
                0x00109b7c       0xb4 /opt/devkitpro/libctru/lib/libctru.a(fs.o)
                0x00109b7c                FSUSER_OpenDirectory
 .text.FSUSER_OpenArchive
                0x00109c30       0x94 /opt/devkitpro/libctru/lib/libctru.a(fs.o)
                0x00109c30                FSUSER_OpenArchive
 .text.FSUSER_CloseArchive
                0x00109cc4       0x8c /opt/devkitpro/libctru/lib/libctru.a(fs.o)
                0x00109cc4                FSUSER_CloseArchive
 .text.FSUSER_GetSdmcArchiveResource
                0x00109d50       0x74 /opt/devkitpro/libctru/lib/libctru.a(fs.o)
                0x00109d50                FSUSER_GetSdmcArchiveResource
 .text.FSUSER_IsSdmcWritable
                0x00109dc4       0x64 /opt/devkitpro/libctru/lib/libctru.a(fs.o)
                0x00109dc4                FSUSER_IsSdmcWritable
 .text.FSFILE_Read
                0x00109e28       0x58 /opt/devkitpro/libctru/lib/libctru.a(fs.o)
                0x00109e28                FSFILE_Read
 .text.FSFILE_Write
                0x00109e80       0x60 /opt/devkitpro/libctru/lib/libctru.a(fs.o)
                0x00109e80                FSFILE_Write
 .text.FSFILE_GetSize
                0x00109ee0       0x38 /opt/devkitpro/libctru/lib/libctru.a(fs.o)
                0x00109ee0                FSFILE_GetSize
 .text.FSFILE_SetSize
                0x00109f18       0x28 /opt/devkitpro/libctru/lib/libctru.a(fs.o)
                0x00109f18                FSFILE_SetSize
 .text.FSFILE_Close
                0x00109f40       0x3c /opt/devkitpro/libctru/lib/libctru.a(fs.o)
                0x00109f40                FSFILE_Close
 .text.FSFILE_Flush
                0x00109f7c       0x24 /opt/devkitpro/libctru/lib/libctru.a(fs.o)
                0x00109f7c                FSFILE_Flush
 .text.FSDIR_Read
                0x00109fa0       0x50 /opt/devkitpro/libctru/lib/libctru.a(fs.o)
                0x00109fa0                FSDIR_Read
 .text.FSDIR_Close
                0x00109ff0       0x3c /opt/devkitpro/libctru/lib/libctru.a(fs.o)
                0x00109ff0                FSDIR_Close
 .text.rbtree_node_next
                0x0010a02c       0x5c /opt/devkitpro/libctru/lib/libctru.a(rbtree_iterator.o)
                0x0010a02c                rbtree_node_next
 .text.decode_utf8
                0x0010a088      0x13c /opt/devkitpro/libctru/lib/libctru.a(decode_utf8.o)
                0x0010a088                decode_utf8
 .text.utf16_to_utf8
                0x0010a1c4       0xe8 /opt/devkitpro/libctru/lib/libctru.a(utf16_to_utf8.o)
                0x0010a1c4                utf16_to_utf8
 .text.utf8_to_utf16
                0x0010a2ac       0xc0 /opt/devkitpro/libctru/lib/libctru.a(utf8_to_utf16.o)
                0x0010a2ac                utf8_to_utf16
 .text.__aeabi_read_tp
                0x0010a36c        0xc /opt/devkitpro/libctru/lib/libctru.a(readtp.o)
                0x0010a36c                __aeabi_read_tp
 .text.decode_utf16
                0x0010a378       0x64 /opt/devkitpro/libctru/lib/libctru.a(decode_utf16.o)
                0x0010a378                decode_utf16
 .text.encode_utf16
                0x0010a3dc       0x54 /opt/devkitpro/libctru/lib/libctru.a(encode_utf16.o)
                0x0010a3dc                encode_utf16
 .text.encode_utf8
                0x0010a430       0xe0 /opt/devkitpro/libctru/lib/libctru.a(encode_utf8.o)
                0x0010a430                encode_utf8
 .text.__udivmoddi4
                0x0010a510      0x120 /opt/devkitpro/devkitARM/bin/../lib/gcc/arm-none-eabi/13.2.0/armv6k/fpu/libgcc.a(_udivmoddi4.o)
                0x0010a510                __udivmoddi4
 .text.printf   0x0010a630       0x34 /opt/devkitpro/devkitARM/bin/../lib/gcc/arm-none-eabi/13.2.0/../../../../arm-none-eabi/lib/armv6k/fpu/libg.a(libc_a-printf.o)
                0x0010a630                printf
 .text.memalign
                0x0010a664       0x20 /opt/devkitpro/devkitARM/bin/../lib/gcc/arm-none-eabi/13.2.0/../../../../arm-none-eabi/lib/armv6k/fpu/libg.a(libc_a-malign.o)
                0x0010a664                memalign
 .text._memalign_r
                0x0010a684      0x14c /opt/devkitpro/devkitARM/bin/../lib/gcc/arm-none-eabi/13.2.0/../../../../arm-none-eabi/lib/armv6k/fpu/libg.a(libc_a-malignr.o)
                0x0010a684                _memalign_r
 .text.bsearch  0x0010a7d0       0x78 /opt/devkitpro/devkitARM/bin/../lib/gcc/arm-none-eabi/13.2.0/../../../../arm-none-eabi/lib/armv6k/fpu/libg.a(libc_a-bsearch.o)
                0x0010a7d0                bsearch
 .text.setvbuf  0x0010a848      0x25c /opt/devkitpro/devkitARM/bin/../lib/gcc/arm-none-eabi/13.2.0/../../../../arm-none-eabi/lib/armv6k/fpu/libg.a(libc_a-setvbuf.o)
                0x0010a848                setvbuf
 .text.__call_exitprocs
                0x0010aaa4        0x4 /opt/devkitpro/devkitARM/bin/../lib/gcc/arm-none-eabi/13.2.0/../../../../arm-none-eabi/lib/armv6k/fpu/libg.a(libc_a-exit.o)
                0x0010aaa4                __call_exitprocs
 .text.exit     0x0010aaa8       0x30 /opt/devkitpro/devkitARM/bin/../lib/gcc/arm-none-eabi/13.2.0/../../../../arm-none-eabi/lib/armv6k/fpu/libg.a(libc_a-exit.o)
                0x0010aaa8                exit
 .text._malloc_trim_r
                0x0010aad8       0xf8 /opt/devkitpro/devkitARM/bin/../lib/gcc/arm-none-eabi/13.2.0/../../../../arm-none-eabi/lib/armv6k/fpu/libg.a(libc_a-freer.o)
                0x0010aad8                _malloc_trim_r
 .text._free_r  0x0010abd0      0x2e8 /opt/devkitpro/devkitARM/bin/../lib/gcc/arm-none-eabi/13.2.0/../../../../arm-none-eabi/lib/armv6k/fpu/libg.a(libc_a-freer.o)
                0x0010abd0                _free_r
 .text.malloc   0x0010aeb8       0x18 /opt/devkitpro/devkitARM/bin/../lib/gcc/arm-none-eabi/13.2.0/../../../../arm-none-eabi/lib/armv6k/fpu/libg.a(libc_a-malloc.o)
                0x0010aeb8                malloc
 .text.free     0x0010aed0       0x18 /opt/devkitpro/devkitARM/bin/../lib/gcc/arm-none-eabi/13.2.0/../../../../arm-none-eabi/lib/armv6k/fpu/libg.a(libc_a-malloc.o)
                0x0010aed0                free
 .text._malloc_r
                0x0010aee8      0x79c /opt/devkitpro/devkitARM/bin/../lib/gcc/arm-none-eabi/13.2.0/../../../../arm-none-eabi/lib/armv6k/fpu/libg.a(libc_a-mallocr.o)
                0x0010aee8                _malloc_r
 .text.memset   0x0010b684       0xf4 /opt/devkitpro/devkitARM/bin/../lib/gcc/arm-none-eabi/13.2.0/../../../../arm-none-eabi/lib/armv6k/fpu/libg.a(libc_a-memset.o)
                0x0010b684                memset
 .text.__malloc_lock
                0x0010b778        0xc /opt/devkitpro/devkitARM/bin/../lib/gcc/arm-none-eabi/13.2.0/../../../../arm-none-eabi/lib/armv6k/fpu/libg.a(libc_a-mlock.o)
                0x0010b778                __malloc_lock
 .text.__malloc_unlock
                0x0010b784        0xc /opt/devkitpro/devkitARM/bin/../lib/gcc/arm-none-eabi/13.2.0/../../../../arm-none-eabi/lib/armv6k/fpu/libg.a(libc_a-mlock.o)
                0x0010b784                __malloc_unlock
 .text.get_arg  0x0010b790      0x64c /opt/devkitpro/devkitARM/bin/../lib/gcc/arm-none-eabi/13.2.0/../../../../arm-none-eabi/lib/armv6k/fpu/libg.a(libc_a-vfprintf.o)
 *fill*         0x0010bddc        0x4 
 .text._vfprintf_r
                0x0010bde0     0x3378 /opt/devkitpro/devkitARM/bin/../lib/gcc/arm-none-eabi/13.2.0/../../../../arm-none-eabi/lib/armv6k/fpu/libg.a(libc_a-vfprintf.o)
                0x0010bde0                _vfprintf_r
 .text.__sbprintf
                0x0010f158       0xb8 /opt/devkitpro/devkitARM/bin/../lib/gcc/arm-none-eabi/13.2.0/../../../../arm-none-eabi/lib/armv6k/fpu/libg.a(libc_a-vfprintf.o)
 .text.strlen   0x0010f210       0x90 /opt/devkitpro/devkitARM/bin/../lib/gcc/arm-none-eabi/13.2.0/../../../../arm-none-eabi/lib/armv6k/fpu/libg.a(libc_a-strlen.o)
                0x0010f210                strlen
 .text.__sflush_r
                0x0010f2a0      0x22c /opt/devkitpro/devkitARM/bin/../lib/gcc/arm-none-eabi/13.2.0/../../../../arm-none-eabi/lib/armv6k/fpu/libg.a(libc_a-fflush.o)
                0x0010f2a0                __sflush_r
 .text._fflush_r
                0x0010f4cc       0x94 /opt/devkitpro/devkitARM/bin/../lib/gcc/arm-none-eabi/13.2.0/../../../../arm-none-eabi/lib/armv6k/fpu/libg.a(libc_a-fflush.o)
                0x0010f4cc                _fflush_r
 .text.strncat  0x0010f560       0xe4 /opt/devkitpro/devkitARM/bin/../lib/gcc/arm-none-eabi/13.2.0/../../../../arm-none-eabi/lib/armv6k/fpu/libg.a(libc_a-strncat.o)
                0x0010f560                strncat
 .text.strncmp  0x0010f644       0xe4 /opt/devkitpro/devkitARM/bin/../lib/gcc/arm-none-eabi/13.2.0/../../../../arm-none-eabi/lib/armv6k/fpu/libg.a(libc_a-strncmp.o)
                0x0010f644                strncmp
 .text._fwalk_sglue
                0x0010f728       0x70 /opt/devkitpro/devkitARM/bin/../lib/gcc/arm-none-eabi/13.2.0/../../../../arm-none-eabi/lib/armv6k/fpu/libg.a(libc_a-fwalk.o)
                0x0010f728                _fwalk_sglue
 .text.strncpy  0x0010f798       0xc4 /opt/devkitpro/devkitARM/bin/../lib/gcc/arm-none-eabi/13.2.0/../../../../arm-none-eabi/lib/armv6k/fpu/libg.a(libc_a-strncpy.o)
                0x0010f798                strncpy
 .text.stdio_exit_handler
                0x0010f85c       0x1c /opt/devkitpro/devkitARM/bin/../lib/gcc/arm-none-eabi/13.2.0/../../../../arm-none-eabi/lib/armv6k/fpu/libg.a(libc_a-findfp.o)
 .text.cleanup_stdio
                0x0010f878       0x5c /opt/devkitpro/devkitARM/bin/../lib/gcc/arm-none-eabi/13.2.0/../../../../arm-none-eabi/lib/armv6k/fpu/libg.a(libc_a-findfp.o)
 .text.global_stdio_init.part.0
                0x0010f8d4      0x154 /opt/devkitpro/devkitARM/bin/../lib/gcc/arm-none-eabi/13.2.0/../../../../arm-none-eabi/lib/armv6k/fpu/libg.a(libc_a-findfp.o)
 .text.__sinit  0x0010fa28       0x5c /opt/devkitpro/devkitARM/bin/../lib/gcc/arm-none-eabi/13.2.0/../../../../arm-none-eabi/lib/armv6k/fpu/libg.a(libc_a-findfp.o)
                0x0010fa28                __sinit
 .text.__sfp_lock_acquire
                0x0010fa84        0xc /opt/devkitpro/devkitARM/bin/../lib/gcc/arm-none-eabi/13.2.0/../../../../arm-none-eabi/lib/armv6k/fpu/libg.a(libc_a-findfp.o)
                0x0010fa84                __sfp_lock_acquire
 .text.__sfp_lock_release
                0x0010fa90        0xc /opt/devkitpro/devkitARM/bin/../lib/gcc/arm-none-eabi/13.2.0/../../../../arm-none-eabi/lib/armv6k/fpu/libg.a(libc_a-findfp.o)
                0x0010fa90                __sfp_lock_release
 .text.strnlen  0x0010fa9c       0x48 /opt/devkitpro/devkitARM/bin/../lib/gcc/arm-none-eabi/13.2.0/../../../../arm-none-eabi/lib/armv6k/fpu/libg.a(libc_a-strnlen.o)
                0x0010fa9c                strnlen
 .text._strtoul_l.isra.0
                0x0010fae4      0x1d8 /opt/devkitpro/devkitARM/bin/../lib/gcc/arm-none-eabi/13.2.0/../../../../arm-none-eabi/lib/armv6k/fpu/libg.a(libc_a-strtoul.o)
 .text.strtoul  0x0010fcbc       0x34 /opt/devkitpro/devkitARM/bin/../lib/gcc/arm-none-eabi/13.2.0/../../../../arm-none-eabi/lib/armv6k/fpu/libg.a(libc_a-strtoul.o)
                0x0010fcbc                strtoul
 .text.__locale_mb_cur_max
                0x0010fcf0       0x24 /opt/devkitpro/devkitARM/bin/../lib/gcc/arm-none-eabi/13.2.0/../../../../arm-none-eabi/lib/armv6k/fpu/libg.a(libc_a-locale.o)
                0x0010fcf0                __locale_mb_cur_max
 .text._localeconv_r
                0x0010fd14       0x24 /opt/devkitpro/devkitARM/bin/../lib/gcc/arm-none-eabi/13.2.0/../../../../arm-none-eabi/lib/armv6k/fpu/libg.a(libc_a-localeconv.o)
                0x0010fd14                _localeconv_r
 .text.memchr   0x0010fd38       0xe0 /opt/devkitpro/devkitARM/bin/../lib/gcc/arm-none-eabi/13.2.0/../../../../arm-none-eabi/lib/armv6k/fpu/libg.a(libc_a-memchr-stub.o)
                0x0010fd38                memchr
 .text.__utf8_wctomb
                0x0010fe18       0xf0 /opt/devkitpro/devkitARM/bin/../lib/gcc/arm-none-eabi/13.2.0/../../../../arm-none-eabi/lib/armv6k/fpu/libg.a(libc_a-wctomb_r.o)
                0x0010fe18                __utf8_wctomb
 .text.memcpy   0x0010ff08      0x11c /opt/devkitpro/devkitARM/bin/../lib/gcc/arm-none-eabi/13.2.0/../../../../arm-none-eabi/lib/armv6k/fpu/libg.a(libc_a-memcpy-stub.o)
                0x0010ff08                memcpy
 .text.__libc_init_array
                0x00110024       0x84 /opt/devkitpro/devkitARM/bin/../lib/gcc/arm-none-eabi/13.2.0/../../../../arm-none-eabi/lib/armv6k/fpu/libg.a(libc_a-init.o)
                0x00110024                __libc_init_array
 .text.__libc_fini_array
                0x001100a8       0x3c /opt/devkitpro/devkitARM/bin/../lib/gcc/arm-none-eabi/13.2.0/../../../../arm-none-eabi/lib/armv6k/fpu/libg.a(libc_a-fini.o)
                0x001100a8                __libc_fini_array
 .text.__errno  0x001100e4        0xc /opt/devkitpro/devkitARM/bin/../lib/gcc/arm-none-eabi/13.2.0/../../../../arm-none-eabi/lib/armv6k/fpu/libg.a(libc_a-errno.o)
                0x001100e4                __errno
 .text.frexp    0x001100f0       0x88 /opt/devkitpro/devkitARM/bin/../lib/gcc/arm-none-eabi/13.2.0/../../../../arm-none-eabi/lib/armv6k/fpu/libg.a(libm_a-s_frexp.o)
                0x001100f0                frexp
 .text.__smakebuf_r
                0x00110178      0x12c /opt/devkitpro/devkitARM/bin/../lib/gcc/arm-none-eabi/13.2.0/../../../../arm-none-eabi/lib/armv6k/fpu/libg.a(libc_a-makebuf.o)
                0x00110178                __smakebuf_r
 .text.__swhatbuf_r
                0x001102a4       0x8c /opt/devkitpro/devkitARM/bin/../lib/gcc/arm-none-eabi/13.2.0/../../../../arm-none-eabi/lib/armv6k/fpu/libg.a(libc_a-makebuf.o)
                0x001102a4                __swhatbuf_r
 .text._wcrtomb_r
                0x00110330       0xa0 /opt/devkitpro/devkitARM/bin/../lib/gcc/arm-none-eabi/13.2.0/../../../../arm-none-eabi/lib/armv6k/fpu/libg.a(libc_a-wcrtomb.o)
                0x00110330                _wcrtomb_r
 .text._wcsrtombs_r
                0x001103d0       0x28 /opt/devkitpro/devkitARM/bin/../lib/gcc/arm-none-eabi/13.2.0/../../../../arm-none-eabi/lib/armv6k/fpu/libg.a(libc_a-wcsrtombs.o)
                0x001103d0                _wcsrtombs_r
 .text.__sread  0x001103f8       0x44 /opt/devkitpro/devkitARM/bin/../lib/gcc/arm-none-eabi/13.2.0/../../../../arm-none-eabi/lib/armv6k/fpu/libg.a(libc_a-stdio.o)
                0x001103f8                __sread
 .text.__swrite
                0x0011043c       0x68 /opt/devkitpro/devkitARM/bin/../lib/gcc/arm-none-eabi/13.2.0/../../../../arm-none-eabi/lib/armv6k/fpu/libg.a(libc_a-stdio.o)
                0x0011043c                __swrite
 .text.__sseek  0x001104a4       0x44 /opt/devkitpro/devkitARM/bin/../lib/gcc/arm-none-eabi/13.2.0/../../../../arm-none-eabi/lib/armv6k/fpu/libg.a(libc_a-stdio.o)
                0x001104a4                __sseek
 .text.__sclose
                0x001104e8        0x8 /opt/devkitpro/devkitARM/bin/../lib/gcc/arm-none-eabi/13.2.0/../../../../arm-none-eabi/lib/armv6k/fpu/libg.a(libc_a-stdio.o)
                0x001104e8                __sclose
 .text.get_arg  0x001104f0      0x64c /opt/devkitpro/devkitARM/bin/../lib/gcc/arm-none-eabi/13.2.0/../../../../arm-none-eabi/lib/armv6k/fpu/libg.a(libc_a-vfiprintf.o)
 .text.__sprint_r
                0x00110b3c       0x30 /opt/devkitpro/devkitARM/bin/../lib/gcc/arm-none-eabi/13.2.0/../../../../arm-none-eabi/lib/armv6k/fpu/libg.a(libc_a-vfiprintf.o)
                0x00110b3c                __sprint_r
 .text._vfiprintf_r
                0x00110b6c     0x2304 /opt/devkitpro/devkitARM/bin/../lib/gcc/arm-none-eabi/13.2.0/../../../../arm-none-eabi/lib/armv6k/fpu/libg.a(libc_a-vfiprintf.o)
                0x00110b6c                _vfiprintf_r
 .text.__sbprintf
                0x00112e70       0xb8 /opt/devkitpro/devkitARM/bin/../lib/gcc/arm-none-eabi/13.2.0/../../../../arm-none-eabi/lib/armv6k/fpu/libg.a(libc_a-vfiprintf.o)
 .text.__swsetup_r
                0x00112f28      0x138 /opt/devkitpro/devkitARM/bin/../lib/gcc/arm-none-eabi/13.2.0/../../../../arm-none-eabi/lib/armv6k/fpu/libg.a(libc_a-wsetup.o)
                0x00112f28                __swsetup_r
 .text.quorem   0x00113060      0x1b4 /opt/devkitpro/devkitARM/bin/../lib/gcc/arm-none-eabi/13.2.0/../../../../arm-none-eabi/lib/armv6k/fpu/libg.a(libc_a-dtoa.o)
 *fill*         0x00113214        0x4 
 .text._dtoa_r  0x00113218     0x1218 /opt/devkitpro/devkitARM/bin/../lib/gcc/arm-none-eabi/13.2.0/../../../../arm-none-eabi/lib/armv6k/fpu/libg.a(libc_a-dtoa.o)
                0x00113218                _dtoa_r
 .text.strchr   0x00114430      0x130 /opt/devkitpro/devkitARM/bin/../lib/gcc/arm-none-eabi/13.2.0/../../../../arm-none-eabi/lib/armv6k/fpu/libg.a(libc_a-strchr.o)
                0x00114430                strchr
 .text._fclose_r
                0x00114560      0x148 /opt/devkitpro/devkitARM/bin/../lib/gcc/arm-none-eabi/13.2.0/../../../../arm-none-eabi/lib/armv6k/fpu/libg.a(libc_a-fclose.o)
                0x00114560                _fclose_r
 .text.memmove  0x001146a8      0x150 /opt/devkitpro/devkitARM/bin/../lib/gcc/arm-none-eabi/13.2.0/../../../../arm-none-eabi/lib/armv6k/fpu/libg.a(libc_a-memmove.o)
                0x001146a8                memmove
 .text._Balloc  0x001147f8       0x88 /opt/devkitpro/devkitARM/bin/../lib/gcc/arm-none-eabi/13.2.0/../../../../arm-none-eabi/lib/armv6k/fpu/libg.a(libc_a-mprec.o)
                0x001147f8                _Balloc
 .text._Bfree   0x00114880       0x1c /opt/devkitpro/devkitARM/bin/../lib/gcc/arm-none-eabi/13.2.0/../../../../arm-none-eabi/lib/armv6k/fpu/libg.a(libc_a-mprec.o)
                0x00114880                _Bfree
 .text.__multadd
                0x0011489c       0xf4 /opt/devkitpro/devkitARM/bin/../lib/gcc/arm-none-eabi/13.2.0/../../../../arm-none-eabi/lib/armv6k/fpu/libg.a(libc_a-mprec.o)
                0x0011489c                __multadd
 .text.__hi0bits
                0x00114990       0x60 /opt/devkitpro/devkitARM/bin/../lib/gcc/arm-none-eabi/13.2.0/../../../../arm-none-eabi/lib/armv6k/fpu/libg.a(libc_a-mprec.o)
                0x00114990                __hi0bits
 .text.__lo0bits
                0x001149f0       0x9c /opt/devkitpro/devkitARM/bin/../lib/gcc/arm-none-eabi/13.2.0/../../../../arm-none-eabi/lib/armv6k/fpu/libg.a(libc_a-mprec.o)
                0x001149f0                __lo0bits
 .text.__i2b    0x00114a8c       0xa4 /opt/devkitpro/devkitARM/bin/../lib/gcc/arm-none-eabi/13.2.0/../../../../arm-none-eabi/lib/armv6k/fpu/libg.a(libc_a-mprec.o)
                0x00114a8c                __i2b
 .text.__multiply
                0x00114b30      0x204 /opt/devkitpro/devkitARM/bin/../lib/gcc/arm-none-eabi/13.2.0/../../../../arm-none-eabi/lib/armv6k/fpu/libg.a(libc_a-mprec.o)
                0x00114b30                __multiply
 .text.__pow5mult
                0x00114d34      0x128 /opt/devkitpro/devkitARM/bin/../lib/gcc/arm-none-eabi/13.2.0/../../../../arm-none-eabi/lib/armv6k/fpu/libg.a(libc_a-mprec.o)
                0x00114d34                __pow5mult
 .text.__lshift
                0x00114e5c      0x140 /opt/devkitpro/devkitARM/bin/../lib/gcc/arm-none-eabi/13.2.0/../../../../arm-none-eabi/lib/armv6k/fpu/libg.a(libc_a-mprec.o)
                0x00114e5c                __lshift
 .text.__mcmp   0x00114f9c       0x58 /opt/devkitpro/devkitARM/bin/../lib/gcc/arm-none-eabi/13.2.0/../../../../arm-none-eabi/lib/armv6k/fpu/libg.a(libc_a-mprec.o)
                0x00114f9c                __mcmp
 .text.__mdiff  0x00114ff4      0x1fc /opt/devkitpro/devkitARM/bin/../lib/gcc/arm-none-eabi/13.2.0/../../../../arm-none-eabi/lib/armv6k/fpu/libg.a(libc_a-mprec.o)
                0x00114ff4                __mdiff
 .text.__d2b    0x001151f0      0x124 /opt/devkitpro/devkitARM/bin/../lib/gcc/arm-none-eabi/13.2.0/../../../../arm-none-eabi/lib/armv6k/fpu/libg.a(libc_a-mprec.o)
                0x001151f0                __d2b
 .text.__sfvwrite_r
                0x00115314      0x4b4 /opt/devkitpro/devkitARM/bin/../lib/gcc/arm-none-eabi/13.2.0/../../../../arm-none-eabi/lib/armv6k/fpu/libg.a(libc_a-fvwrite.o)
                0x00115314                __sfvwrite_r
 .text._realloc_r
                0x001157c8      0x4a0 /opt/devkitpro/devkitARM/bin/../lib/gcc/arm-none-eabi/13.2.0/../../../../arm-none-eabi/lib/armv6k/fpu/libg.a(libc_a-reallocr.o)
                0x001157c8                _realloc_r
 .text.__utf8_mbtowc
                0x00115c68      0x2f8 /opt/devkitpro/devkitARM/bin/../lib/gcc/arm-none-eabi/13.2.0/../../../../arm-none-eabi/lib/armv6k/fpu/libg.a(libc_a-mbtowc_r.o)
                0x00115c68                __utf8_mbtowc
 .text._wcsnrtombs_l
                0x00115f60      0x188 /opt/devkitpro/devkitARM/bin/../lib/gcc/arm-none-eabi/13.2.0/../../../../arm-none-eabi/lib/armv6k/fpu/libg.a(libc_a-wcsnrtombs.o)
                0x00115f60                _wcsnrtombs_l
 .text._wcsnrtombs_r
                0x001160e8       0x64 /opt/devkitpro/devkitARM/bin/../lib/gcc/arm-none-eabi/13.2.0/../../../../arm-none-eabi/lib/armv6k/fpu/libg.a(libc_a-wcsnrtombs.o)
                0x001160e8                _wcsnrtombs_r
 .text._calloc_r
                0x0011614c       0xc0 /opt/devkitpro/devkitARM/bin/../lib/gcc/arm-none-eabi/13.2.0/../../../../arm-none-eabi/lib/armv6k/fpu/libg.a(libc_a-callocr.o)
                0x0011614c                _calloc_r
 .text.__assert_func
                0x0011620c       0x5c /opt/devkitpro/devkitARM/bin/../lib/gcc/arm-none-eabi/13.2.0/../../../../arm-none-eabi/lib/armv6k/fpu/libg.a(libc_a-assert.o)
                0x0011620c                __assert_func
 .text.fiprintf
                0x00116268       0x3c /opt/devkitpro/devkitARM/bin/../lib/gcc/arm-none-eabi/13.2.0/../../../../arm-none-eabi/lib/armv6k/fpu/libg.a(libc_a-fiprintf.o)
                0x00116268                fiprintf
 .text.abort    0x001162a4       0x14 /opt/devkitpro/devkitARM/bin/../lib/gcc/arm-none-eabi/13.2.0/../../../../arm-none-eabi/lib/armv6k/fpu/libg.a(libc_a-abort.o)
                0x001162a4                abort
 .text._raise_r
                0x001162b8       0x90 /opt/devkitpro/devkitARM/bin/../lib/gcc/arm-none-eabi/13.2.0/../../../../arm-none-eabi/lib/armv6k/fpu/libg.a(libc_a-signal.o)
                0x001162b8                _raise_r
 .text.raise    0x00116348       0x18 /opt/devkitpro/devkitARM/bin/../lib/gcc/arm-none-eabi/13.2.0/../../../../arm-none-eabi/lib/armv6k/fpu/libg.a(libc_a-signal.o)
                0x00116348                raise
 .text._exit    0x00116360       0x20 /opt/devkitpro/devkitARM/bin/../lib/gcc/arm-none-eabi/13.2.0/../../../../arm-none-eabi/lib/armv6k/fpu/libsysbase.a(libsysbase_libsysbase_a-_exit.o)
                0x00116360                _exit
 .text.chdir    0x00116380      0x13c /opt/devkitpro/devkitARM/bin/../lib/gcc/arm-none-eabi/13.2.0/../../../../arm-none-eabi/lib/armv6k/fpu/libsysbase.a(libsysbase_libsysbase_a-chdir.o)
                0x00116380                chdir
 .text._concatenate_path
                0x001164bc      0x1cc /opt/devkitpro/devkitARM/bin/../lib/gcc/arm-none-eabi/13.2.0/../../../../arm-none-eabi/lib/armv6k/fpu/libsysbase.a(libsysbase_libsysbase_a-concatenate.o)
                0x001164bc                _concatenate_path
 .text._fstat_r
                0x00116688       0x78 /opt/devkitpro/devkitARM/bin/../lib/gcc/arm-none-eabi/13.2.0/../../../../arm-none-eabi/lib/armv6k/fpu/libsysbase.a(libsysbase_libsysbase_a-fstat.o)
                0x00116688                _fstat_r
 .text._getpid_r
                0x00116700       0x14 /opt/devkitpro/devkitARM/bin/../lib/gcc/arm-none-eabi/13.2.0/../../../../arm-none-eabi/lib/armv6k/fpu/libsysbase.a(libsysbase_libsysbase_a-getpid.o)
                0x00116700                _getpid_r
 .text.__getreent
                0x00116714       0x2c /opt/devkitpro/devkitARM/bin/../lib/gcc/arm-none-eabi/13.2.0/../../../../arm-none-eabi/lib/armv6k/fpu/libsysbase.a(libsysbase_libsysbase_a-getreent.o)
                0x00116714                __getreent
 .text.__get_handle
                0x00116740       0x3c /opt/devkitpro/devkitARM/bin/../lib/gcc/arm-none-eabi/13.2.0/../../../../arm-none-eabi/lib/armv6k/fpu/libsysbase.a(libsysbase_libsysbase_a-handle_manager.o)
                0x00116740                __get_handle
 .text._close_r
                0x0011677c       0xf4 /opt/devkitpro/devkitARM/bin/../lib/gcc/arm-none-eabi/13.2.0/../../../../arm-none-eabi/lib/armv6k/fpu/libsysbase.a(libsysbase_libsysbase_a-handle_manager.o)
                0x0011677c                _close_r
 .text.null_write
                0x00116870        0x8 /opt/devkitpro/devkitARM/bin/../lib/gcc/arm-none-eabi/13.2.0/../../../../arm-none-eabi/lib/armv6k/fpu/libsysbase.a(libsysbase_libsysbase_a-iosupport.o)
 .text.setDefaultDevice
                0x00116878       0x18 /opt/devkitpro/devkitARM/bin/../lib/gcc/arm-none-eabi/13.2.0/../../../../arm-none-eabi/lib/armv6k/fpu/libsysbase.a(libsysbase_libsysbase_a-iosupport.o)
                0x00116878                setDefaultDevice
 .text.FindDevice
                0x00116890       0xc8 /opt/devkitpro/devkitARM/bin/../lib/gcc/arm-none-eabi/13.2.0/../../../../arm-none-eabi/lib/armv6k/fpu/libsysbase.a(libsysbase_libsysbase_a-iosupport.o)
                0x00116890                FindDevice
 .text.RemoveDevice
                0x00116958       0x28 /opt/devkitpro/devkitARM/bin/../lib/gcc/arm-none-eabi/13.2.0/../../../../arm-none-eabi/lib/armv6k/fpu/libsysbase.a(libsysbase_libsysbase_a-iosupport.o)
                0x00116958                RemoveDevice
 .text.AddDevice
                0x00116980       0x9c /opt/devkitpro/devkitARM/bin/../lib/gcc/arm-none-eabi/13.2.0/../../../../arm-none-eabi/lib/armv6k/fpu/libsysbase.a(libsysbase_libsysbase_a-iosupport.o)
                0x00116980                AddDevice
 .text.GetDeviceOpTab
                0x00116a1c       0x20 /opt/devkitpro/devkitARM/bin/../lib/gcc/arm-none-eabi/13.2.0/../../../../arm-none-eabi/lib/armv6k/fpu/libsysbase.a(libsysbase_libsysbase_a-iosupport.o)
                0x00116a1c                GetDeviceOpTab
 .text._isatty_r
                0x00116a3c        0x8 /opt/devkitpro/devkitARM/bin/../lib/gcc/arm-none-eabi/13.2.0/../../../../arm-none-eabi/lib/armv6k/fpu/libsysbase.a(libsysbase_libsysbase_a-isatty.o)
                0x00116a3c                _isatty_r
 .text._kill_r  0x00116a44       0x14 /opt/devkitpro/devkitARM/bin/../lib/gcc/arm-none-eabi/13.2.0/../../../../arm-none-eabi/lib/armv6k/fpu/libsysbase.a(libsysbase_libsysbase_a-kill.o)
                0x00116a44                _kill_r
 .text._lseek_r
                0x00116a58       0x84 /opt/devkitpro/devkitARM/bin/../lib/gcc/arm-none-eabi/13.2.0/../../../../arm-none-eabi/lib/armv6k/fpu/libsysbase.a(libsysbase_libsysbase_a-lseek.o)
                0x00116a58                _lseek_r
 .text._read_r  0x00116adc       0x80 /opt/devkitpro/devkitARM/bin/../lib/gcc/arm-none-eabi/13.2.0/../../../../arm-none-eabi/lib/armv6k/fpu/libsysbase.a(libsysbase_libsysbase_a-read.o)
                0x00116adc                _read_r
 .text._sbrk_r  0x00116b5c       0x78 /opt/devkitpro/devkitARM/bin/../lib/gcc/arm-none-eabi/13.2.0/../../../../arm-none-eabi/lib/armv6k/fpu/libsysbase.a(libsysbase_libsysbase_a-sbrk.o)
                0x00116b5c                _sbrk_r
 .text.__libc_lock_acquire
                0x00116bd4       0x1c /opt/devkitpro/devkitARM/bin/../lib/gcc/arm-none-eabi/13.2.0/../../../../arm-none-eabi/lib/armv6k/fpu/libsysbase.a(libsysbase_libsysbase_a-syscall_support.o)
                0x00116bd4                __libc_lock_acquire
 .text.__libc_lock_release
                0x00116bf0       0x1c /opt/devkitpro/devkitARM/bin/../lib/gcc/arm-none-eabi/13.2.0/../../../../arm-none-eabi/lib/armv6k/fpu/libsysbase.a(libsysbase_libsysbase_a-syscall_support.o)
                0x00116bf0                __libc_lock_release
 .text.__libc_lock_acquire_recursive
                0x00116c0c       0x1c /opt/devkitpro/devkitARM/bin/../lib/gcc/arm-none-eabi/13.2.0/../../../../arm-none-eabi/lib/armv6k/fpu/libsysbase.a(libsysbase_libsysbase_a-syscall_support.o)
                0x00116c0c                __libc_lock_acquire_recursive
 .text.__libc_lock_release_recursive
                0x00116c28       0x1c /opt/devkitpro/devkitARM/bin/../lib/gcc/arm-none-eabi/13.2.0/../../../../arm-none-eabi/lib/armv6k/fpu/libsysbase.a(libsysbase_libsysbase_a-syscall_support.o)
                0x00116c28                __libc_lock_release_recursive
 .text._write_r
                0x00116c44       0x80 /opt/devkitpro/devkitARM/bin/../lib/gcc/arm-none-eabi/13.2.0/../../../../arm-none-eabi/lib/armv6k/fpu/libsysbase.a(libsysbase_libsysbase_a-write.o)
                0x00116c44                _write_r
 .text.strrchr  0x00116cc4       0x48 /opt/devkitpro/devkitARM/bin/../lib/gcc/arm-none-eabi/13.2.0/../../../../arm-none-eabi/lib/armv6k/fpu/libg.a(libc_a-strrchr.o)
                0x00116cc4                strrchr
 *(.glue_7)
 .glue_7        0x00116d0c        0x0 linker stubs
 *(.glue_7t)
 .glue_7t       0x00116d0c        0x0 linker stubs
 *(.stub)
 *(.gnu.warning)
 *(.gnu.linkonce.t*)
                0x00116d0c                        . = ALIGN (0x4)
 *(.fini)
 .fini          0x00116d0c        0xc /opt/devkitpro/devkitARM/bin/../lib/gcc/arm-none-eabi/13.2.0/armv6k/fpu/crti.o
                0x00116d0c                _fini
 .fini          0x00116d18        0xc /opt/devkitpro/devkitARM/bin/../lib/gcc/arm-none-eabi/13.2.0/armv6k/fpu/crtn.o
                0x00116d24                        . = ALIGN (0x4)

.vfp11_veneer   0x00116d24        0x0
 .vfp11_veneer  0x00116d24        0x0 linker stubs

.v4_bx          0x00116d24        0x0
 .v4_bx         0x00116d24        0x0 linker stubs

.iplt           0x00116d24        0x0
 .iplt          0x00116d24        0x0 /opt/devkitpro/devkitARM/bin/../lib/gcc/arm-none-eabi/13.2.0/../../../../arm-none-eabi/lib/armv6k/fpu/3dsx_crt0.o
                0x00117000                        . = ALIGN (0x1000)

.rodata         0x00117000     0x108c
 *(.rodata)
 .rodata        0x00117000        0xc /opt/devkitpro/libctru/lib/libctru.a(archive_dev.o)
 *(.roda)
 *(.rodata.*)
 .rodata.str1.4
                0x0011700c      0x20b main.o
                                 0x35 (size before relaxing)
 .rodata.str1.4
                0x00117217       0x10 /opt/devkitpro/libctru/lib/libctru.a(console.o)
 *fill*         0x00117217        0x1 
 .rodata.dotab_stdout
                0x00117218       0x80 /opt/devkitpro/libctru/lib/libctru.a(console.o)
 .rodata.grayScale
                0x00117298       0x18 /opt/devkitpro/libctru/lib/libctru.a(console.o)
 .rodata.colorCube
                0x001172b0        0x6 /opt/devkitpro/libctru/lib/libctru.a(console.o)
 *fill*         0x001172b6        0x2 
 .rodata.colorTable
                0x001172b8       0x30 /opt/devkitpro/libctru/lib/libctru.a(console.o)
 .rodata.aptSendCommand.str1.4
                0x001172e8       0x16 /opt/devkitpro/libctru/lib/libctru.a(apt.o)
 .rodata.morton_y.2
                0x001172e8        0x8 /opt/devkitpro/libctru/lib/libctru.a(apt.o)
 .rodata.morton_x.3
                0x001172f0        0x8 /opt/devkitpro/libctru/lib/libctru.a(apt.o)
 .rodata.s_sleepWakeEvents.4
                0x001172f8        0x8 /opt/devkitpro/libctru/lib/libctru.a(apt.o)
 .rodata.gspInit.str1.4
                0x00117300        0x9 /opt/devkitpro/libctru/lib/libctru.a(gspgpu.o)
 .rodata.hidInit.str1.4
                0x00117300       0x15 /opt/devkitpro/libctru/lib/libctru.a(hid.o)
 .rodata.irrstInit.str1.4
                0x00117300        0x7 /opt/devkitpro/libctru/lib/libctru.a(irrst.o)
 .rodata.__system_initArgv.str1.4
                0x00117300        0xa /opt/devkitpro/libctru/lib/libctru.a(initArgv.o)
 .rodata.default_font_bin
                0x00117300      0x800 /opt/devkitpro/libctru/lib/libctru.a(default_font.bin.o)
                0x00117300                default_font_bin
                0x00117b00                default_font_bin_end
 .rodata.srvInit.str1.4
                0x00117b00        0x5 /opt/devkitpro/libctru/lib/libctru.a(srv.o)
 .rodata.ptmSysmInit.str1.4
                0x00117b00        0x9 /opt/devkitpro/libctru/lib/libctru.a(ptmsysm.o)
 .rodata.archive_utf16path.str1.4
                0x00117b00        0x2 /opt/devkitpro/libctru/lib/libctru.a(archive_dev.o)
 .rodata._archiveUnmountDeviceStruct.part.0.str1.4
                0x00117b00        0x2 /opt/devkitpro/libctru/lib/libctru.a(archive_dev.o)
 .rodata._archiveMountDevice.str1.4
                0x00117b00        0xc /opt/devkitpro/libctru/lib/libctru.a(archive_dev.o)
 .rodata.archiveMountSdmc.str1.4
                0x00117b00        0x5 /opt/devkitpro/libctru/lib/libctru.a(archive_dev.o)
 .rodata.error_table
                0x00117b00       0x30 /opt/devkitpro/libctru/lib/libctru.a(archive_dev.o)
 .rodata.str1.4
                0x00117b30        0x8 /opt/devkitpro/libctru/lib/libctru.a(archive_dev.o)
 .rodata.archive_devoptab
                0x00117b30       0x80 /opt/devkitpro/libctru/lib/libctru.a(archive_dev.o)
 .rodata.fsInit.str1.4
                0x00117bb0        0x8 /opt/devkitpro/libctru/lib/libctru.a(fs.o)
 .rodata._vfprintf_r.str1.1
                0x00117bb0       0x3b /opt/devkitpro/devkitARM/bin/../lib/gcc/arm-none-eabi/13.2.0/../../../../arm-none-eabi/lib/armv6k/fpu/libg.a(libc_a-vfprintf.o)
 *fill*         0x00117beb        0x1 
 .rodata.zeroes.0
                0x00117bec       0x10 /opt/devkitpro/devkitARM/bin/../lib/gcc/arm-none-eabi/13.2.0/../../../../arm-none-eabi/lib/armv6k/fpu/libg.a(libc_a-vfprintf.o)
 .rodata.blanks.1
                0x00117bfc       0x10 /opt/devkitpro/devkitARM/bin/../lib/gcc/arm-none-eabi/13.2.0/../../../../arm-none-eabi/lib/armv6k/fpu/libg.a(libc_a-vfprintf.o)
 .rodata.str1.4
                0x00117c0c       0x4c /opt/devkitpro/devkitARM/bin/../lib/gcc/arm-none-eabi/13.2.0/../../../../arm-none-eabi/lib/armv6k/fpu/libg.a(libc_a-locale.o)
 .rodata._ctype_
                0x00117c0c      0x101 /opt/devkitpro/devkitARM/bin/../lib/gcc/arm-none-eabi/13.2.0/../../../../arm-none-eabi/lib/armv6k/fpu/libg.a(libc_a-ctype_.o)
                0x00117c0c                _ctype_
 .rodata._vfiprintf_r.str1.1
                0x00117d0d       0x29 /opt/devkitpro/devkitARM/bin/../lib/gcc/arm-none-eabi/13.2.0/../../../../arm-none-eabi/lib/armv6k/fpu/libg.a(libc_a-vfiprintf.o)
 *fill*         0x00117d0d        0x3 
 .rodata.zeroes.0
                0x00117d10       0x10 /opt/devkitpro/devkitARM/bin/../lib/gcc/arm-none-eabi/13.2.0/../../../../arm-none-eabi/lib/armv6k/fpu/libg.a(libc_a-vfiprintf.o)
 .rodata.blanks.1
                0x00117d20       0x10 /opt/devkitpro/devkitARM/bin/../lib/gcc/arm-none-eabi/13.2.0/../../../../arm-none-eabi/lib/armv6k/fpu/libg.a(libc_a-vfiprintf.o)
 .rodata.__action_table
                0x00117d30       0x6c /opt/devkitpro/devkitARM/bin/../lib/gcc/arm-none-eabi/13.2.0/../../../../arm-none-eabi/lib/armv6k/fpu/libg.a(libc_a-svfiprintf.o)
                0x00117d30                __action_table
 .rodata.__state_table
                0x00117d9c       0x6c /opt/devkitpro/devkitARM/bin/../lib/gcc/arm-none-eabi/13.2.0/../../../../arm-none-eabi/lib/armv6k/fpu/libg.a(libc_a-svfiprintf.o)
                0x00117d9c                __state_table
 .rodata.__chclass
                0x00117e08      0x100 /opt/devkitpro/devkitARM/bin/../lib/gcc/arm-none-eabi/13.2.0/../../../../arm-none-eabi/lib/armv6k/fpu/libg.a(libc_a-svfiprintf.o)
                0x00117e08                __chclass
 .rodata._dtoa_r.str1.4
                0x00117f08       0x6a /opt/devkitpro/devkitARM/bin/../lib/gcc/arm-none-eabi/13.2.0/../../../../arm-none-eabi/lib/armv6k/fpu/libg.a(libc_a-dtoa.o)
 .rodata.__multadd.str1.4
                0x00117f08       0x57 /opt/devkitpro/devkitARM/bin/../lib/gcc/arm-none-eabi/13.2.0/../../../../arm-none-eabi/lib/armv6k/fpu/libg.a(libc_a-mprec.o)
 .rodata.p05.0  0x00117f08        0xc /opt/devkitpro/devkitARM/bin/../lib/gcc/arm-none-eabi/13.2.0/../../../../arm-none-eabi/lib/armv6k/fpu/libg.a(libc_a-mprec.o)
 *fill*         0x00117f14        0x4 
 .rodata.__mprec_bigtens
                0x00117f18       0x28 /opt/devkitpro/devkitARM/bin/../lib/gcc/arm-none-eabi/13.2.0/../../../../arm-none-eabi/lib/armv6k/fpu/libg.a(libc_a-mprec.o)
                0x00117f18                __mprec_bigtens
 .rodata.__mprec_tens
                0x00117f40       0xc8 /opt/devkitpro/devkitARM/bin/../lib/gcc/arm-none-eabi/13.2.0/../../../../arm-none-eabi/lib/armv6k/fpu/libg.a(libc_a-mprec.o)
                0x00117f40                __mprec_tens
 .rodata.__assert_func.str1.4
                0x00118008       0x43 /opt/devkitpro/devkitARM/bin/../lib/gcc/arm-none-eabi/13.2.0/../../../../arm-none-eabi/lib/armv6k/fpu/libg.a(libc_a-assert.o)
 .rodata.AddDevice.str1.4
                0x00118008        0x8 /opt/devkitpro/devkitARM/bin/../lib/gcc/arm-none-eabi/13.2.0/../../../../arm-none-eabi/lib/armv6k/fpu/libsysbase.a(libsysbase_libsysbase_a-iosupport.o)
 .rodata.dotab_stdnull
                0x00118008       0x80 /opt/devkitpro/devkitARM/bin/../lib/gcc/arm-none-eabi/13.2.0/../../../../arm-none-eabi/lib/armv6k/fpu/libsysbase.a(libsysbase_libsysbase_a-iosupport.o)
                0x00118008                dotab_stdnull
 *all.rodata*(*)
 *(.gnu.linkonce.r*)
                0x00118088                        . = ALIGN (0x4)
                0x00118088                        __tdata_align = .
                0x00118088        0x4 LONG 0x4 ALIGNOF (.tdata)
                0x0011808c                        . = ALIGN (0x4)

.eh_frame       0x0011808c        0x0
 .eh_frame      0x0011808c        0x0 /opt/devkitpro/devkitARM/bin/../lib/gcc/arm-none-eabi/13.2.0/armv6k/fpu/crtbegin.o

.rel.dyn        0x0011808c        0x0
 .rel.iplt      0x0011808c        0x0 /opt/devkitpro/devkitARM/bin/../lib/gcc/arm-none-eabi/13.2.0/../../../../arm-none-eabi/lib/armv6k/fpu/3dsx_crt0.o
 .rel.got       0x0011808c        0x0 /opt/devkitpro/devkitARM/bin/../lib/gcc/arm-none-eabi/13.2.0/../../../../arm-none-eabi/lib/armv6k/fpu/3dsx_crt0.o

.ARM.extab
 *(.ARM.extab* .gnu.linkonce.armextab.*)
                0x0011808c                        __exidx_start = .

.ARM.exidx
 *(.ARM.exidx* .gnu.linkonce.armexidx.*)
                0x0011808c                        __exidx_end = .
                0x00119000                        . = ALIGN (0x1000)

.data           0x00119000     0x1bcc
 *(.data)
 *(.data.*)
 .data.firstConsoleInit.0
                0x00119000        0x1 /opt/devkitpro/libctru/lib/libctru.a(console.o)
 *fill*         0x00119001        0x3 
 .data.currentConsole
                0x00119004        0x4 /opt/devkitpro/libctru/lib/libctru.a(console.o)
                0x00119004                currentConsole
 .data.defaultConsole
                0x00119008       0x48 /opt/devkitpro/libctru/lib/libctru.a(console.o)
                0x00119008                defaultConsole
 .data.aptChainloadDeliverArgSize
                0x00119050        0x4 /opt/devkitpro/libctru/lib/libctru.a(apt.o)
 .data.kCount   0x00119054        0x4 /opt/devkitpro/libctru/lib/libctru.a(hid.o)
 .data.kInterval
                0x00119058        0x4 /opt/devkitpro/libctru/lib/libctru.a(hid.o)
 .data.kDelay   0x0011905c        0x4 /opt/devkitpro/libctru/lib/libctru.a(hid.o)
 .data.__stacksize__
                0x00119060        0x4 /opt/devkitpro/libctru/lib/libctru.a(stack_adjust.o)
                0x00119060                __stacksize__
 .data.__malloc_sbrk_base
                0x00119064        0x4 /opt/devkitpro/devkitARM/bin/../lib/gcc/arm-none-eabi/13.2.0/../../../../arm-none-eabi/lib/armv6k/fpu/libg.a(libc_a-mallocr.o)
                0x00119064                __malloc_sbrk_base
 .data.__malloc_trim_threshold
                0x00119068        0x4 /opt/devkitpro/devkitARM/bin/../lib/gcc/arm-none-eabi/13.2.0/../../../../arm-none-eabi/lib/armv6k/fpu/libg.a(libc_a-mallocr.o)
                0x00119068                __malloc_trim_threshold
 *fill*         0x0011906c        0x4 
 .data.__malloc_av_
                0x00119070      0x408 /opt/devkitpro/devkitARM/bin/../lib/gcc/arm-none-eabi/13.2.0/../../../../arm-none-eabi/lib/armv6k/fpu/libg.a(libc_a-mallocr.o)
                0x00119070                __malloc_av_
 .data.__sglue  0x00119478        0xc /opt/devkitpro/devkitARM/bin/../lib/gcc/arm-none-eabi/13.2.0/../../../../arm-none-eabi/lib/armv6k/fpu/libg.a(libc_a-findfp.o)
                0x00119478                __sglue
 .data.__global_locale
                0x00119484      0x16c /opt/devkitpro/devkitARM/bin/../lib/gcc/arm-none-eabi/13.2.0/../../../../arm-none-eabi/lib/armv6k/fpu/libg.a(libc_a-locale.o)
                0x00119484                __global_locale
 .data._impure_ptr
                0x001195f0        0x4 /opt/devkitpro/devkitARM/bin/../lib/gcc/arm-none-eabi/13.2.0/../../../../arm-none-eabi/lib/armv6k/fpu/libg.a(libc_a-impure.o)
                0x001195f0                _impure_ptr
 *fill*         0x001195f4        0x4 
 .data._impure_data
                0x001195f8      0x120 /opt/devkitpro/devkitARM/bin/../lib/gcc/arm-none-eabi/13.2.0/../../../../arm-none-eabi/lib/armv6k/fpu/libg.a(libc_a-impure.o)
                0x001195f8                _impure_data
 .data._current_working_directory
                0x00119718      0x400 /opt/devkitpro/devkitARM/bin/../lib/gcc/arm-none-eabi/13.2.0/../../../../arm-none-eabi/lib/armv6k/fpu/libsysbase.a(libsysbase_libsysbase_a-chdir.o)
 .data.handles  0x00119b18     0x1000 /opt/devkitpro/devkitARM/bin/../lib/gcc/arm-none-eabi/13.2.0/../../../../arm-none-eabi/lib/armv6k/fpu/libsysbase.a(libsysbase_libsysbase_a-handle_manager.o)
 .data.__stderr_handle
                0x0011ab18        0xc /opt/devkitpro/devkitARM/bin/../lib/gcc/arm-none-eabi/13.2.0/../../../../arm-none-eabi/lib/armv6k/fpu/libsysbase.a(libsysbase_libsysbase_a-handle_manager.o)
 .data.__stdout_handle
                0x0011ab24        0xc /opt/devkitpro/devkitARM/bin/../lib/gcc/arm-none-eabi/13.2.0/../../../../arm-none-eabi/lib/armv6k/fpu/libsysbase.a(libsysbase_libsysbase_a-handle_manager.o)
 .data.__stdin_handle
                0x0011ab30        0xc /opt/devkitpro/devkitARM/bin/../lib/gcc/arm-none-eabi/13.2.0/../../../../arm-none-eabi/lib/armv6k/fpu/libsysbase.a(libsysbase_libsysbase_a-handle_manager.o)
 .data.devoptab_list
                0x0011ab3c       0x8c /opt/devkitpro/devkitARM/bin/../lib/gcc/arm-none-eabi/13.2.0/../../../../arm-none-eabi/lib/armv6k/fpu/libsysbase.a(libsysbase_libsysbase_a-iosupport.o)
                0x0011ab3c                devoptab_list
 .data.defaultDevice
                0x0011abc8        0x4 /opt/devkitpro/devkitARM/bin/../lib/gcc/arm-none-eabi/13.2.0/../../../../arm-none-eabi/lib/armv6k/fpu/libsysbase.a(libsysbase_libsysbase_a-iosupport.o)
 *(.gnu.linkonce.d*)
                0x0011abcc                        . = ALIGN (0x4)

.igot.plt       0x0011abcc        0x0
 .igot.plt      0x0011abcc        0x0 /opt/devkitpro/devkitARM/bin/../lib/gcc/arm-none-eabi/13.2.0/../../../../arm-none-eabi/lib/armv6k/fpu/3dsx_crt0.o

.got            0x0011abcc        0x8
 .got           0x0011abcc        0x8 /opt/devkitpro/devkitARM/bin/../lib/gcc/arm-none-eabi/13.2.0/../../../../arm-none-eabi/lib/armv6k/fpu/3dsx_crt0.o

.got.plt        0x0011abd4        0xc
 .got.plt       0x0011abd4        0xc /opt/devkitpro/devkitARM/bin/../lib/gcc/arm-none-eabi/13.2.0/../../../../arm-none-eabi/lib/armv6k/fpu/3dsx_crt0.o
                0x0011abd4                _GLOBAL_OFFSET_TABLE_

.tdata          0x0011abe0        0x0
                0x0011abe0                        __tdata_lma = .
 *(.tdata)
 *(.tdata.*)
 *(.gnu.linkonce.td.*)
                0x0011abe0                        . = ALIGN (0x4)
                0x0011abe0                        __tdata_lma_end = .

.tbss           0x0011abe0      0xc08
 *(.tbss)
 *(.tbss.*)
 .tbss.__ctru_dev_utf16_buf
                0x0011abe0      0x802 /opt/devkitpro/libctru/lib/libctru.a(path_buf.o)
                0x0011abe0                __ctru_dev_utf16_buf
 *fill*         0x0011b3e2        0x2 
 .tbss.__ctru_dev_path_buf
                0x0011b3e4      0x401 /opt/devkitpro/libctru/lib/libctru.a(path_buf.o)
                0x0011b3e4                __ctru_dev_path_buf
 *(.gnu.linkonce.tb.*)
 *(.tcommon)
                0x0011b7e8                        . = ALIGN (0x4)
 *fill*         0x0011b7e5        0x3 

.preinit_array  0x0011abe0        0x0
                0x0011abe0                        PROVIDE (__preinit_array_start = .)
 *(.preinit_array)
                0x0011abe0                        PROVIDE (__preinit_array_end = .)

.init_array     0x0011abe0        0x4
                0x0011abe0                        PROVIDE (__init_array_start = .)
 *(SORT_BY_NAME(.init_array.*))
 *(.init_array)
 .init_array    0x0011abe0        0x4 /opt/devkitpro/devkitARM/bin/../lib/gcc/arm-none-eabi/13.2.0/armv6k/fpu/crtbegin.o
                0x0011abe4                        PROVIDE (__init_array_end = .)

.fini_array     0x0011abe4        0x4
                0x0011abe4                        PROVIDE (__fini_array_start = .)
 *(.fini_array)
 .fini_array    0x0011abe4        0x4 /opt/devkitpro/devkitARM/bin/../lib/gcc/arm-none-eabi/13.2.0/armv6k/fpu/crtbegin.o
 *(SORT_BY_NAME(.fini_array.*))
                0x0011abe8                        PROVIDE (__fini_array_end = .)

.ctors
 *crtbegin.o(.ctors)
 *(EXCLUDE_FILE(*crtend.o) .ctors)
 *(SORT_BY_NAME(.ctors.*))
 *(.ctors)

.dtors
 *crtbegin.o(.dtors)
 *(EXCLUDE_FILE(*crtend.o) .dtors)
 *(SORT_BY_NAME(.dtors.*))
 *(.dtors)
                0x0011abe8                        __bss_start__ = .

.bss            0x0011abe8     0x2de4
 *(.dynbss)
 *(.bss)
 *(.bss.*)
 .bss.completed.1
                0x0011abe8        0x1 /opt/devkitpro/devkitARM/bin/../lib/gcc/arm-none-eabi/13.2.0/armv6k/fpu/crtbegin.o
 *fill*         0x0011abe9        0x3 
 .bss.object.0  0x0011abec       0x18 /opt/devkitpro/devkitARM/bin/../lib/gcc/arm-none-eabi/13.2.0/armv6k/fpu/crtbegin.o
 .bss.escapeSeq
                0x0011ac04       0x1c /opt/devkitpro/libctru/lib/libctru.a(console.o)
 .bss.currentCopy
                0x0011ac20       0x48 /opt/devkitpro/libctru/lib/libctru.a(console.o)
                0x0011ac20                currentCopy
 .bss.screenAlloc
                0x0011ac68        0x4 /opt/devkitpro/libctru/lib/libctru.a(gfx.o)
 .bss.screenFree
                0x0011ac6c        0x4 /opt/devkitpro/libctru/lib/libctru.a(gfx.o)
 .bss.gfxIsDoubleBuf
                0x0011ac70        0x2 /opt/devkitpro/libctru/lib/libctru.a(gfx.o)
 *fill*         0x0011ac72        0x2 
 .bss.gfxCurBuf
                0x0011ac74        0x2 /opt/devkitpro/libctru/lib/libctru.a(gfx.o)
 .bss.gfxIsVram
                0x0011ac76        0x1 /opt/devkitpro/libctru/lib/libctru.a(gfx.o)
 .bss.gfxTopMode
                0x0011ac77        0x1 /opt/devkitpro/libctru/lib/libctru.a(gfx.o)
 .bss.gfxFramebufferFormats
                0x0011ac78        0x2 /opt/devkitpro/libctru/lib/libctru.a(gfx.o)
 *fill*         0x0011ac7a        0x2 
 .bss.gfxBottomFramebufferMaxSize
                0x0011ac7c        0x4 /opt/devkitpro/libctru/lib/libctru.a(gfx.o)
 .bss.gfxTopFramebufferMaxSize
                0x0011ac80        0x4 /opt/devkitpro/libctru/lib/libctru.a(gfx.o)
 *fill*         0x0011ac84        0x4 
 .bss.gfxBottomFramebuffers
                0x0011ac88        0x8 /opt/devkitpro/libctru/lib/libctru.a(gfx.o)
 .bss.gfxTopFramebuffers
                0x0011ac90        0x8 /opt/devkitpro/libctru/lib/libctru.a(gfx.o)
 .bss.flagValue.0
                0x0011ac98        0x1 /opt/devkitpro/libctru/lib/libctru.a(apt.o)
 .bss.flagInit.1
                0x0011ac99        0x1 /opt/devkitpro/libctru/lib/libctru.a(apt.o)
 *fill*         0x0011ac9a        0x2 
 .bss.serviceName.6
                0x0011ac9c        0x4 /opt/devkitpro/libctru/lib/libctru.a(apt.o)
 .bss.aptChainloadFlags
                0x0011aca0        0x1 /opt/devkitpro/libctru/lib/libctru.a(apt.o)
 .bss.aptChainloadMediatype
                0x0011aca1        0x1 /opt/devkitpro/libctru/lib/libctru.a(apt.o)
 *fill*         0x0011aca2        0x2 
 .bss.aptChainloadHmac
                0x0011aca4       0x20 /opt/devkitpro/libctru/lib/libctru.a(apt.o)
 .bss.aptChainloadDeliverArg
                0x0011acc4      0x300 /opt/devkitpro/libctru/lib/libctru.a(apt.o)
 *fill*         0x0011afc4        0x4 
 .bss.aptChainloadTid
                0x0011afc8        0x8 /opt/devkitpro/libctru/lib/libctru.a(apt.o)
 .bss.aptParameters
                0x0011afd0     0x1000 /opt/devkitpro/libctru/lib/libctru.a(apt.o)
 .bss.aptFlags  0x0011bfd0        0x4 /opt/devkitpro/libctru/lib/libctru.a(apt.o)
 .bss.aptHomeButtonState
                0x0011bfd4        0x1 /opt/devkitpro/libctru/lib/libctru.a(apt.o)
 *fill*         0x0011bfd5        0x3 
 .bss.aptMessageFuncData
                0x0011bfd8        0x4 /opt/devkitpro/libctru/lib/libctru.a(apt.o)
 .bss.aptMessageFunc
                0x0011bfdc        0x4 /opt/devkitpro/libctru/lib/libctru.a(apt.o)
 .bss.aptFirstHook
                0x0011bfe0        0xc /opt/devkitpro/libctru/lib/libctru.a(apt.o)
 .bss.aptEventHandlerThreadQuit
                0x0011bfec        0x1 /opt/devkitpro/libctru/lib/libctru.a(apt.o)
 *fill*         0x0011bfed        0x3 
 .bss.aptEventHandlerThread
                0x0011bff0        0x4 /opt/devkitpro/libctru/lib/libctru.a(apt.o)
 .bss.aptSleepEvent
                0x0011bff4        0x8 /opt/devkitpro/libctru/lib/libctru.a(apt.o)
 .bss.aptReceiveEvent
                0x0011bffc        0x8 /opt/devkitpro/libctru/lib/libctru.a(apt.o)
 .bss.aptEvents
                0x0011c004        0x8 /opt/devkitpro/libctru/lib/libctru.a(apt.o)
 .bss.aptLockHandle
                0x0011c00c        0x4 /opt/devkitpro/libctru/lib/libctru.a(apt.o)
 .bss.aptRefCount
                0x0011c010        0x4 /opt/devkitpro/libctru/lib/libctru.a(apt.o)
 .bss.gspEventCbOneShot
                0x0011c014        0x7 /opt/devkitpro/libctru/lib/libctru.a(gspgpu.o)
 *fill*         0x0011c01b        0x1 
 .bss.gspEventCbData
                0x0011c01c       0x1c /opt/devkitpro/libctru/lib/libctru.a(gspgpu.o)
 .bss.gspEventCb
                0x0011c038       0x1c /opt/devkitpro/libctru/lib/libctru.a(gspgpu.o)
 .bss.gspEvents
                0x0011c054       0x38 /opt/devkitpro/libctru/lib/libctru.a(gspgpu.o)
 .bss.gspLastEvent
                0x0011c08c        0x4 /opt/devkitpro/libctru/lib/libctru.a(gspgpu.o)
 .bss.gspRunEvents
                0x0011c090        0x1 /opt/devkitpro/libctru/lib/libctru.a(gspgpu.o)
 *fill*         0x0011c091        0x3 
 .bss.gspEventThread
                0x0011c094        0x4 /opt/devkitpro/libctru/lib/libctru.a(gspgpu.o)
 .bss.gspEvent  0x0011c098        0x4 /opt/devkitpro/libctru/lib/libctru.a(gspgpu.o)
 .bss.gspGpuRight
                0x0011c09c        0x1 /opt/devkitpro/libctru/lib/libctru.a(gspgpu.o)
 .bss.gspThreadId
                0x0011c09d        0x1 /opt/devkitpro/libctru/lib/libctru.a(gspgpu.o)
 *fill*         0x0011c09e        0x2 
 .bss.gspSharedMem
                0x0011c0a0        0x4 /opt/devkitpro/libctru/lib/libctru.a(gspgpu.o)
 .bss.gspSharedMemHandle
                0x0011c0a4        0x4 /opt/devkitpro/libctru/lib/libctru.a(gspgpu.o)
 .bss.gspRefCount
                0x0011c0a8        0x4 /opt/devkitpro/libctru/lib/libctru.a(gspgpu.o)
 .bss.gspGpuHandle
                0x0011c0ac        0x4 /opt/devkitpro/libctru/lib/libctru.a(gspgpu.o)
 .bss.usingIrrst
                0x0011c0b0        0x1 /opt/devkitpro/libctru/lib/libctru.a(hid.o)
 *fill*         0x0011c0b1        0x3 
 .bss.hidRefCount
                0x0011c0b4        0x4 /opt/devkitpro/libctru/lib/libctru.a(hid.o)
 .bss.gRate     0x0011c0b8        0x6 /opt/devkitpro/libctru/lib/libctru.a(hid.o)
 *fill*         0x0011c0be        0x2 
 .bss.aVec      0x0011c0c0        0x6 /opt/devkitpro/libctru/lib/libctru.a(hid.o)
 *fill*         0x0011c0c6        0x2 
 .bss.cPos      0x0011c0c8        0x4 /opt/devkitpro/libctru/lib/libctru.a(hid.o)
 .bss.tPos      0x0011c0cc        0x4 /opt/devkitpro/libctru/lib/libctru.a(hid.o)
 .bss.kRepeat   0x0011c0d0        0x4 /opt/devkitpro/libctru/lib/libctru.a(hid.o)
 .bss.kUp       0x0011c0d4        0x4 /opt/devkitpro/libctru/lib/libctru.a(hid.o)
 .bss.kDown     0x0011c0d8        0x4 /opt/devkitpro/libctru/lib/libctru.a(hid.o)
 .bss.kHeld     0x0011c0dc        0x4 /opt/devkitpro/libctru/lib/libctru.a(hid.o)
 .bss.kOld      0x0011c0e0        0x4 /opt/devkitpro/libctru/lib/libctru.a(hid.o)
 .bss.hidSharedMem
                0x0011c0e4        0x4 /opt/devkitpro/libctru/lib/libctru.a(hid.o)
                0x0011c0e4                hidSharedMem
 .bss.hidEvents
                0x0011c0e8       0x14 /opt/devkitpro/libctru/lib/libctru.a(hid.o)
                0x0011c0e8                hidEvents
 .bss.hidMemHandle
                0x0011c0fc        0x4 /opt/devkitpro/libctru/lib/libctru.a(hid.o)
                0x0011c0fc                hidMemHandle
 .bss.hidHandle
                0x0011c100        0x4 /opt/devkitpro/libctru/lib/libctru.a(hid.o)
                0x0011c100                hidHandle
 .bss.irrstRefCount
                0x0011c104        0x4 /opt/devkitpro/libctru/lib/libctru.a(irrst.o)
 .bss.csPos     0x0011c108        0x4 /opt/devkitpro/libctru/lib/libctru.a(irrst.o)
 .bss.kHeld     0x0011c10c        0x4 /opt/devkitpro/libctru/lib/libctru.a(irrst.o)
 .bss.irrstSharedMem
                0x0011c110        0x4 /opt/devkitpro/libctru/lib/libctru.a(irrst.o)
                0x0011c110                irrstSharedMem
 .bss.irrstEvent
                0x0011c114        0x4 /opt/devkitpro/libctru/lib/libctru.a(irrst.o)
                0x0011c114                irrstEvent
 .bss.irrstMemHandle
                0x0011c118        0x4 /opt/devkitpro/libctru/lib/libctru.a(irrst.o)
                0x0011c118                irrstMemHandle
 .bss.irrstHandle
                0x0011c11c        0x4 /opt/devkitpro/libctru/lib/libctru.a(irrst.o)
                0x0011c11c                irrstHandle
 .bss.__system_retAddr
                0x0011c120        0x4 /opt/devkitpro/libctru/lib/libctru.a(ctru_init.o)
                0x0011c120                __system_retAddr
 .bss.__system_argv
                0x0011c124        0x4 /opt/devkitpro/libctru/lib/libctru.a(initArgv.o)
                0x0011c124                __system_argv
 .bss.__system_argc
                0x0011c128        0x4 /opt/devkitpro/libctru/lib/libctru.a(initArgv.o)
                0x0011c128                __system_argc
 .bss.saved_stack.42
                0x0011c12c        0x8 /opt/devkitpro/libctru/lib/libctru.a(stack_adjust.o)
 *fill*         0x0011c134        0x4 
 .bss._ZL11sLinearPool
                0x0011c138        0x8 /opt/devkitpro/libctru/lib/libctru.a(linear.o)
 .bss._ZL8sAddrMap
                0x0011c140        0xc /opt/devkitpro/libctru/lib/libctru.a(linear.o)
 *fill*         0x0011c14c        0x4 
 .bss._ZL10sVramPoolB
                0x0011c150        0x8 /opt/devkitpro/libctru/lib/libctru.a(vram.o)
 .bss._ZL10sVramPoolA
                0x0011c158        0x8 /opt/devkitpro/libctru/lib/libctru.a(vram.o)
 .bss._ZL8sAddrMap
                0x0011c160        0xc /opt/devkitpro/libctru/lib/libctru.a(vram.o)
 .bss.__3dslink_host
                0x0011c16c        0x4 /opt/devkitpro/libctru/lib/libctru.a(3dslink.o)
                0x0011c16c                __3dslink_host
 .bss.__ctru_speedup
                0x0011c170        0x1 /opt/devkitpro/libctru/lib/libctru.a(os.o)
                0x0011c170                __ctru_speedup
 *fill*         0x0011c171        0x3 
 .bss.srvRefCount
                0x0011c174        0x4 /opt/devkitpro/libctru/lib/libctru.a(srv.o)
 .bss.srvHandle
                0x0011c178        0x4 /opt/devkitpro/libctru/lib/libctru.a(srv.o)
 .bss.arbiter   0x0011c17c        0x4 /opt/devkitpro/libctru/lib/libctru.a(synchronization.o)
 .bss.currentAddr
                0x0011c180        0x4 /opt/devkitpro/libctru/lib/libctru.a(mappable.o)
 .bss.maxAddr   0x0011c184        0x4 /opt/devkitpro/libctru/lib/libctru.a(mappable.o)
 .bss.minAddr   0x0011c188        0x4 /opt/devkitpro/libctru/lib/libctru.a(mappable.o)
 .bss.ptmSysmRefCount
                0x0011c18c        0x4 /opt/devkitpro/libctru/lib/libctru.a(ptmsysm.o)
 .bss.ptmSysmHandle
                0x0011c190        0x4 /opt/devkitpro/libctru/lib/libctru.a(ptmsysm.o)
 .bss.srvPmHandle
                0x0011c194        0x4 /opt/devkitpro/libctru/lib/libctru.a(srvpm.o)
 .bss.__ctru_linear_heap_size
                0x0011c198        0x4 /opt/devkitpro/libctru/lib/libctru.a(allocateHeaps.o)
                0x0011c198                __ctru_linear_heap_size
 .bss.__ctru_heap_size
                0x0011c19c        0x4 /opt/devkitpro/libctru/lib/libctru.a(allocateHeaps.o)
                0x0011c19c                __ctru_heap_size
 .bss.__ctru_linear_heap
                0x0011c1a0        0x4 /opt/devkitpro/libctru/lib/libctru.a(allocateHeaps.o)
                0x0011c1a0                __ctru_linear_heap
 .bss.__ctru_heap
                0x0011c1a4        0x4 /opt/devkitpro/libctru/lib/libctru.a(allocateHeaps.o)
                0x0011c1a4                __ctru_heap
 .bss.archive_devices
                0x0011c1a8      0x5c0 /opt/devkitpro/libctru/lib/libctru.a(archive_dev.o)
 .bss.archive_device_cwd
                0x0011c768        0x4 /opt/devkitpro/libctru/lib/libctru.a(archive_dev.o)
 .bss.archive_initialized
                0x0011c76c        0x1 /opt/devkitpro/libctru/lib/libctru.a(archive_dev.o)
 *fill*         0x0011c76d        0x3 
 .bss.fsExemptArchives
                0x0011c770       0x80 /opt/devkitpro/libctru/lib/libctru.a(fs.o)
 .bss.fsuRefCount
                0x0011c7f0        0x4 /opt/devkitpro/libctru/lib/libctru.a(fs.o)
 .bss.fsuHandle
                0x0011c7f4        0x4 /opt/devkitpro/libctru/lib/libctru.a(fs.o)
 .bss.__malloc_current_mallinfo
                0x0011c7f8       0x28 /opt/devkitpro/devkitARM/bin/../lib/gcc/arm-none-eabi/13.2.0/../../../../arm-none-eabi/lib/armv6k/fpu/libg.a(libc_a-mallocr.o)
                0x0011c7f8                __malloc_current_mallinfo
 .bss.__malloc_max_total_mem
                0x0011c820        0x4 /opt/devkitpro/devkitARM/bin/../lib/gcc/arm-none-eabi/13.2.0/../../../../arm-none-eabi/lib/armv6k/fpu/libg.a(libc_a-mallocr.o)
                0x0011c820                __malloc_max_total_mem
 .bss.__malloc_max_sbrked_mem
                0x0011c824        0x4 /opt/devkitpro/devkitARM/bin/../lib/gcc/arm-none-eabi/13.2.0/../../../../arm-none-eabi/lib/armv6k/fpu/libg.a(libc_a-mallocr.o)
                0x0011c824                __malloc_max_sbrked_mem
 .bss.__malloc_top_pad
                0x0011c828        0x4 /opt/devkitpro/devkitARM/bin/../lib/gcc/arm-none-eabi/13.2.0/../../../../arm-none-eabi/lib/armv6k/fpu/libg.a(libc_a-mallocr.o)
                0x0011c828                __malloc_top_pad
 .bss.__malloc_recursive_mutex
                0x0011c82c        0xc /opt/devkitpro/devkitARM/bin/../lib/gcc/arm-none-eabi/13.2.0/../../../../arm-none-eabi/lib/armv6k/fpu/libg.a(libc_a-mlock.o)
 .bss.__sfp_recursive_mutex
                0x0011c838        0xc /opt/devkitpro/devkitARM/bin/../lib/gcc/arm-none-eabi/13.2.0/../../../../arm-none-eabi/lib/armv6k/fpu/libg.a(libc_a-findfp.o)
 *fill*         0x0011c844        0x4 
 .bss.__sf      0x0011c848      0x168 /opt/devkitpro/devkitARM/bin/../lib/gcc/arm-none-eabi/13.2.0/../../../../arm-none-eabi/lib/armv6k/fpu/libg.a(libc_a-findfp.o)
                0x0011c848                __sf
 .bss.__stdio_exit_handler
                0x0011c9b0        0x4 /opt/devkitpro/devkitARM/bin/../lib/gcc/arm-none-eabi/13.2.0/../../../../arm-none-eabi/lib/armv6k/fpu/libg.a(libc_a-findfp.o)
                0x0011c9b0                __stdio_exit_handler
 .bss.temp_cwd  0x0011c9b4      0x400 /opt/devkitpro/devkitARM/bin/../lib/gcc/arm-none-eabi/13.2.0/../../../../arm-none-eabi/lib/armv6k/fpu/libsysbase.a(libsysbase_libsysbase_a-chdir.o)
 .bss.__hndl_lock
                0x0011cdb4        0x4 /opt/devkitpro/devkitARM/bin/../lib/gcc/arm-none-eabi/13.2.0/../../../../arm-none-eabi/lib/armv6k/fpu/libsysbase.a(libsysbase_libsysbase_a-handle_manager.o)
 .bss.fake_heap_start
                0x0011cdb8        0x4 /opt/devkitpro/devkitARM/bin/../lib/gcc/arm-none-eabi/13.2.0/../../../../arm-none-eabi/lib/armv6k/fpu/libsysbase.a(libsysbase_libsysbase_a-malloc_vars.o)
                0x0011cdb8                fake_heap_start
 .bss.fake_heap_end
                0x0011cdbc        0x4 /opt/devkitpro/devkitARM/bin/../lib/gcc/arm-none-eabi/13.2.0/../../../../arm-none-eabi/lib/armv6k/fpu/libsysbase.a(libsysbase_libsysbase_a-malloc_vars.o)
                0x0011cdbc                fake_heap_end
 .bss.heap_start.0
                0x0011cdc0        0x4 /opt/devkitpro/devkitARM/bin/../lib/gcc/arm-none-eabi/13.2.0/../../../../arm-none-eabi/lib/armv6k/fpu/libsysbase.a(libsysbase_libsysbase_a-sbrk.o)