Archive member included to satisfy reference by file (symbol)

/opt/devkitpro/libctru/lib/libctru.a(console.o)
                              main.o (consoleInit)
/opt/devkitpro/libctru/lib/libctru.a(gfx.o)
                              /opt/devkitpro/libctru/lib/libctru.a(console.o) (gfxIsWide)
/opt/devkitpro/libctru/lib/libctru.a(apt.o)
                              main.o (aptMainLoop)
/opt/devkitpro/libctru/lib/libctru.a(gspgpu.o)
                              /opt/devkitpro/libctru/lib/libctru.a(gfx.o) (gspInit)
/opt/devkitpro/libctru/lib/libctru.a(hid.o)
                              main.o (hidScanInput)
/opt/devkitpro/libctru/lib/libctru.a(irrst.o)
                              /opt/devkitpro/libctru/lib/libctru.a(hid.o) (irrstInit)
/opt/devkitpro/libctru/lib/libctru.a(ctru_init.o)
                              /opt/devkitpro/libctru/lib/libctru.a(apt.o) (__system_retAddr)
/opt/devkitpro/libctru/lib/libctru.a(initArgv.o)
                              /opt/devkitpro/libctru/lib/libctru.a(ctru_init.o) (__system_initArgv)
/opt/devkitpro/libctru/lib/libctru.a(syscalls.o)
                              /opt/devkitpro/libctru/lib/libctru.a(ctru_init.o) (__system_initSyscalls)
/opt/devkitpro/libctru/lib/libctru.a(svc.o)
                              /opt/devkitpro/libctru/lib/libctru.a(apt.o) (svcSleepThread)
/opt/devkitpro/libctru/lib/libctru.a(stack_adjust.o)
                              /opt/devkitpro/devkitARM/bin/../lib/gcc/arm-none-eabi/13.2.0/../../../../arm-none-eabi/lib/armv6k/fpu/3dsx_crt0.o (initSystem)
/opt/devkitpro/libctru/lib/libctru.a(default_font.bin.o)
                              /opt/devkitpro/libctru/lib/libctru.a(console.o) (default_font_bin)
/opt/devkitpro/libctru/lib/libctru.a(linear.o)
                              /opt/devkitpro/libctru/lib/libctru.a(gfx.o) (linearAlloc)
/opt/devkitpro/libctru/lib/libctru.a(mem_pool.o)
                              /opt/devkitpro/libctru/lib/libctru.a(linear.o) (MemPool::Allocate(MemChunk&, unsigned long, int))
/opt/devkitpro/libctru/lib/libctru.a(vram.o)
                              /opt/devkitpro/libctru/lib/libctru.a(gfx.o) (vramAlloc)
/opt/devkitpro/libctru/lib/libctru.a(3dslink.o)
                              /opt/devkitpro/libctru/lib/libctru.a(initArgv.o) (__3dslink_host)
/opt/devkitpro/libctru/lib/libctru.a(env.o)
                              /opt/devkitpro/libctru/lib/libctru.a(irrst.o) (envGetHandle)
/opt/devkitpro/libctru/lib/libctru.a(os.o)
                              /opt/devkitpro/libctru/lib/libctru.a(syscalls.o) (osGetTime)
/opt/devkitpro/libctru/lib/libctru.a(srv.o)
                              /opt/devkitpro/libctru/lib/libctru.a(apt.o) (srvInit)
/opt/devkitpro/libctru/lib/libctru.a(synchronization.o)
                              /opt/devkitpro/libctru/lib/libctru.a(ctru_init.o) (__sync_init)
/opt/devkitpro/libctru/lib/libctru.a(thread.o)
                              /opt/devkitpro/libctru/lib/libctru.a(apt.o) (threadCreate)
/opt/devkitpro/libctru/lib/libctru.a(mappable.o)
                              /opt/devkitpro/libctru/lib/libctru.a(apt.o) (mappableAlloc)
/opt/devkitpro/libctru/lib/libctru.a(ptmsysm.o)
                              /opt/devkitpro/libctru/lib/libctru.a(os.o) (ptmSysmInit)
/opt/devkitpro/libctru/lib/libctru.a(srvpm.o)
                              /opt/devkitpro/libctru/lib/libctru.a(srv.o) (srvPmGetSessionHandle)
/opt/devkitpro/libctru/lib/libctru.a(soc_connect.o)
                              /opt/devkitpro/libctru/lib/libctru.a(3dslink.o) (connect)
/opt/devkitpro/libctru/lib/libctru.a(soc_socket.o)
                              /opt/devkitpro/libctru/lib/libctru.a(3dslink.o) (socket)
/opt/devkitpro/libctru/lib/libctru.a(rbtree_find.o)
                              /opt/devkitpro/libctru/lib/libctru.a(linear.o) (rbtree_find)
/opt/devkitpro/libctru/lib/libctru.a(rbtree_init.o)
                              /opt/devkitpro/libctru/lib/libctru.a(linear.o) (rbtree_init)
/opt/devkitpro/libctru/lib/libctru.a(rbtree_insert.o)
                              /opt/devkitpro/libctru/lib/libctru.a(linear.o) (rbtree_insert)
/opt/devkitpro/libctru/lib/libctru.a(rbtree_remove.o)
                              /opt/devkitpro/libctru/lib/libctru.a(linear.o) (rbtree_remove)
/opt/devkitpro/libctru/lib/libctru.a(rbtree_rotate.o)
                              /opt/devkitpro/libctru/lib/libctru.a(rbtree_insert.o) (rbtree_rotate)
/opt/devkitpro/libctru/lib/libctru.a(allocateHeaps.o)
                              /opt/devkitpro/libctru/lib/libctru.a(ctru_init.o) (__system_allocateHeaps)
/opt/devkitpro/libctru/lib/libctru.a(appExit.o)
                              /opt/devkitpro/libctru/lib/libctru.a(stack_adjust.o) (__appExit)
/opt/devkitpro/libctru/lib/libctru.a(appInit.o)
                              /opt/devkitpro/libctru/lib/libctru.a(stack_adjust.o) (__appInit)
/opt/devkitpro/libctru/lib/libctru.a(ctru_exit.o)
                              /opt/devkitpro/libctru/lib/libctru.a(stack_adjust.o) (__libctru_exit)
[...]
Memory Configuration

Name             Origin             Length             Attributes
*default*        0x00000000         0xffffffff

Linker script and memory map

                0x00100000                        PROVIDE (__start__ = 0x100000)
                0x00100000                        . = __start__

.text           0x00100000    0x17234
 *(.crt0)
 .crt0          0x00100000       0x94 /opt/devkitpro/devkitARM/bin/../lib/gcc/arm-none-eabi/13.2.0/../../../../arm-none-eabi/lib/armv6k/fpu/3dsx_crt0.o
                0x00100000                _start
                0x00100008                __service_ptr
                0x0010000c                __apt_appid
                0x00100010                __heap_size
                0x00100014                __linear_heap_size
                0x00100018                __system_arglist
                0x0010001c                __system_runflags
 *(.init)
 .init          0x00100094        0xc /opt/devkitpro/devkitARM/bin/../lib/gcc/arm-none-eabi/13.2.0/armv6k/fpu/crti.o
                0x00100094                _init
 .init          0x001000a0        0xc /opt/devkitpro/devkitARM/bin/../lib/gcc/arm-none-eabi/13.2.0/armv6k/fpu/crtn.o
                0x001000ac                        . = ALIGN (0x4)
 *(.text)
 .text          0x001000ac      0x240 /opt/devkitpro/devkitARM/bin/../lib/gcc/arm-none-eabi/13.2.0/armv6k/fpu/libgcc.a(_divsi3.o)
                0x001000ac                __aeabi_idiv
                0x001000ac                __divsi3
                0x001002cc                __aeabi_idivmod
 .text          0x001002ec        0x4 /opt/devkitpro/devkitARM/bin/../lib/gcc/arm-none-eabi/13.2.0/armv6k/fpu/libgcc.a(_dvmd_tls.o)
                0x001002ec                __aeabi_ldiv0
                0x001002ec                __aeabi_idiv0
 .text          0x001002f0       0xd4 /opt/devkitpro/devkitARM/bin/../lib/gcc/arm-none-eabi/13.2.0/armv6k/fpu/libgcc.a(_aeabi_ldivmod.o)
                0x001002f0                __aeabi_ldivmod
 .text          0x001003c4       0x3c /opt/devkitpro/devkitARM/bin/../lib/gcc/arm-none-eabi/13.2.0/armv6k/fpu/libgcc.a(_aeabi_uldivmod.o)
                0x001003c4                __aeabi_uldivmod
 .text          0x00100400      0x390 /opt/devkitpro/devkitARM/bin/../lib/gcc/arm-none-eabi/13.2.0/../../../../arm-none-eabi/lib/armv6k/fpu/libg.a(libc_a-strcmp.o)
                0x00100408                strcmp
 .text          0x00100790      0x20c /opt/devkitpro/devkitARM/bin/../lib/gcc/arm-none-eabi/13.2.0/armv6k/fpu/libgcc.a(_udivsi3.o)
                0x00100790                __udivsi3
                0x00100790                __aeabi_uidiv
                0x0010097c                __aeabi_uidivmod
 *(.text.*)
 .text.__do_global_dtors_aux
                0x0010099c       0x40 /opt/devkitpro/devkitARM/bin/../lib/gcc/arm-none-eabi/13.2.0/armv6k/fpu/crtbegin.o
 .text.frame_dummy
                0x001009dc       0x2c /opt/devkitpro/devkitARM/bin/../lib/gcc/arm-none-eabi/13.2.0/armv6k/fpu/crtbegin.o
 .text._Z10thickPixelPhmmhhh.part.0
                0x00100a08       0x80 main.o
 .text._Z6rngMapv
                0x00100a88       0x74 main.o
                0x00100a88                rngMap()
 .text.startup.main
                0x00100afc      0x10c main.o
                0x00100afc                main
 .text.startup._GLOBAL__sub_I__Z9drawPixelPhmmhhh
                0x00100c08       0x28 main.o
 .text.consoleHandleColorEsc
                0x00100c30      0x51c /opt/devkitpro/libctru/lib/libctru.a(console.o)
 .text.consoleColorStateShift
                0x0010114c       0xb8 /opt/devkitpro/libctru/lib/libctru.a(console.o)
 .text.consoleDrawChar
                0x00101204      0x1ac /opt/devkitpro/libctru/lib/libctru.a(console.o)
                0x00101204                consoleDrawChar
 .text.consolePrintChar
                0x001013b0      0x124 /opt/devkitpro/libctru/lib/libctru.a(console.o)
                0x001013b0                consolePrintChar
 .text.con_write
                0x001014d4      0x6f4 /opt/devkitpro/libctru/lib/libctru.a(console.o)
                0x001014d4                con_write
 .text.newRow   0x00101bc8       0xfc /opt/devkitpro/libctru/lib/libctru.a(console.o)
 .text.consoleInit
                0x00101cc4      0x18c /opt/devkitpro/libctru/lib/libctru.a(console.o)
                0x00101cc4                consoleInit
 .text.gfxPresentFramebuffer
                0x00101e50       0xd0 /opt/devkitpro/libctru/lib/libctru.a(gfx.o)
 .text.gfxIsWide
                0x00101f20       0x1c /opt/devkitpro/libctru/lib/libctru.a(gfx.o)
                0x00101f20                gfxIsWide
 .text.gfxSetScreenFormat
                0x00101f3c       0xec /opt/devkitpro/libctru/lib/libctru.a(gfx.o)
                0x00101f3c                gfxSetScreenFormat
 .text.gfxSetDoubleBuffering
                0x00102028       0x10 /opt/devkitpro/libctru/lib/libctru.a(gfx.o)
                0x00102028                gfxSetDoubleBuffering
 .text.gfxInit  0x00102038       0xe0 /opt/devkitpro/libctru/lib/libctru.a(gfx.o)
                0x00102038                gfxInit
 .text.gfxInitDefault
                0x00102118       0x10 /opt/devkitpro/libctru/lib/libctru.a(gfx.o)
                0x00102118                gfxInitDefault
 .text.gfxExit  0x00102128       0xb4 /opt/devkitpro/libctru/lib/libctru.a(gfx.o)
                0x00102128                gfxExit
 .text.gfxGetFramebuffer
                0x001021dc       0xa0 /opt/devkitpro/libctru/lib/libctru.a(gfx.o)
                0x001021dc                gfxGetFramebuffer
 .text.gfxFlushBuffers
                0x0010227c      0x104 /opt/devkitpro/libctru/lib/libctru.a(gfx.o)
                0x0010227c                gfxFlushBuffers
 .text.gfxSwapBuffers
                0x00102380       0x50 /opt/devkitpro/libctru/lib/libctru.a(gfx.o)
                0x00102380                gfxSwapBuffers
 .text.gfxSwapBuffersGpu
                0x001023d0       0x50 /opt/devkitpro/libctru/lib/libctru.a(gfx.o)
                0x001023d0                gfxSwapBuffersGpu
 .text.aptConvertScreenForCapture
                0x00102420      0x1ac /opt/devkitpro/libctru/lib/libctru.a(apt.o)
 .text.aptDspSleep
                0x001025cc        0x8 /opt/devkitpro/libctru/lib/libctru.a(apt.o)
                0x001025cc                aptDspSleep
 .text.aptDspWakeup
                0x001025d4        0x4 /opt/devkitpro/libctru/lib/libctru.a(apt.o)
                0x001025d4                aptDspWakeup
 .text.aptDspCancel
                0x001025d8        0x4 /opt/devkitpro/libctru/lib/libctru.a(apt.o)
                0x001025d8                aptDspCancel
 .text.aptSendCommand
                0x001025dc      0x158 /opt/devkitpro/libctru/lib/libctru.a(apt.o)
                0x001025dc                aptSendCommand
 *fill*         0x00102734        0x4 
 .text.aptExitProcess
                0x00102738       0x44 /opt/devkitpro/libctru/lib/libctru.a(apt.o)
 .text.aptExit  0x0010277c      0x38c /opt/devkitpro/libctru/lib/libctru.a(apt.o)
                0x0010277c                aptExit
 .text.aptHandleSleep
                0x00102b08       0xe0 /opt/devkitpro/libctru/lib/libctru.a(apt.o)
                0x00102b08                aptHandleSleep
 .text.APT_SleepIfShellClosed
                0x00102be8       0x84 /opt/devkitpro/libctru/lib/libctru.a(apt.o)
                0x00102be8                APT_SleepIfShellClosed
 .text.aptSetSleepAllowed
                0x00102c6c       0x84 /opt/devkitpro/libctru/lib/libctru.a(apt.o)
                0x00102c6c                aptSetSleepAllowed
 .text.APT_UnlockTransition
                0x00102cf0       0x84 /opt/devkitpro/libctru/lib/libctru.a(apt.o)
                0x00102cf0                APT_UnlockTransition
 *fill*         0x00102d74        0x4 
 .text.aptEventHandler
                0x00102d78      0x4a4 /opt/devkitpro/libctru/lib/libctru.a(apt.o)
 .text.APT_ReceiveParameter
                0x0010321c       0xb0 /opt/devkitpro/libctru/lib/libctru.a(apt.o)
                0x0010321c                APT_ReceiveParameter
 .text.aptReceiveParameter.constprop.0
                0x001032cc       0xac /opt/devkitpro/libctru/lib/libctru.a(apt.o)
 .text.aptScreenTransfer
                0x00103378      0x2ac /opt/devkitpro/libctru/lib/libctru.a(apt.o)
 .text.aptWaitForWakeUp.isra.0
                0x00103624      0x320 /opt/devkitpro/libctru/lib/libctru.a(apt.o)
 .text.aptJumpToHomeMenu
                0x00103944       0xf8 /opt/devkitpro/libctru/lib/libctru.a(apt.o)
                0x00103944                aptJumpToHomeMenu
 .text.aptMainLoop
                0x00103a3c       0x48 /opt/devkitpro/libctru/lib/libctru.a(apt.o)
                0x00103a3c                aptMainLoop
 .text.aptInit  0x00103a84      0x22c /opt/devkitpro/libctru/lib/libctru.a(apt.o)
                0x00103a84                aptInit
 .text.APT_CheckNew3DS
                0x00103cb0       0x7c /opt/devkitpro/libctru/lib/libctru.a(apt.o)
                0x00103cb0                APT_CheckNew3DS
 .text.gspHardwareInit
                0x00103d2c      0xc64 /opt/devkitpro/libctru/lib/libctru.a(gspgpu.o)
 .text.gspInit  0x00104990      0x248 /opt/devkitpro/libctru/lib/libctru.a(gspgpu.o)
                0x00104990                gspInit
 .text.gspExit  0x00104bd8       0xf0 /opt/devkitpro/libctru/lib/libctru.a(gspgpu.o)
                0x00104bd8                gspExit
 .text.gspHasGpuRight
                0x00104cc8       0x10 /opt/devkitpro/libctru/lib/libctru.a(gspgpu.o)
                0x00104cc8                gspHasGpuRight
 .text.gspPresentBuffer
                0x00104cd8       0xa0 /opt/devkitpro/libctru/lib/libctru.a(gspgpu.o)
                0x00104cd8                gspPresentBuffer
 .text.gspWaitForEvent
                0x00104d78       0x44 /opt/devkitpro/libctru/lib/libctru.a(gspgpu.o)
                0x00104d78                gspWaitForEvent
 .text.gxCmdQueueInterrupt
                0x00104dbc        0x4 /opt/devkitpro/libctru/lib/libctru.a(gspgpu.o)
                0x00104dbc                gxCmdQueueInterrupt
 .text.gspEventThreadMain
                0x00104dc0      0x158 /opt/devkitpro/libctru/lib/libctru.a(gspgpu.o)
 .text.GSPGPU_FlushDataCache
                0x00104f18       0x50 /opt/devkitpro/libctru/lib/libctru.a(gspgpu.o)
                0x00104f18                GSPGPU_FlushDataCache
 .text.GSPGPU_SetLcdForceBlack
                0x00104f68       0x34 /opt/devkitpro/libctru/lib/libctru.a(gspgpu.o)
                0x00104f68                GSPGPU_SetLcdForceBlack
 .text.GSPGPU_AcquireRight
                0x00104f9c       0x68 /opt/devkitpro/libctru/lib/libctru.a(gspgpu.o)
                0x00104f9c                GSPGPU_AcquireRight
 .text.GSPGPU_ReleaseRight
                0x00105004       0x48 /opt/devkitpro/libctru/lib/libctru.a(gspgpu.o)
                0x00105004                GSPGPU_ReleaseRight
 .text.GSPGPU_ImportDisplayCaptureInfo
                0x0010504c       0x7c /opt/devkitpro/libctru/lib/libctru.a(gspgpu.o)
                0x0010504c                GSPGPU_ImportDisplayCaptureInfo
 .text.GSPGPU_SaveVramSysArea
                0x001050c8       0x2c /opt/devkitpro/libctru/lib/libctru.a(gspgpu.o)
                0x001050c8                GSPGPU_SaveVramSysArea
 .text.GSPGPU_RestoreVramSysArea
                0x001050f4       0x2c /opt/devkitpro/libctru/lib/libctru.a(gspgpu.o)
                0x001050f4                GSPGPU_RestoreVramSysArea
 .text.hidShouldUseIrrst
                0x00105120       0x24 /opt/devkitpro/libctru/lib/libctru.a(hid.o)
                0x00105120                hidShouldUseIrrst
 .text.hidInit  0x00105144      0x18c /opt/devkitpro/libctru/lib/libctru.a(hid.o)
                0x00105144                hidInit
 .text.hidExit  0x001052d0       0xe8 /opt/devkitpro/libctru/lib/libctru.a(hid.o)
                0x001052d0                hidExit
 .text.hidScanInput
                0x001053b8      0x2a4 /opt/devkitpro/libctru/lib/libctru.a(hid.o)
                0x001053b8                hidScanInput
 .text.hidKeysDown
                0x0010565c       0x10 /opt/devkitpro/libctru/lib/libctru.a(hid.o)
                0x0010565c                hidKeysDown
 .text.irrstInit
                0x0010566c      0x160 /opt/devkitpro/libctru/lib/libctru.a(irrst.o)
                0x0010566c                irrstInit
 .text.irrstExit
                0x001057cc       0xcc /opt/devkitpro/libctru/lib/libctru.a(irrst.o)
                0x001057cc                irrstExit
 .text.irrstScanInput
                0x00105898       0xb4 /opt/devkitpro/libctru/lib/libctru.a(irrst.o)
                0x00105898                irrstScanInput
 .text.irrstKeysHeld
                0x0010594c       0x24 /opt/devkitpro/libctru/lib/libctru.a(irrst.o)
                0x0010594c                irrstKeysHeld
 .text.__libctru_init
                0x00105970       0x38 /opt/devkitpro/libctru/lib/libctru.a(ctru_init.o)
                0x00105970                __libctru_init
 .text.__system_initArgv
                0x001059a8      0x170 /opt/devkitpro/libctru/lib/libctru.a(initArgv.o)
                0x001059a8                __system_initArgv
 .text.__syscall_getreent
                0x00105b18       0x30 /opt/devkitpro/libctru/lib/libctru.a(syscalls.o)
                0x00105b18                __syscall_getreent
 .text.__syscall_gettod_r
                0x00105b48       0x64 /opt/devkitpro/libctru/lib/libctru.a(syscalls.o)
                0x00105b48                __syscall_gettod_r
 .text.__syscall_lock_acquire
                0x00105bac        0x4 /opt/devkitpro/libctru/lib/libctru.a(syscalls.o)
                0x00105bac                __syscall_lock_acquire
 .text.__syscall_lock_release
                0x00105bb0        0x4 /opt/devkitpro/libctru/lib/libctru.a(syscalls.o)
                0x00105bb0                __syscall_lock_release
 .text.__syscall_lock_acquire_recursive
                0x00105bb4        0x4 /opt/devkitpro/libctru/lib/libctru.a(syscalls.o)
                0x00105bb4                __syscall_lock_acquire_recursive
 .text.__syscall_lock_release_recursive
                0x00105bb8        0x4 /opt/devkitpro/libctru/lib/libctru.a(syscalls.o)
                0x00105bb8                __syscall_lock_release_recursive
 .text.__syscall_exit
                0x00105bbc        0x4 /opt/devkitpro/libctru/lib/libctru.a(syscalls.o)
                0x00105bbc                __syscall_exit
 .text.initThreadVars
                0x00105bc0       0x50 /opt/devkitpro/libctru/lib/libctru.a(syscalls.o)
                0x00105bc0                initThreadVars
 .text.__system_initSyscalls
                0x00105c10       0x80 /opt/devkitpro/libctru/lib/libctru.a(syscalls.o)
                0x00105c10                __system_initSyscalls
 .text.svcControlMemory
                0x00105c90       0x20 /opt/devkitpro/libctru/lib/libctru.a(svc.o)
                0x00105c90                svcControlMemory
 .text.svcQueryMemory
                0x00105cb0       0x30 /opt/devkitpro/libctru/lib/libctru.a(svc.o)
                0x00105cb0                svcQueryMemory
 .text.svcExitProcess
                0x00105ce0        0x8 /opt/devkitpro/libctru/lib/libctru.a(svc.o)
                0x00105ce0                svcExitProcess
 .text.svcCreateThread
                0x00105ce8       0x20 /opt/devkitpro/libctru/lib/libctru.a(svc.o)
                0x00105ce8                svcCreateThread
 .text.svcExitThread
                0x00105d08        0x8 /opt/devkitpro/libctru/lib/libctru.a(svc.o)
                0x00105d08                svcExitThread
 .text.svcSleepThread
                0x00105d10        0x8 /opt/devkitpro/libctru/lib/libctru.a(svc.o)
                0x00105d10                svcSleepThread
 .text.svcReleaseMutex
                0x00105d18        0x8 /opt/devkitpro/libctru/lib/libctru.a(svc.o)
                0x00105d18                svcReleaseMutex
 .text.svcCreateEvent
                0x00105d20       0x14 /opt/devkitpro/libctru/lib/libctru.a(svc.o)
                0x00105d20                svcCreateEvent
 .text.svcSignalEvent
                0x00105d34        0x8 /opt/devkitpro/libctru/lib/libctru.a(svc.o)
                0x00105d34                svcSignalEvent
 .text.svcClearEvent
                0x00105d3c        0x8 /opt/devkitpro/libctru/lib/libctru.a(svc.o)
                0x00105d3c                svcClearEvent
 .text.svcMapMemoryBlock
                0x00105d44        0x8 /opt/devkitpro/libctru/lib/libctru.a(svc.o)
                0x00105d44                svcMapMemoryBlock
 .text.svcUnmapMemoryBlock
                0x00105d4c        0x8 /opt/devkitpro/libctru/lib/libctru.a(svc.o)
                0x00105d4c                svcUnmapMemoryBlock
 .text.svcCreateAddressArbiter
                0x00105d54       0x14 /opt/devkitpro/libctru/lib/libctru.a(svc.o)
                0x00105d54                svcCreateAddressArbiter
 .text.svcArbitrateAddressNoTimeout
                0x00105d68        0x8 /opt/devkitpro/libctru/lib/libctru.a(svc.o)
                0x00105d68                svcArbitrateAddressNoTimeout
 .text.svcCloseHandle
                0x00105d70        0x8 /opt/devkitpro/libctru/lib/libctru.a(svc.o)
                0x00105d70                svcCloseHandle
 .text.svcWaitSynchronization
                0x00105d78        0x8 /opt/devkitpro/libctru/lib/libctru.a(svc.o)
                0x00105d78                svcWaitSynchronization
 .text.svcWaitSynchronizationN
                0x00105d80       0x28 /opt/devkitpro/libctru/lib/libctru.a(svc.o)
                0x00105d80                svcWaitSynchronizationN
 .text.svcDuplicateHandle
                0x00105da8       0x14 /opt/devkitpro/libctru/lib/libctru.a(svc.o)
                0x00105da8                svcDuplicateHandle
 .text.svcGetSystemTick
                0x00105dbc        0x8 /opt/devkitpro/libctru/lib/libctru.a(svc.o)
                0x00105dbc                svcGetSystemTick
 .text.svcConnectToPort
                0x00105dc4       0x14 /opt/devkitpro/libctru/lib/libctru.a(svc.o)
                0x00105dc4                svcConnectToPort
 .text.svcSendSyncRequest
                0x00105dd8        0x8 /opt/devkitpro/libctru/lib/libctru.a(svc.o)
                0x00105dd8                svcSendSyncRequest
 .text.svcGetResourceLimit
                0x00105de0       0x14 /opt/devkitpro/libctru/lib/libctru.a(svc.o)
                0x00105de0                svcGetResourceLimit
 .text.svcGetResourceLimitLimitValues
                0x00105df4        0x8 /opt/devkitpro/libctru/lib/libctru.a(svc.o)
                0x00105df4                svcGetResourceLimitLimitValues
 .text.svcGetResourceLimitCurrentValues
                0x00105dfc        0x8 /opt/devkitpro/libctru/lib/libctru.a(svc.o)
                0x00105dfc                svcGetResourceLimitCurrentValues
 .text.svcBreak
                0x00105e04        0x8 /opt/devkitpro/libctru/lib/libctru.a(svc.o)
                0x00105e04                svcBreak
 .text.initSystem
                0x00105e0c       0x50 /opt/devkitpro/libctru/lib/libctru.a(stack_adjust.o)
                0x00105e0c                initSystem
 .text.__ctru_exit
                0x00105e5c       0x14 /opt/devkitpro/libctru/lib/libctru.a(stack_adjust.o)
                0x00105e5c                __ctru_exit
 .text._ZL21addrMapNodeComparatorPK11rbtree_nodeS1_
                0x00105e70       0x24 /opt/devkitpro/libctru/lib/libctru.a(linear.o)
 .text._ZL21addrMapNodeDestructorP11rbtree_node
                0x00105e94        0x4 /opt/devkitpro/libctru/lib/libctru.a(linear.o)
 .text.linearMemAlign
                0x00105e98      0x120 /opt/devkitpro/libctru/lib/libctru.a(linear.o)
                0x00105e98                linearMemAlign
 .text.linearAlloc
                0x00105fb8        0x8 /opt/devkitpro/libctru/lib/libctru.a(linear.o)
                0x00105fb8                linearAlloc
 .text.linearFree
                0x00105fc0       0x5c /opt/devkitpro/libctru/lib/libctru.a(linear.o)
                0x00105fc0                linearFree
 .text._ZN7MemPool13CoalesceRightEP8MemBlock
                0x0010601c       0x80 /opt/devkitpro/libctru/lib/libctru.a(mem_pool.o)
                0x0010601c                MemPool::CoalesceRight(MemBlock*)
 .text._ZN7MemPool8AllocateER8MemChunkmi
                0x0010609c      0x16c /opt/devkitpro/libctru/lib/libctru.a(mem_pool.o)
                0x0010609c                MemPool::Allocate(MemChunk&, unsigned long, int)
 .text._ZN7MemPool10DeallocateERK8MemChunk
                0x00106208       0xfc /opt/devkitpro/libctru/lib/libctru.a(mem_pool.o)
                0x00106208                MemPool::Deallocate(MemChunk const&)
 .text._ZN7MemPool12GetFreeSpaceEv
                0x00106304       0x30 /opt/devkitpro/libctru/lib/libctru.a(mem_pool.o)
                0x00106304                MemPool::GetFreeSpace()
 .text._ZL21addrMapNodeComparatorPK11rbtree_nodeS1_
                0x00106334       0x24 /opt/devkitpro/libctru/lib/libctru.a(vram.o)
 .text._ZL21addrMapNodeDestructorP11rbtree_node
                0x00106358        0x4 /opt/devkitpro/libctru/lib/libctru.a(vram.o)
 .text.vramMemAlignAt
                0x0010635c      0x24c /opt/devkitpro/libctru/lib/libctru.a(vram.o)
                0x0010635c                vramMemAlignAt
 .text.vramAlloc
                0x001065a8        0xc /opt/devkitpro/libctru/lib/libctru.a(vram.o)
                0x001065a8                vramAlloc
 .text.vramFree
                0x001065b4       0x90 /opt/devkitpro/libctru/lib/libctru.a(vram.o)
                0x001065b4                vramFree
 .text.envGetHandle
                0x00106644       0x84 /opt/devkitpro/libctru/lib/libctru.a(env.o)
                0x00106644                envGetHandle
 .text.envDestroyHandles
                0x001066c8       0x50 /opt/devkitpro/libctru/lib/libctru.a(env.o)
                0x001066c8                envDestroyHandles
 .text.osGetTimeRef
                0x00106718       0x54 /opt/devkitpro/libctru/lib/libctru.a(os.o)
                0x00106718                osGetTimeRef
 .text.osGetTime
                0x0010676c       0xec /opt/devkitpro/libctru/lib/libctru.a(os.o)
                0x0010676c                osGetTime
 .text.__ctru_speedup_config
                0x00106858       0x34 /opt/devkitpro/libctru/lib/libctru.a(os.o)
                0x00106858                __ctru_speedup_config
 .text.srvInit  0x0010688c      0x12c /opt/devkitpro/libctru/lib/libctru.a(srv.o)
                0x0010688c                srvInit
 .text.srvExit  0x001069b8       0x58 /opt/devkitpro/libctru/lib/libctru.a(srv.o)
                0x001069b8                srvExit
 .text.srvEnableNotification
                0x00106a10       0x60 /opt/devkitpro/libctru/lib/libctru.a(srv.o)
                0x00106a10                srvEnableNotification
 .text.srvGetServiceHandleDirect
                0x00106a70       0xa0 /opt/devkitpro/libctru/lib/libctru.a(srv.o)
                0x00106a70                srvGetServiceHandleDirect
 .text.srvGetServiceHandle
                0x00106b10       0x38 /opt/devkitpro/libctru/lib/libctru.a(srv.o)
                0x00106b10                srvGetServiceHandle
 .text.srvSubscribe
                0x00106b48       0x34 /opt/devkitpro/libctru/lib/libctru.a(srv.o)
                0x00106b48                srvSubscribe
 .text.srvReceiveNotification
                0x00106b7c       0x60 /opt/devkitpro/libctru/lib/libctru.a(srv.o)
                0x00106b7c                srvReceiveNotification
 .text.srvPublishToSubscriber
                0x00106bdc       0x38 /opt/devkitpro/libctru/lib/libctru.a(srv.o)
                0x00106bdc                srvPublishToSubscriber
 .text.__sync_init
                0x00106c14        0xc /opt/devkitpro/libctru/lib/libctru.a(synchronization.o)
                0x00106c14                __sync_init
 .text.__sync_fini
                0x00106c20       0x18 /opt/devkitpro/libctru/lib/libctru.a(synchronization.o)
                0x00106c20                __sync_fini
 .text.syncArbitrateAddress
                0x00106c38       0x2c /opt/devkitpro/libctru/lib/libctru.a(synchronization.o)
                0x00106c38                syncArbitrateAddress
 .text.LightLock_Lock
                0x00106c64       0xac /opt/devkitpro/libctru/lib/libctru.a(synchronization.o)
                0x00106c64                LightLock_Lock
 .text.LightLock_Unlock
                0x00106d10       0x40 /opt/devkitpro/libctru/lib/libctru.a(synchronization.o)
                0x00106d10                LightLock_Unlock
 .text.RecursiveLock_Lock
                0x00106d50       0x30 /opt/devkitpro/libctru/lib/libctru.a(synchronization.o)
                0x00106d50                RecursiveLock_Lock
 .text.RecursiveLock_Unlock
                0x00106d80       0x54 /opt/devkitpro/libctru/lib/libctru.a(synchronization.o)
                0x00106d80                RecursiveLock_Unlock
 .text.LightEvent_Init
                0x00106dd4       0x40 /opt/devkitpro/libctru/lib/libctru.a(synchronization.o)
                0x00106dd4                LightEvent_Init
 .text.LightEvent_Clear
                0x00106e14       0xa4 /opt/devkitpro/libctru/lib/libctru.a(synchronization.o)
                0x00106e14                LightEvent_Clear
 .text.LightEvent_Signal
                0x00106eb8       0xc8 /opt/devkitpro/libctru/lib/libctru.a(synchronization.o)
                0x00106eb8                LightEvent_Signal
 .text.LightEvent_TryWait
                0x00106f80       0x50 /opt/devkitpro/libctru/lib/libctru.a(synchronization.o)
                0x00106f80                LightEvent_TryWait
 .text.LightEvent_Wait
                0x00106fd0       0xa0 /opt/devkitpro/libctru/lib/libctru.a(synchronization.o)
                0x00106fd0                LightEvent_Wait
 .text.threadCreate
                0x00107070      0x1d8 /opt/devkitpro/libctru/lib/libctru.a(thread.o)
                0x00107070                threadCreate
 .text.threadFree
                0x00107248       0x2c /opt/devkitpro/libctru/lib/libctru.a(thread.o)
                0x00107248                threadFree
 .text.threadJoin
                0x00107274       0x24 /opt/devkitpro/libctru/lib/libctru.a(thread.o)
                0x00107274                threadJoin
 .text.threadGetCurrent
                0x00107298       0x30 /opt/devkitpro/libctru/lib/libctru.a(thread.o)
                0x00107298                threadGetCurrent
 .text.threadExit
                0x001072c8       0x40 /opt/devkitpro/libctru/lib/libctru.a(thread.o)
                0x001072c8                threadExit
 .text._thread_begin
                0x00107308       0x20 /opt/devkitpro/libctru/lib/libctru.a(thread.o)
 .text.mappableFindAddressWithin
                0x00107328       0xb4 /opt/devkitpro/libctru/lib/libctru.a(mappable.o)
 .text.mappableInit
                0x001073dc       0x28 /opt/devkitpro/libctru/lib/libctru.a(mappable.o)
                0x001073dc                mappableInit
 .text.mappableAlloc
                0x00107404       0x80 /opt/devkitpro/libctru/lib/libctru.a(mappable.o)
                0x00107404                mappableAlloc
 .text.mappableFree
                0x00107484        0x4 /opt/devkitpro/libctru/lib/libctru.a(mappable.o)
                0x00107484                mappableFree
 .text.ptmSysmInit
                0x00107488       0x74 /opt/devkitpro/libctru/lib/libctru.a(ptmsysm.o)
                0x00107488                ptmSysmInit
 .text.ptmSysmExit
                0x001074fc       0x3c /opt/devkitpro/libctru/lib/libctru.a(ptmsysm.o)
                0x001074fc                ptmSysmExit
 .text.PTMSYSM_ConfigureNew3DSCPU
                0x00107538       0x34 /opt/devkitpro/libctru/lib/libctru.a(ptmsysm.o)
                0x00107538                PTMSYSM_ConfigureNew3DSCPU
 .text.srvPmGetSessionHandle
                0x0010756c        0xc /opt/devkitpro/libctru/lib/libctru.a(srvpm.o)
                0x0010756c                srvPmGetSessionHandle
 .text.rbtree_find
                0x00107578       0x74 /opt/devkitpro/libctru/lib/libctru.a(rbtree_find.o)
                0x00107578                rbtree_find
 .text.rbtree_init
                0x001075ec       0x10 /opt/devkitpro/libctru/lib/libctru.a(rbtree_init.o)
                0x001075ec                rbtree_init
 .text.do_insert
                0x001075fc      0x1b0 /opt/devkitpro/libctru/lib/libctru.a(rbtree_insert.o)
 .text.rbtree_insert
                0x001077ac        0x8 /opt/devkitpro/libctru/lib/libctru.a(rbtree_insert.o)
                0x001077ac                rbtree_insert
 .text.rbtree_remove
                0x001077b4      0x318 /opt/devkitpro/libctru/lib/libctru.a(rbtree_remove.o)
                0x001077b4                rbtree_remove
 .text.rbtree_rotate
                0x00107acc       0x90 /opt/devkitpro/libctru/lib/libctru.a(rbtree_rotate.o)
                0x00107acc                rbtree_rotate
 *fill*         0x00107b5c        0x4 
 .text.__system_allocateHeaps
                0x00107b60      0x1e0 /opt/devkitpro/libctru/lib/libctru.a(allocateHeaps.o)
                0x00107b60                __system_allocateHeaps
 .text.__appExit
                0x00107d40       0x30 /opt/devkitpro/libctru/lib/libctru.a(appExit.o)
                0x00107d40                __appExit
 .text.__appInit
                0x00107d70       0x30 /opt/devkitpro/libctru/lib/libctru.a(appInit.o)
                0x00107d70                __appInit
 .text.__libctru_exit
                0x00107da0       0x90 /opt/devkitpro/libctru/lib/libctru.a(ctru_exit.o)
                0x00107da0                __libctru_exit
 .text.archive_link
                0x00107e30       0x14 /opt/devkitpro/libctru/lib/libctru.a(archive_dev.o)
 .text.archive_dirreset
                0x00107e44       0x14 /opt/devkitpro/libctru/lib/libctru.a(archive_dev.o)
 .text.archive_chmod
                0x00107e58       0x14 /opt/devkitpro/libctru/lib/libctru.a(archive_dev.o)
 .text.error_cmp
                0x00107e6c       0x24 /opt/devkitpro/libctru/lib/libctru.a(archive_dev.o)
 .text.archive_translate_error
                0x00107e90       0x50 /opt/devkitpro/libctru/lib/libctru.a(archive_dev.o)
 .text.archive_seek
                0x00107ee0       0xc8 /opt/devkitpro/libctru/lib/libctru.a(archive_dev.o)
 .text._archiveInit.part.0
                0x00107fa8       0x7c /opt/devkitpro/libctru/lib/libctru.a(archive_dev.o)
 .text.archiveFindDevice.part.0
                0x00108024       0xc4 /opt/devkitpro/libctru/lib/libctru.a(archive_dev.o)
 .text.archive_utf16path
                0x001080e8      0x280 /opt/devkitpro/libctru/lib/libctru.a(archive_dev.o)
 .text._archiveUnmountDeviceStruct.part.0
                0x00108368       0x9c /opt/devkitpro/libctru/lib/libctru.a(archive_dev.o)
 .text.archive_fchmod
                0x00108404       0x14 /opt/devkitpro/libctru/lib/libctru.a(archive_dev.o)
 .text.archive_statvfs
                0x00108418       0x14 /opt/devkitpro/libctru/lib/libctru.a(archive_dev.o)
 .text._archiveMountDevice
                0x0010842c      0x164 /opt/devkitpro/libctru/lib/libctru.a(archive_dev.o)
 .text.archive_diropen
                0x00108590       0xe8 /opt/devkitpro/libctru/lib/libctru.a(archive_dev.o)
 .text.archive_fstat
                0x00108678       0xa4 /opt/devkitpro/libctru/lib/libctru.a(archive_dev.o)
 .text.archive_fsync
                0x0010871c       0x6c /opt/devkitpro/libctru/lib/libctru.a(archive_dev.o)
 .text.archive_close
                0x00108788       0x6c /opt/devkitpro/libctru/lib/libctru.a(archive_dev.o)
 .text.archive_dirclose
                0x001087f4       0x70 /opt/devkitpro/libctru/lib/libctru.a(archive_dev.o)
 .text.sdmc_statvfs
                0x00108864       0xe8 /opt/devkitpro/libctru/lib/libctru.a(archive_dev.o)
 .text.archive_chdir
                0x0010894c       0xec /opt/devkitpro/libctru/lib/libctru.a(archive_dev.o)
 .text.archive_ftruncate
                0x00108a38       0x7c /opt/devkitpro/libctru/lib/libctru.a(archive_dev.o)
 .text.archive_read
                0x00108ab4       0xac /opt/devkitpro/libctru/lib/libctru.a(archive_dev.o)
 .text.archive_unlink
                0x00108b60       0xa4 /opt/devkitpro/libctru/lib/libctru.a(archive_dev.o)
 .text.archive_rmdir
                0x00108c04       0xbc /opt/devkitpro/libctru/lib/libctru.a(archive_dev.o)
 .text.archive_mkdir
                0x00108cc0       0xdc /opt/devkitpro/libctru/lib/libctru.a(archive_dev.o)
 .text.archive_stat
                0x00108d9c      0x194 /opt/devkitpro/libctru/lib/libctru.a(archive_dev.o)
 .text.archive_dirnext
                0x00108f30      0x160 /opt/devkitpro/libctru/lib/libctru.a(archive_dev.o)
 .text.archive_write
                0x00109090      0x124 /opt/devkitpro/libctru/lib/libctru.a(archive_dev.o)
 .text.archive_open
                0x001091b4      0x20c /opt/devkitpro/libctru/lib/libctru.a(archive_dev.o)
 .text.archive_rename
                0x001093c0      0x278 /opt/devkitpro/libctru/lib/libctru.a(archive_dev.o)
 .text.archiveMountSdmc
                0x00109638      0x19c /opt/devkitpro/libctru/lib/libctru.a(archive_dev.o)
                0x00109638                archiveMountSdmc
 .text.archiveUnmountAll
                0x001097d4       0x54 /opt/devkitpro/libctru/lib/libctru.a(archive_dev.o)
                0x001097d4                archiveUnmountAll
 .text.fsInit   0x00109828       0xcc /opt/devkitpro/libctru/lib/libctru.a(fs.o)
                0x00109828                fsInit
 .text.fsExit   0x001098f4       0x3c /opt/devkitpro/libctru/lib/libctru.a(fs.o)
                0x001098f4                fsExit
 .text.fsExemptFromSession
                0x00109930       0x60 /opt/devkitpro/libctru/lib/libctru.a(fs.o)
                0x00109930                fsExemptFromSession
 .text.fsUnexemptFromSession
                0x00109990       0x50 /opt/devkitpro/libctru/lib/libctru.a(fs.o)
                0x00109990                fsUnexemptFromSession
 .text.FSUSER_OpenFile
                0x001099e0       0xcc /opt/devkitpro/libctru/lib/libctru.a(fs.o)
                0x001099e0                FSUSER_OpenFile
 .text.FSUSER_DeleteFile
                0x00109aac       0xbc /opt/devkitpro/libctru/lib/libctru.a(fs.o)
                0x00109aac                FSUSER_DeleteFile
 .text.FSUSER_RenameFile
                0x00109b68       0xf8 /opt/devkitpro/libctru/lib/libctru.a(fs.o)
                0x00109b68                FSUSER_RenameFile
 .text.FSUSER_DeleteDirectory
                0x00109c60       0xbc /opt/devkitpro/libctru/lib/libctru.a(fs.o)
                0x00109c60                FSUSER_DeleteDirectory
 .text.FSUSER_CreateFile
                0x00109d1c       0xd4 /opt/devkitpro/libctru/lib/libctru.a(fs.o)
                0x00109d1c                FSUSER_CreateFile
 .text.FSUSER_CreateDirectory
                0x00109df0       0xc4 /opt/devkitpro/libctru/lib/libctru.a(fs.o)
                0x00109df0                FSUSER_CreateDirectory
 .text.FSUSER_RenameDirectory
                0x00109eb4       0xf8 /opt/devkitpro/libctru/lib/libctru.a(fs.o)
                0x00109eb4                FSUSER_RenameDirectory
 .text.FSUSER_OpenDirectory
                0x00109fac       0xb4 /opt/devkitpro/libctru/lib/libctru.a(fs.o)
                0x00109fac                FSUSER_OpenDirectory
 .text.FSUSER_OpenArchive
                0x0010a060       0x94 /opt/devkitpro/libctru/lib/libctru.a(fs.o)
                0x0010a060                FSUSER_OpenArchive
 .text.FSUSER_CloseArchive
                0x0010a0f4       0x8c /opt/devkitpro/libctru/lib/libctru.a(fs.o)
                0x0010a0f4                FSUSER_CloseArchive
 .text.FSUSER_GetSdmcArchiveResource
                0x0010a180       0x74 /opt/devkitpro/libctru/lib/libctru.a(fs.o)
                0x0010a180                FSUSER_GetSdmcArchiveResource
 .text.FSUSER_IsSdmcWritable
                0x0010a1f4       0x64 /opt/devkitpro/libctru/lib/libctru.a(fs.o)
                0x0010a1f4                FSUSER_IsSdmcWritable
 .text.FSFILE_Read
                0x0010a258       0x58 /opt/devkitpro/libctru/lib/libctru.a(fs.o)
                0x0010a258                FSFILE_Read
 .text.FSFILE_Write
                0x0010a2b0       0x60 /opt/devkitpro/libctru/lib/libctru.a(fs.o)
                0x0010a2b0                FSFILE_Write
 .text.FSFILE_GetSize
                0x0010a310       0x38 /opt/devkitpro/libctru/lib/libctru.a(fs.o)
                0x0010a310                FSFILE_GetSize
 .text.FSFILE_SetSize
                0x0010a348       0x28 /opt/devkitpro/libctru/lib/libctru.a(fs.o)
                0x0010a348                FSFILE_SetSize
 .text.FSFILE_Close
                0x0010a370       0x3c /opt/devkitpro/libctru/lib/libctru.a(fs.o)
                0x0010a370                FSFILE_Close
 .text.FSFILE_Flush
                0x0010a3ac       0x24 /opt/devkitpro/libctru/lib/libctru.a(fs.o)
                0x0010a3ac                FSFILE_Flush
 .text.FSDIR_Read
                0x0010a3d0       0x50 /opt/devkitpro/libctru/lib/libctru.a(fs.o)
                0x0010a3d0                FSDIR_Read
 .text.FSDIR_Close
                0x0010a420       0x3c /opt/devkitpro/libctru/lib/libctru.a(fs.o)
                0x0010a420                FSDIR_Close
 .text.rbtree_node_next
                0x0010a45c       0x5c /opt/devkitpro/libctru/lib/libctru.a(rbtree_iterator.o)
                0x0010a45c                rbtree_node_next
 .text.decode_utf8
                0x0010a4b8      0x13c /opt/devkitpro/libctru/lib/libctru.a(decode_utf8.o)
                0x0010a4b8                decode_utf8
 .text.utf16_to_utf8
                0x0010a5f4       0xe8 /opt/devkitpro/libctru/lib/libctru.a(utf16_to_utf8.o)
                0x0010a5f4                utf16_to_utf8
 .text.utf8_to_utf16
                0x0010a6dc       0xc0 /opt/devkitpro/libctru/lib/libctru.a(utf8_to_utf16.o)
                0x0010a6dc                utf8_to_utf16
 .text.__aeabi_read_tp
                0x0010a79c        0xc /opt/devkitpro/libctru/lib/libctru.a(readtp.o)
                0x0010a79c                __aeabi_read_tp
 .text.decode_utf16
                0x0010a7a8       0x64 /opt/devkitpro/libctru/lib/libctru.a(decode_utf16.o)
                0x0010a7a8                decode_utf16
 .text.encode_utf16
                0x0010a80c       0x54 /opt/devkitpro/libctru/lib/libctru.a(encode_utf16.o)
                0x0010a80c                encode_utf16
 .text.encode_utf8
                0x0010a860       0xe0 /opt/devkitpro/libctru/lib/libctru.a(encode_utf8.o)
                0x0010a860                encode_utf8
 .text.__udivmoddi4
                0x0010a940      0x120 /opt/devkitpro/devkitARM/bin/../lib/gcc/arm-none-eabi/13.2.0/armv6k/fpu/libgcc.a(_udivmoddi4.o)
                0x0010a940                __udivmoddi4
 .text.printf   0x0010aa60       0x34 /opt/devkitpro/devkitARM/bin/../lib/gcc/arm-none-eabi/13.2.0/../../../../arm-none-eabi/lib/armv6k/fpu/libg.a(libc_a-printf.o)
                0x0010aa60                printf
 .text.memalign
                0x0010aa94       0x20 /opt/devkitpro/devkitARM/bin/../lib/gcc/arm-none-eabi/13.2.0/../../../../arm-none-eabi/lib/armv6k/fpu/libg.a(libc_a-malign.o)
                0x0010aa94                memalign
 .text._memalign_r
                0x0010aab4      0x14c /opt/devkitpro/devkitARM/bin/../lib/gcc/arm-none-eabi/13.2.0/../../../../arm-none-eabi/lib/armv6k/fpu/libg.a(libc_a-malignr.o)
                0x0010aab4                _memalign_r
 .text.bsearch  0x0010ac00       0x78 /opt/devkitpro/devkitARM/bin/../lib/gcc/arm-none-eabi/13.2.0/../../../../arm-none-eabi/lib/armv6k/fpu/libg.a(libc_a-bsearch.o)
                0x0010ac00                bsearch
 .text.setvbuf  0x0010ac78      0x25c /opt/devkitpro/devkitARM/bin/../lib/gcc/arm-none-eabi/13.2.0/../../../../arm-none-eabi/lib/armv6k/fpu/libg.a(libc_a-setvbuf.o)
                0x0010ac78                setvbuf
 .text.__call_exitprocs
                0x0010aed4        0x4 /opt/devkitpro/devkitARM/bin/../lib/gcc/arm-none-eabi/13.2.0/../../../../arm-none-eabi/lib/armv6k/fpu/libg.a(libc_a-exit.o)
                0x0010aed4                __call_exitprocs
 .text.exit     0x0010aed8       0x30 /opt/devkitpro/devkitARM/bin/../lib/gcc/arm-none-eabi/13.2.0/../../../../arm-none-eabi/lib/armv6k/fpu/libg.a(libc_a-exit.o)
                0x0010aed8                exit
 .text._malloc_trim_r
                0x0010af08       0xf8 /opt/devkitpro/devkitARM/bin/../lib/gcc/arm-none-eabi/13.2.0/../../../../arm-none-eabi/lib/armv6k/fpu/libg.a(libc_a-freer.o)
                0x0010af08                _malloc_trim_r
 .text._free_r  0x0010b000      0x2e8 /opt/devkitpro/devkitARM/bin/../lib/gcc/arm-none-eabi/13.2.0/../../../../arm-none-eabi/lib/armv6k/fpu/libg.a(libc_a-freer.o)
                0x0010b000                _free_r
 .text.malloc   0x0010b2e8       0x18 /opt/devkitpro/devkitARM/bin/../lib/gcc/arm-none-eabi/13.2.0/../../../../arm-none-eabi/lib/armv6k/fpu/libg.a(libc_a-malloc.o)
                0x0010b2e8                malloc
 .text.free     0x0010b300       0x18 /opt/devkitpro/devkitARM/bin/../lib/gcc/arm-none-eabi/13.2.0/../../../../arm-none-eabi/lib/armv6k/fpu/libg.a(libc_a-malloc.o)
                0x0010b300                free
 .text._malloc_r
                0x0010b318      0x79c /opt/devkitpro/devkitARM/bin/../lib/gcc/arm-none-eabi/13.2.0/../../../../arm-none-eabi/lib/armv6k/fpu/libg.a(libc_a-mallocr.o)
                0x0010b318                _malloc_r
 .text.memset   0x0010bab4       0xf4 /opt/devkitpro/devkitARM/bin/../lib/gcc/arm-none-eabi/13.2.0/../../../../arm-none-eabi/lib/armv6k/fpu/libg.a(libc_a-memset.o)
                0x0010bab4                memset
 .text.__malloc_lock
                0x0010bba8        0xc /opt/devkitpro/devkitARM/bin/../lib/gcc/arm-none-eabi/13.2.0/../../../../arm-none-eabi/lib/armv6k/fpu/libg.a(libc_a-mlock.o)
                0x0010bba8                __malloc_lock
 .text.__malloc_unlock
                0x0010bbb4        0xc /opt/devkitpro/devkitARM/bin/../lib/gcc/arm-none-eabi/13.2.0/../../../../arm-none-eabi/lib/armv6k/fpu/libg.a(libc_a-mlock.o)
                0x0010bbb4                __malloc_unlock
 .text.get_arg  0x0010bbc0      0x64c /opt/devkitpro/devkitARM/bin/../lib/gcc/arm-none-eabi/13.2.0/../../../../arm-none-eabi/lib/armv6k/fpu/libg.a(libc_a-vfprintf.o)
 *fill*         0x0010c20c        0x4 
 .text._vfprintf_r
                0x0010c210     0x3378 /opt/devkitpro/devkitARM/bin/../lib/gcc/arm-none-eabi/13.2.0/../../../../arm-none-eabi/lib/armv6k/fpu/libg.a(libc_a-vfprintf.o)
                0x0010c210                _vfprintf_r
 .text.__sbprintf
                0x0010f588       0xb8 /opt/devkitpro/devkitARM/bin/../lib/gcc/arm-none-eabi/13.2.0/../../../../arm-none-eabi/lib/armv6k/fpu/libg.a(libc_a-vfprintf.o)
 .text.strlen   0x0010f640       0x90 /opt/devkitpro/devkitARM/bin/../lib/gcc/arm-none-eabi/13.2.0/../../../../arm-none-eabi/lib/armv6k/fpu/libg.a(libc_a-strlen.o)
                0x0010f640                strlen
 .text.__sflush_r
                0x0010f6d0      0x22c /opt/devkitpro/devkitARM/bin/../lib/gcc/arm-none-eabi/13.2.0/../../../../arm-none-eabi/lib/armv6k/fpu/libg.a(libc_a-fflush.o)
                0x0010f6d0                __sflush_r
 .text._fflush_r
                0x0010f8fc       0x94 /opt/devkitpro/devkitARM/bin/../lib/gcc/arm-none-eabi/13.2.0/../../../../arm-none-eabi/lib/armv6k/fpu/libg.a(libc_a-fflush.o)
                0x0010f8fc                _fflush_r
 .text.strncat  0x0010f990       0xe4 /opt/devkitpro/devkitARM/bin/../lib/gcc/arm-none-eabi/13.2.0/../../../../arm-none-eabi/lib/armv6k/fpu/libg.a(libc_a-strncat.o)
                0x0010f990                strncat
 .text.strncmp  0x0010fa74       0xe4 /opt/devkitpro/devkitARM/bin/../lib/gcc/arm-none-eabi/13.2.0/../../../../arm-none-eabi/lib/armv6k/fpu/libg.a(libc_a-strncmp.o)
                0x0010fa74                strncmp
 .text._fwalk_sglue
                0x0010fb58       0x70 /opt/devkitpro/devkitARM/bin/../lib/gcc/arm-none-eabi/13.2.0/../../../../arm-none-eabi/lib/armv6k/fpu/libg.a(libc_a-fwalk.o)
                0x0010fb58                _fwalk_sglue
 .text.strncpy  0x0010fbc8       0xc4 /opt/devkitpro/devkitARM/bin/../lib/gcc/arm-none-eabi/13.2.0/../../../../arm-none-eabi/lib/armv6k/fpu/libg.a(libc_a-strncpy.o)
                0x0010fbc8                strncpy
 .text.stdio_exit_handler
                0x0010fc8c       0x1c /opt/devkitpro/devkitARM/bin/../lib/gcc/arm-none-eabi/13.2.0/../../../../arm-none-eabi/lib/armv6k/fpu/libg.a(libc_a-findfp.o)
 .text.cleanup_stdio
                0x0010fca8       0x5c /opt/devkitpro/devkitARM/bin/../lib/gcc/arm-none-eabi/13.2.0/../../../../arm-none-eabi/lib/armv6k/fpu/libg.a(libc_a-findfp.o)
 .text.global_stdio_init.part.0
                0x0010fd04      0x154 /opt/devkitpro/devkitARM/bin/../lib/gcc/arm-none-eabi/13.2.0/../../../../arm-none-eabi/lib/armv6k/fpu/libg.a(libc_a-findfp.o)
 .text.__sinit  0x0010fe58       0x5c /opt/devkitpro/devkitARM/bin/../lib/gcc/arm-none-eabi/13.2.0/../../../../arm-none-eabi/lib/armv6k/fpu/libg.a(libc_a-findfp.o)
                0x0010fe58                __sinit
 .text.__sfp_lock_acquire
                0x0010feb4        0xc /opt/devkitpro/devkitARM/bin/../lib/gcc/arm-none-eabi/13.2.0/../../../../arm-none-eabi/lib/armv6k/fpu/libg.a(libc_a-findfp.o)
                0x0010feb4                __sfp_lock_acquire
 .text.__sfp_lock_release
                0x0010fec0        0xc /opt/devkitpro/devkitARM/bin/../lib/gcc/arm-none-eabi/13.2.0/../../../../arm-none-eabi/lib/armv6k/fpu/libg.a(libc_a-findfp.o)
                0x0010fec0                __sfp_lock_release
 .text.srand    0x0010fecc       0x1c /opt/devkitpro/devkitARM/bin/../lib/gcc/arm-none-eabi/13.2.0/../../../../arm-none-eabi/lib/armv6k/fpu/libg.a(libc_a-rand.o)
                0x0010fecc                srand
 .text.rand     0x0010fee8       0x44 /opt/devkitpro/devkitARM/bin/../lib/gcc/arm-none-eabi/13.2.0/../../../../arm-none-eabi/lib/armv6k/fpu/libg.a(libc_a-rand.o)
                0x0010fee8                rand
 .text.strnlen  0x0010ff2c       0x48 /opt/devkitpro/devkitARM/bin/../lib/gcc/arm-none-eabi/13.2.0/../../../../arm-none-eabi/lib/armv6k/fpu/libg.a(libc_a-strnlen.o)
                0x0010ff2c                strnlen
 .text._strtoul_l.isra.0
                0x0010ff74      0x1d8 /opt/devkitpro/devkitARM/bin/../lib/gcc/arm-none-eabi/13.2.0/../../../../arm-none-eabi/lib/armv6k/fpu/libg.a(libc_a-strtoul.o)
 .text.strtoul  0x0011014c       0x34 /opt/devkitpro/devkitARM/bin/../lib/gcc/arm-none-eabi/13.2.0/../../../../arm-none-eabi/lib/armv6k/fpu/libg.a(libc_a-strtoul.o)
                0x0011014c                strtoul
 .text.__locale_mb_cur_max
                0x00110180       0x24 /opt/devkitpro/devkitARM/bin/../lib/gcc/arm-none-eabi/13.2.0/../../../../arm-none-eabi/lib/armv6k/fpu/libg.a(libc_a-locale.o)
                0x00110180                __locale_mb_cur_max
 .text.time     0x001101a4       0x4c /opt/devkitpro/devkitARM/bin/../lib/gcc/arm-none-eabi/13.2.0/../../../../arm-none-eabi/lib/armv6k/fpu/libg.a(libc_a-time.o)
                0x001101a4                time
 .text._localeconv_r
                0x001101f0       0x24 /opt/devkitpro/devkitARM/bin/../lib/gcc/arm-none-eabi/13.2.0/../../../../arm-none-eabi/lib/armv6k/fpu/libg.a(libc_a-localeconv.o)
                0x001101f0                _localeconv_r
 .text.memchr   0x00110214       0xe0 /opt/devkitpro/devkitARM/bin/../lib/gcc/arm-none-eabi/13.2.0/../../../../arm-none-eabi/lib/armv6k/fpu/libg.a(libc_a-memchr-stub.o)
                0x00110214                memchr
 .text.__utf8_wctomb
                0x001102f4       0xf0 /opt/devkitpro/devkitARM/bin/../lib/gcc/arm-none-eabi/13.2.0/../../../../arm-none-eabi/lib/armv6k/fpu/libg.a(libc_a-wctomb_r.o)
                0x001102f4                __utf8_wctomb
 .text.memcpy   0x001103e4      0x11c /opt/devkitpro/devkitARM/bin/../lib/gcc/arm-none-eabi/13.2.0/../../../../arm-none-eabi/lib/armv6k/fpu/libg.a(libc_a-memcpy-stub.o)
                0x001103e4                memcpy
 .text.__libc_init_array
                0x00110500       0x84 /opt/devkitpro/devkitARM/bin/../lib/gcc/arm-none-eabi/13.2.0/../../../../arm-none-eabi/lib/armv6k/fpu/libg.a(libc_a-init.o)
                0x00110500                __libc_init_array
 .text.__libc_fini_array
                0x00110584       0x3c /opt/devkitpro/devkitARM/bin/../lib/gcc/arm-none-eabi/13.2.0/../../../../arm-none-eabi/lib/armv6k/fpu/libg.a(libc_a-fini.o)
                0x00110584                __libc_fini_array
 .text.__errno  0x001105c0        0xc /opt/devkitpro/devkitARM/bin/../lib/gcc/arm-none-eabi/13.2.0/../../../../arm-none-eabi/lib/armv6k/fpu/libg.a(libc_a-errno.o)
                0x001105c0                __errno
 *fill*         0x001105cc        0x4 
 .text.frexp    0x001105d0       0x88 /opt/devkitpro/devkitARM/bin/../lib/gcc/arm-none-eabi/13.2.0/../../../../arm-none-eabi/lib/armv6k/fpu/libg.a(libm_a-s_frexp.o)
                0x001105d0                frexp
 .text.__smakebuf_r
                0x00110658      0x12c /opt/devkitpro/devkitARM/bin/../lib/gcc/arm-none-eabi/13.2.0/../../../../arm-none-eabi/lib/armv6k/fpu/libg.a(libc_a-makebuf.o)
                0x00110658                __smakebuf_r
 .text.__swhatbuf_r
                0x00110784       0x8c /opt/devkitpro/devkitARM/bin/../lib/gcc/arm-none-eabi/13.2.0/../../../../arm-none-eabi/lib/armv6k/fpu/libg.a(libc_a-makebuf.o)
                0x00110784                __swhatbuf_r
 .text._wcrtomb_r
                0x00110810       0xa0 /opt/devkitpro/devkitARM/bin/../lib/gcc/arm-none-eabi/13.2.0/../../../../arm-none-eabi/lib/armv6k/fpu/libg.a(libc_a-wcrtomb.o)
                0x00110810                _wcrtomb_r
 .text._wcsrtombs_r
                0x001108b0       0x28 /opt/devkitpro/devkitARM/bin/../lib/gcc/arm-none-eabi/13.2.0/../../../../arm-none-eabi/lib/armv6k/fpu/libg.a(libc_a-wcsrtombs.o)
                0x001108b0                _wcsrtombs_r
 .text.__sread  0x001108d8       0x44 /opt/devkitpro/devkitARM/bin/../lib/gcc/arm-none-eabi/13.2.0/../../../../arm-none-eabi/lib/armv6k/fpu/libg.a(libc_a-stdio.o)
                0x001108d8                __sread
 .text.__swrite
                0x0011091c       0x68 /opt/devkitpro/devkitARM/bin/../lib/gcc/arm-none-eabi/13.2.0/../../../../arm-none-eabi/lib/armv6k/fpu/libg.a(libc_a-stdio.o)
                0x0011091c                __swrite
 .text.__sseek  0x00110984       0x44 /opt/devkitpro/devkitARM/bin/../lib/gcc/arm-none-eabi/13.2.0/../../../../arm-none-eabi/lib/armv6k/fpu/libg.a(libc_a-stdio.o)
                0x00110984                __sseek
 .text.__sclose
                0x001109c8        0x8 /opt/devkitpro/devkitARM/bin/../lib/gcc/arm-none-eabi/13.2.0/../../../../arm-none-eabi/lib/armv6k/fpu/libg.a(libc_a-stdio.o)
                0x001109c8                __sclose
 .text.get_arg  0x001109d0      0x64c /opt/devkitpro/devkitARM/bin/../lib/gcc/arm-none-eabi/13.2.0/../../../../arm-none-eabi/lib/armv6k/fpu/libg.a(libc_a-vfiprintf.o)
 .text.__sprint_r
                0x0011101c       0x30 /opt/devkitpro/devkitARM/bin/../lib/gcc/arm-none-eabi/13.2.0/../../../../arm-none-eabi/lib/armv6k/fpu/libg.a(libc_a-vfiprintf.o)
                0x0011101c                __sprint_r
 .text._vfiprintf_r
                0x0011104c     0x2304 /opt/devkitpro/devkitARM/bin/../lib/gcc/arm-none-eabi/13.2.0/../../../../arm-none-eabi/lib/armv6k/fpu/libg.a(libc_a-vfiprintf.o)
                0x0011104c                _vfiprintf_r
 .text.__sbprintf
                0x00113350       0xb8 /opt/devkitpro/devkitARM/bin/../lib/gcc/arm-none-eabi/13.2.0/../../../../arm-none-eabi/lib/armv6k/fpu/libg.a(libc_a-vfiprintf.o)
 .text.__swsetup_r
                0x00113408      0x138 /opt/devkitpro/devkitARM/bin/../lib/gcc/arm-none-eabi/13.2.0/../../../../arm-none-eabi/lib/armv6k/fpu/libg.a(libc_a-wsetup.o)
                0x00113408                __swsetup_r
 .text.quorem   0x00113540      0x1b4 /opt/devkitpro/devkitARM/bin/../lib/gcc/arm-none-eabi/13.2.0/../../../../arm-none-eabi/lib/armv6k/fpu/libg.a(libc_a-dtoa.o)
 *fill*         0x001136f4        0x4 
 .text._dtoa_r  0x001136f8     0x1218 /opt/devkitpro/devkitARM/bin/../lib/gcc/arm-none-eabi/13.2.0/../../../../arm-none-eabi/lib/armv6k/fpu/libg.a(libc_a-dtoa.o)
                0x001136f8                _dtoa_r
 .text.strchr   0x00114910      0x130 /opt/devkitpro/devkitARM/bin/../lib/gcc/arm-none-eabi/13.2.0/../../../../arm-none-eabi/lib/armv6k/fpu/libg.a(libc_a-strchr.o)
                0x00114910                strchr
 .text._fclose_r
                0x00114a40      0x148 /opt/devkitpro/devkitARM/bin/../lib/gcc/arm-none-eabi/13.2.0/../../../../arm-none-eabi/lib/armv6k/fpu/libg.a(libc_a-fclose.o)
                0x00114a40                _fclose_r
 .text.memmove  0x00114b88      0x150 /opt/devkitpro/devkitARM/bin/../lib/gcc/arm-none-eabi/13.2.0/../../../../arm-none-eabi/lib/armv6k/fpu/libg.a(libc_a-memmove.o)
                0x00114b88                memmove
 .text._Balloc  0x00114cd8       0x88 /opt/devkitpro/devkitARM/bin/../lib/gcc/arm-none-eabi/13.2.0/../../../../arm-none-eabi/lib/armv6k/fpu/libg.a(libc_a-mprec.o)
                0x00114cd8                _Balloc
 .text._Bfree   0x00114d60       0x1c /opt/devkitpro/devkitARM/bin/../lib/gcc/arm-none-eabi/13.2.0/../../../../arm-none-eabi/lib/armv6k/fpu/libg.a(libc_a-mprec.o)
                0x00114d60                _Bfree
 .text.__multadd
                0x00114d7c       0xf4 /opt/devkitpro/devkitARM/bin/../lib/gcc/arm-none-eabi/13.2.0/../../../../arm-none-eabi/lib/armv6k/fpu/libg.a(libc_a-mprec.o)
                0x00114d7c                __multadd
 .text.__hi0bits
                0x00114e70       0x60 /opt/devkitpro/devkitARM/bin/../lib/gcc/arm-none-eabi/13.2.0/../../../../arm-none-eabi/lib/armv6k/fpu/libg.a(libc_a-mprec.o)
                0x00114e70                __hi0bits
 .text.__lo0bits
                0x00114ed0       0x9c /opt/devkitpro/devkitARM/bin/../lib/gcc/arm-none-eabi/13.2.0/../../../../arm-none-eabi/lib/armv6k/fpu/libg.a(libc_a-mprec.o)
                0x00114ed0                __lo0bits
 .text.__i2b    0x00114f6c       0xa4 /opt/devkitpro/devkitARM/bin/../lib/gcc/arm-none-eabi/13.2.0/../../../../arm-none-eabi/lib/armv6k/fpu/libg.a(libc_a-mprec.o)
                0x00114f6c                __i2b
 .text.__multiply
                0x00115010      0x204 /opt/devkitpro/devkitARM/bin/../lib/gcc/arm-none-eabi/13.2.0/../../../../arm-none-eabi/lib/armv6k/fpu/libg.a(libc_a-mprec.o)
                0x00115010                __multiply
 .text.__pow5mult
                0x00115214      0x128 /opt/devkitpro/devkitARM/bin/../lib/gcc/arm-none-eabi/13.2.0/../../../../arm-none-eabi/lib/armv6k/fpu/libg.a(libc_a-mprec.o)
                0x00115214                __pow5mult
 .text.__lshift
                0x0011533c      0x140 /opt/devkitpro/devkitARM/bin/../lib/gcc/arm-none-eabi/13.2.0/../../../../arm-none-eabi/lib/armv6k/fpu/libg.a(libc_a-mprec.o)
                0x0011533c                __lshift
 .text.__mcmp   0x0011547c       0x58 /opt/devkitpro/devkitARM/bin/../lib/gcc/arm-none-eabi/13.2.0/../../../../arm-none-eabi/lib/armv6k/fpu/libg.a(libc_a-mprec.o)
                0x0011547c                __mcmp
 .text.__mdiff  0x001154d4      0x1fc /opt/devkitpro/devkitARM/bin/../lib/gcc/arm-none-eabi/13.2.0/../../../../arm-none-eabi/lib/armv6k/fpu/libg.a(libc_a-mprec.o)
                0x001154d4                __mdiff
 .text.__d2b    0x001156d0      0x124 /opt/devkitpro/devkitARM/bin/../lib/gcc/arm-none-eabi/13.2.0/../../../../arm-none-eabi/lib/armv6k/fpu/libg.a(libc_a-mprec.o)
                0x001156d0                __d2b
 .text.__sfvwrite_r
                0x001157f4      0x4b4 /opt/devkitpro/devkitARM/bin/../lib/gcc/arm-none-eabi/13.2.0/../../../../arm-none-eabi/lib/armv6k/fpu/libg.a(libc_a-fvwrite.o)
                0x001157f4                __sfvwrite_r
 .text._realloc_r
                0x00115ca8      0x4a0 /opt/devkitpro/devkitARM/bin/../lib/gcc/arm-none-eabi/13.2.0/../../../../arm-none-eabi/lib/armv6k/fpu/libg.a(libc_a-reallocr.o)
                0x00115ca8                _realloc_r
 .text.__utf8_mbtowc
                0x00116148      0x2f8 /opt/devkitpro/devkitARM/bin/../lib/gcc/arm-none-eabi/13.2.0/../../../../arm-none-eabi/lib/armv6k/fpu/libg.a(libc_a-mbtowc_r.o)
                0x00116148                __utf8_mbtowc
 .text._wcsnrtombs_l
                0x00116440      0x188 /opt/devkitpro/devkitARM/bin/../lib/gcc/arm-none-eabi/13.2.0/../../../../arm-none-eabi/lib/armv6k/fpu/libg.a(libc_a-wcsnrtombs.o)
                0x00116440                _wcsnrtombs_l
 .text._wcsnrtombs_r
                0x001165c8       0x64 /opt/devkitpro/devkitARM/bin/../lib/gcc/arm-none-eabi/13.2.0/../../../../arm-none-eabi/lib/armv6k/fpu/libg.a(libc_a-wcsnrtombs.o)
                0x001165c8                _wcsnrtombs_r
 .text._calloc_r
                0x0011662c       0xc0 /opt/devkitpro/devkitARM/bin/../lib/gcc/arm-none-eabi/13.2.0/../../../../arm-none-eabi/lib/armv6k/fpu/libg.a(libc_a-callocr.o)
                0x0011662c                _calloc_r
 .text.__assert_func
                0x001166ec       0x5c /opt/devkitpro/devkitARM/bin/../lib/gcc/arm-none-eabi/13.2.0/../../../../arm-none-eabi/lib/armv6k/fpu/libg.a(libc_a-assert.o)
                0x001166ec                __assert_func
 .text.fiprintf
                0x00116748       0x3c /opt/devkitpro/devkitARM/bin/../lib/gcc/arm-none-eabi/13.2.0/../../../../arm-none-eabi/lib/armv6k/fpu/libg.a(libc_a-fiprintf.o)
                0x00116748                fiprintf
 .text.abort    0x00116784       0x14 /opt/devkitpro/devkitARM/bin/../lib/gcc/arm-none-eabi/13.2.0/../../../../arm-none-eabi/lib/armv6k/fpu/libg.a(libc_a-abort.o)
                0x00116784                abort
 .text._raise_r
                0x00116798       0x90 /opt/devkitpro/devkitARM/bin/../lib/gcc/arm-none-eabi/13.2.0/../../../../arm-none-eabi/lib/armv6k/fpu/libg.a(libc_a-signal.o)
                0x00116798                _raise_r
 .text.raise    0x00116828       0x18 /opt/devkitpro/devkitARM/bin/../lib/gcc/arm-none-eabi/13.2.0/../../../../arm-none-eabi/lib/armv6k/fpu/libg.a(libc_a-signal.o)
                0x00116828                raise
 .text._exit    0x00116840       0x20 /opt/devkitpro/devkitARM/bin/../lib/gcc/arm-none-eabi/13.2.0/../../../../arm-none-eabi/lib/armv6k/fpu/libsysbase.a(libsysbase_libsysbase_a-_exit.o)
                0x00116840                _exit
 .text.chdir    0x00116860      0x13c /opt/devkitpro/devkitARM/bin/../lib/gcc/arm-none-eabi/13.2.0/../../../../arm-none-eabi/lib/armv6k/fpu/libsysbase.a(libsysbase_libsysbase_a-chdir.o)
                0x00116860                chdir
 .text._concatenate_path
                0x0011699c      0x1cc /opt/devkitpro/devkitARM/bin/../lib/gcc/arm-none-eabi/13.2.0/../../../../arm-none-eabi/lib/armv6k/fpu/libsysbase.a(libsysbase_libsysbase_a-concatenate.o)
                0x0011699c                _concatenate_path
 .text._fstat_r
                0x00116b68       0x78 /opt/devkitpro/devkitARM/bin/../lib/gcc/arm-none-eabi/13.2.0/../../../../arm-none-eabi/lib/armv6k/fpu/libsysbase.a(libsysbase_libsysbase_a-fstat.o)
                0x00116b68                _fstat_r
 .text._getpid_r
                0x00116be0       0x14 /opt/devkitpro/devkitARM/bin/../lib/gcc/arm-none-eabi/13.2.0/../../../../arm-none-eabi/lib/armv6k/fpu/libsysbase.a(libsysbase_libsysbase_a-getpid.o)
                0x00116be0                _getpid_r
 .text.__getreent
                0x00116bf4       0x2c /opt/devkitpro/devkitARM/bin/../lib/gcc/arm-none-eabi/13.2.0/../../../../arm-none-eabi/lib/armv6k/fpu/libsysbase.a(libsysbase_libsysbase_a-getreent.o)
                0x00116bf4                __getreent
 .text._gettimeofday_r
                0x00116c20       0x30 /opt/devkitpro/devkitARM/bin/../lib/gcc/arm-none-eabi/13.2.0/../../../../arm-none-eabi/lib/armv6k/fpu/libsysbase.a(libsysbase_libsysbase_a-gettod.o)
                0x00116c20                _gettimeofday_r
 .text.__get_handle
                0x00116c50       0x3c /opt/devkitpro/devkitARM/bin/../lib/gcc/arm-none-eabi/13.2.0/../../../../arm-none-eabi/lib/armv6k/fpu/libsysbase.a(libsysbase_libsysbase_a-handle_manager.o)
                0x00116c50                __get_handle
 .text._close_r
                0x00116c8c       0xf4 /opt/devkitpro/devkitARM/bin/../lib/gcc/arm-none-eabi/13.2.0/../../../../arm-none-eabi/lib/armv6k/fpu/libsysbase.a(libsysbase_libsysbase_a-handle_manager.o)
                0x00116c8c                _close_r
 .text.null_write
                0x00116d80        0x8 /opt/devkitpro/devkitARM/bin/../lib/gcc/arm-none-eabi/13.2.0/../../../../arm-none-eabi/lib/armv6k/fpu/libsysbase.a(libsysbase_libsysbase_a-iosupport.o)
 .text.setDefaultDevice
                0x00116d88       0x18 /opt/devkitpro/devkitARM/bin/../lib/gcc/arm-none-eabi/13.2.0/../../../../arm-none-eabi/lib/armv6k/fpu/libsysbase.a(libsysbase_libsysbase_a-iosupport.o)
                0x00116d88                setDefaultDevice
 .text.FindDevice
                0x00116da0       0xc8 /opt/devkitpro/devkitARM/bin/../lib/gcc/arm-none-eabi/13.2.0/../../../../arm-none-eabi/lib/armv6k/fpu/libsysbase.a(libsysbase_libsysbase_a-iosupport.o)
                0x00116da0                FindDevice
 .text.RemoveDevice
                0x00116e68       0x28 /opt/devkitpro/devkitARM/bin/../lib/gcc/arm-none-eabi/13.2.0/../../../../arm-none-eabi/lib/armv6k/fpu/libsysbase.a(libsysbase_libsysbase_a-iosupport.o)
                0x00116e68                RemoveDevice
 .text.AddDevice
                0x00116e90       0x9c /opt/devkitpro/devkitARM/bin/../lib/gcc/arm-none-eabi/13.2.0/../../../../arm-none-eabi/lib/armv6k/fpu/libsysbase.a(libsysbase_libsysbase_a-iosupport.o)
                0x00116e90                AddDevice
 .text.GetDeviceOpTab
                0x00116f2c       0x20 /opt/devkitpro/devkitARM/bin/../lib/gcc/arm-none-eabi/13.2.0/../../../../arm-none-eabi/lib/armv6k/fpu/libsysbase.a(libsysbase_libsysbase_a-iosupport.o)
                0x00116f2c                GetDeviceOpTab
 .text._isatty_r
                0x00116f4c        0x8 /opt/devkitpro/devkitARM/bin/../lib/gcc/arm-none-eabi/13.2.0/../../../../arm-none-eabi/lib/armv6k/fpu/libsysbase.a(libsysbase_libsysbase_a-isatty.o)
                0x00116f4c                _isatty_r
 .text._kill_r  0x00116f54       0x14 /opt/devkitpro/devkitARM/bin/../lib/gcc/arm-none-eabi/13.2.0/../../../../arm-none-eabi/lib/armv6k/fpu/libsysbase.a(libsysbase_libsysbase_a-kill.o)
                0x00116f54                _kill_r
 .text._lseek_r
                0x00116f68       0x84 /opt/devkitpro/devkitARM/bin/../lib/gcc/arm-none-eabi/13.2.0/../../../../arm-none-eabi/lib/armv6k/fpu/libsysbase.a(libsysbase_libsysbase_a-lseek.o)
                0x00116f68                _lseek_r
 .text._read_r  0x00116fec       0x80 /opt/devkitpro/devkitARM/bin/../lib/gcc/arm-none-eabi/13.2.0/../../../../arm-none-eabi/lib/armv6k/fpu/libsysbase.a(libsysbase_libsysbase_a-read.o)
                0x00116fec                _read_r
 .text._sbrk_r  0x0011706c       0x78 /opt/devkitpro/devkitARM/bin/../lib/gcc/arm-none-eabi/13.2.0/../../../../arm-none-eabi/lib/armv6k/fpu/libsysbase.a(libsysbase_libsysbase_a-sbrk.o)
                0x0011706c                _sbrk_r
 .text.__libc_lock_acquire
                0x001170e4       0x1c /opt/devkitpro/devkitARM/bin/../lib/gcc/arm-none-eabi/13.2.0/../../../../arm-none-eabi/lib/armv6k/fpu/libsysbase.a(libsysbase_libsysbase_a-syscall_support.o)
                0x001170e4                __libc_lock_acquire
 .text.__libc_lock_release
                0x00117100       0x1c /opt/devkitpro/devkitARM/bin/../lib/gcc/arm-none-eabi/13.2.0/../../../../arm-none-eabi/lib/armv6k/fpu/libsysbase.a(libsysbase_libsysbase_a-syscall_support.o)
                0x00117100                __libc_lock_release
 .text.__libc_lock_acquire_recursive
                0x0011711c       0x1c /opt/devkitpro/devkitARM/bin/../lib/gcc/arm-none-eabi/13.2.0/../../../../arm-none-eabi/lib/armv6k/fpu/libsysbase.a(libsysbase_libsysbase_a-syscall_support.o)
                0x0011711c                __libc_lock_acquire_recursive
 .text.__libc_lock_release_recursive
                0x00117138       0x1c /opt/devkitpro/devkitARM/bin/../lib/gcc/arm-none-eabi/13.2.0/../../../../arm-none-eabi/lib/armv6k/fpu/libsysbase.a(libsysbase_libsysbase_a-syscall_support.o)
                0x00117138                __libc_lock_release_recursive
 .text._write_r
                0x00117154       0x80 /opt/devkitpro/devkitARM/bin/../lib/gcc/arm-none-eabi/13.2.0/../../../../arm-none-eabi/lib/armv6k/fpu/libsysbase.a(libsysbase_libsysbase_a-write.o)
                0x00117154                _write_r
 .text.strrchr  0x001171d4       0x48 /opt/devkitpro/devkitARM/bin/../lib/gcc/arm-none-eabi/13.2.0/../../../../arm-none-eabi/lib/armv6k/fpu/libg.a(libc_a-strrchr.o)
                0x001171d4                strrchr
 *(.glue_7)
 .glue_7        0x0011721c        0x0 linker stubs
 *(.glue_7t)
 .glue_7t       0x0011721c        0x0 linker stubs
 *(.stub)
 *(.gnu.warning)
 *(.gnu.linkonce.t*)
                0x0011721c                        . = ALIGN (0x4)
 *(.fini)
 .fini          0x0011721c        0xc /opt/devkitpro/devkitARM/bin/../lib/gcc/arm-none-eabi/13.2.0/armv6k/fpu/crti.o
                0x0011721c                _fini
 .fini          0x00117228        0xc /opt/devkitpro/devkitARM/bin/../lib/gcc/arm-none-eabi/13.2.0/armv6k/fpu/crtn.o
                0x00117234                        . = ALIGN (0x4)

.vfp11_veneer   0x00117234        0x0
 .vfp11_veneer  0x00117234        0x0 linker stubs

.v4_bx          0x00117234        0x0
 .v4_bx         0x00117234        0x0 linker stubs

.iplt           0x00117234        0x0
 .iplt          0x00117234        0x0 /opt/devkitpro/devkitARM/bin/../lib/gcc/arm-none-eabi/13.2.0/../../../../arm-none-eabi/lib/armv6k/fpu/3dsx_crt0.o
                0x00118000                        . = ALIGN (0x1000)

.rodata         0x00118000     0x1084
 *(.rodata)
 .rodata        0x00118000        0xc /opt/devkitpro/libctru/lib/libctru.a(archive_dev.o)
 *(.roda)
 *(.rodata.*)
 .rodata.str1.4
                0x0011800c      0x207 main.o
                                 0x33 (size before relaxing)
 .rodata.str1.4
                0x00118213       0x10 /opt/devkitpro/libctru/lib/libctru.a(console.o)
 *fill*         0x00118213        0x1 
 .rodata.dotab_stdout
                0x00118214       0x80 /opt/devkitpro/libctru/lib/libctru.a(console.o)
 .rodata.grayScale
                0x00118294       0x18 /opt/devkitpro/libctru/lib/libctru.a(console.o)
 .rodata.colorCube
                0x001182ac        0x6 /opt/devkitpro/libctru/lib/libctru.a(console.o)
 *fill*         0x001182b2        0x2 
 .rodata.colorTable
                0x001182b4       0x30 /opt/devkitpro/libctru/lib/libctru.a(console.o)
 .rodata.aptSendCommand.str1.4
                0x001182e4       0x16 /opt/devkitpro/libctru/lib/libctru.a(apt.o)
 .rodata.morton_y.2
                0x001182e4        0x8 /opt/devkitpro/libctru/lib/libctru.a(apt.o)
 .rodata.morton_x.3
                0x001182ec        0x8 /opt/devkitpro/libctru/lib/libctru.a(apt.o)
 .rodata.s_sleepWakeEvents.4
                0x001182f4        0x8 /opt/devkitpro/libctru/lib/libctru.a(apt.o)
 .rodata.gspInit.str1.4
                0x001182fc        0x9 /opt/devkitpro/libctru/lib/libctru.a(gspgpu.o)
 .rodata.hidInit.str1.4
                0x001182fc       0x15 /opt/devkitpro/libctru/lib/libctru.a(hid.o)
 .rodata.irrstInit.str1.4
                0x001182fc        0x7 /opt/devkitpro/libctru/lib/libctru.a(irrst.o)
 .rodata.__system_initArgv.str1.4
                0x001182fc        0xa /opt/devkitpro/libctru/lib/libctru.a(initArgv.o)
 .rodata.default_font_bin
                0x001182fc      0x800 /opt/devkitpro/libctru/lib/libctru.a(default_font.bin.o)
                0x001182fc                default_font_bin
                0x00118afc                default_font_bin_end
 .rodata.srvInit.str1.4
                0x00118afc        0x5 /opt/devkitpro/libctru/lib/libctru.a(srv.o)
 .rodata.ptmSysmInit.str1.4
                0x00118afc        0x9 /opt/devkitpro/libctru/lib/libctru.a(ptmsysm.o)
 .rodata.archive_utf16path.str1.4
                0x00118afc        0x2 /opt/devkitpro/libctru/lib/libctru.a(archive_dev.o)
 .rodata._archiveUnmountDeviceStruct.part.0.str1.4
                0x00118afc        0x2 /opt/devkitpro/libctru/lib/libctru.a(archive_dev.o)
 .rodata._archiveMountDevice.str1.4
                0x00118afc        0xc /opt/devkitpro/libctru/lib/libctru.a(archive_dev.o)
 .rodata.archiveMountSdmc.str1.4
                0x00118afc        0x5 /opt/devkitpro/libctru/lib/libctru.a(archive_dev.o)
 .rodata.error_table
                0x00118afc       0x30 /opt/devkitpro/libctru/lib/libctru.a(archive_dev.o)
 .rodata.str1.4
                0x00118b2c        0x8 /opt/devkitpro/libctru/lib/libctru.a(archive_dev.o)
 .rodata.archive_devoptab
                0x00118b2c       0x80 /opt/devkitpro/libctru/lib/libctru.a(archive_dev.o)
 .rodata.fsInit.str1.4
                0x00118bac        0x8 /opt/devkitpro/libctru/lib/libctru.a(fs.o)
 .rodata._vfprintf_r.str1.1
                0x00118bac       0x3b /opt/devkitpro/devkitARM/bin/../lib/gcc/arm-none-eabi/13.2.0/../../../../arm-none-eabi/lib/armv6k/fpu/libg.a(libc_a-vfprintf.o)
 *fill*         0x00118be7        0x1 
 .rodata.zeroes.0
                0x00118be8       0x10 /opt/devkitpro/devkitARM/bin/../lib/gcc/arm-none-eabi/13.2.0/../../../../arm-none-eabi/lib/armv6k/fpu/libg.a(libc_a-vfprintf.o)
 .rodata.blanks.1
                0x00118bf8       0x10 /opt/devkitpro/devkitARM/bin/../lib/gcc/arm-none-eabi/13.2.0/../../../../arm-none-eabi/lib/armv6k/fpu/libg.a(libc_a-vfprintf.o)
 .rodata.str1.4
                0x00118c08       0x4c /opt/devkitpro/devkitARM/bin/../lib/gcc/arm-none-eabi/13.2.0/../../../../arm-none-eabi/lib/armv6k/fpu/libg.a(libc_a-locale.o)
 .rodata._ctype_
                0x00118c08      0x101 /opt/devkitpro/devkitARM/bin/../lib/gcc/arm-none-eabi/13.2.0/../../../../arm-none-eabi/lib/armv6k/fpu/libg.a(libc_a-ctype_.o)
                0x00118c08                _ctype_
 .rodata._vfiprintf_r.str1.1
                0x00118d09       0x29 /opt/devkitpro/devkitARM/bin/../lib/gcc/arm-none-eabi/13.2.0/../../../../arm-none-eabi/lib/armv6k/fpu/libg.a(libc_a-vfiprintf.o)
 *fill*         0x00118d09        0x3 
 .rodata.zeroes.0
                0x00118d0c       0x10 /opt/devkitpro/devkitARM/bin/../lib/gcc/arm-none-eabi/13.2.0/../../../../arm-none-eabi/lib/armv6k/fpu/libg.a(libc_a-vfiprintf.o)
 .rodata.blanks.1
                0x00118d1c       0x10 /opt/devkitpro/devkitARM/bin/../lib/gcc/arm-none-eabi/13.2.0/../../../../arm-none-eabi/lib/armv6k/fpu/libg.a(libc_a-vfiprintf.o)
 .rodata.__action_table
                0x00118d2c       0x6c /opt/devkitpro/devkitARM/bin/../lib/gcc/arm-none-eabi/13.2.0/../../../../arm-none-eabi/lib/armv6k/fpu/libg.a(libc_a-svfiprintf.o)
                0x00118d2c                __action_table
 .rodata.__state_table
                0x00118d98       0x6c /opt/devkitpro/devkitARM/bin/../lib/gcc/arm-none-eabi/13.2.0/../../../../arm-none-eabi/lib/armv6k/fpu/libg.a(libc_a-svfiprintf.o)
                0x00118d98                __state_table
 .rodata.__chclass
                0x00118e04      0x100 /opt/devkitpro/devkitARM/bin/../lib/gcc/arm-none-eabi/13.2.0/../../../../arm-none-eabi/lib/armv6k/fpu/libg.a(libc_a-svfiprintf.o)
                0x00118e04                __chclass
 .rodata._dtoa_r.str1.4
                0x00118f04       0x6a /opt/devkitpro/devkitARM/bin/../lib/gcc/arm-none-eabi/13.2.0/../../../../arm-none-eabi/lib/armv6k/fpu/libg.a(libc_a-dtoa.o)
 .rodata.__multadd.str1.4
                0x00118f04       0x57 /opt/devkitpro/devkitARM/bin/../lib/gcc/arm-none-eabi/13.2.0/../../../../arm-none-eabi/lib/armv6k/fpu/libg.a(libc_a-mprec.o)
 .rodata.p05.0  0x00118f04        0xc /opt/devkitpro/devkitARM/bin/../lib/gcc/arm-none-eabi/13.2.0/../../../../arm-none-eabi/lib/armv6k/fpu/libg.a(libc_a-mprec.o)
 .rodata.__mprec_bigtens
                0x00118f10       0x28 /opt/devkitpro/devkitARM/bin/../lib/gcc/arm-none-eabi/13.2.0/../../../../arm-none-eabi/lib/armv6k/fpu/libg.a(libc_a-mprec.o)
                0x00118f10                __mprec_bigtens
 .rodata.__mprec_tens
                0x00118f38       0xc8 /opt/devkitpro/devkitARM/bin/../lib/gcc/arm-none-eabi/13.2.0/../../../../arm-none-eabi/lib/armv6k/fpu/libg.a(libc_a-mprec.o)
                0x00118f38                __mprec_tens
 .rodata.__assert_func.str1.4
                0x00119000       0x43 /opt/devkitpro/devkitARM/bin/../lib/gcc/arm-none-eabi/13.2.0/../../../../arm-none-eabi/lib/armv6k/fpu/libg.a(libc_a-assert.o)
 .rodata.AddDevice.str1.4
                0x00119000        0x8 /opt/devkitpro/devkitARM/bin/../lib/gcc/arm-none-eabi/13.2.0/../../../../arm-none-eabi/lib/armv6k/fpu/libsysbase.a(libsysbase_libsysbase_a-iosupport.o)
 .rodata.dotab_stdnull
                0x00119000       0x80 /opt/devkitpro/devkitARM/bin/../lib/gcc/arm-none-eabi/13.2.0/../../../../arm-none-eabi/lib/armv6k/fpu/libsysbase.a(libsysbase_libsysbase_a-iosupport.o)
                0x00119000                dotab_stdnull
 *all.rodata*(*)
 *(.gnu.linkonce.r*)
                0x00119080                        . = ALIGN (0x4)
                0x00119080                        __tdata_align = .
                0x00119080        0x4 LONG 0x4 ALIGNOF (.tdata)
                0x00119084                        . = ALIGN (0x4)

.eh_frame       0x00119084        0x0
 .eh_frame      0x00119084        0x0 /opt/devkitpro/devkitARM/bin/../lib/gcc/arm-none-eabi/13.2.0/armv6k/fpu/crtbegin.o

.rel.dyn        0x00119084        0x0
 .rel.iplt      0x00119084        0x0 /opt/devkitpro/devkitARM/bin/../lib/gcc/arm-none-eabi/13.2.0/../../../../arm-none-eabi/lib/armv6k/fpu/3dsx_crt0.o
 .rel.got       0x00119084        0x0 /opt/devkitpro/devkitARM/bin/../lib/gcc/arm-none-eabi/13.2.0/../../../../arm-none-eabi/lib/armv6k/fpu/3dsx_crt0.o

.ARM.extab
 *(.ARM.extab* .gnu.linkonce.armextab.*)
                0x00119084                        __exidx_start = .

.ARM.exidx
 *(.ARM.exidx* .gnu.linkonce.armexidx.*)
                0x00119084                        __exidx_end = .
                0x0011a000                        . = ALIGN (0x1000)

.data           0x0011a000     0x1bd4
 *(.data)
 .data          0x0011a000        0x8 main.o
                0x0011a000                width
                0x0011a004                height
 *(.data.*)
 .data.firstConsoleInit.0
                0x0011a008        0x1 /opt/devkitpro/libctru/lib/libctru.a(console.o)
 *fill*         0x0011a009        0x3 
 .data.currentConsole
                0x0011a00c        0x4 /opt/devkitpro/libctru/lib/libctru.a(console.o)
                0x0011a00c                currentConsole
 .data.defaultConsole
                0x0011a010       0x48 /opt/devkitpro/libctru/lib/libctru.a(console.o)
                0x0011a010                defaultConsole
 .data.aptChainloadDeliverArgSize
                0x0011a058        0x4 /opt/devkitpro/libctru/lib/libctru.a(apt.o)
 .data.kCount   0x0011a05c        0x4 /opt/devkitpro/libctru/lib/libctru.a(hid.o)
 .data.kInterval
                0x0011a060        0x4 /opt/devkitpro/libctru/lib/libctru.a(hid.o)
 .data.kDelay   0x0011a064        0x4 /opt/devkitpro/libctru/lib/libctru.a(hid.o)
 .data.__stacksize__
                0x0011a068        0x4 /opt/devkitpro/libctru/lib/libctru.a(stack_adjust.o)
                0x0011a068                __stacksize__
 .data.__malloc_sbrk_base
                0x0011a06c        0x4 /opt/devkitpro/devkitARM/bin/../lib/gcc/arm-none-eabi/13.2.0/../../../../arm-none-eabi/lib/armv6k/fpu/libg.a(libc_a-mallocr.o)
                0x0011a06c                __malloc_sbrk_base
 .data.__malloc_trim_threshold
                0x0011a070        0x4 /opt/devkitpro/devkitARM/bin/../lib/gcc/arm-none-eabi/13.2.0/../../../../arm-none-eabi/lib/armv6k/fpu/libg.a(libc_a-mallocr.o)
                0x0011a070                __malloc_trim_threshold
 *fill*         0x0011a074        0x4 
 .data.__malloc_av_
                0x0011a078      0x408 /opt/devkitpro/devkitARM/bin/../lib/gcc/arm-none-eabi/13.2.0/../../../../arm-none-eabi/lib/armv6k/fpu/libg.a(libc_a-mallocr.o)
                0x0011a078                __malloc_av_
 .data.__sglue  0x0011a480        0xc /opt/devkitpro/devkitARM/bin/../lib/gcc/arm-none-eabi/13.2.0/../../../../arm-none-eabi/lib/armv6k/fpu/libg.a(libc_a-findfp.o)
                0x0011a480                __sglue
 .data.__global_locale
                0x0011a48c      0x16c /opt/devkitpro/devkitARM/bin/../lib/gcc/arm-none-eabi/13.2.0/../../../../arm-none-eabi/lib/armv6k/fpu/libg.a(libc_a-locale.o)
                0x0011a48c                __global_locale
 .data._impure_ptr
                0x0011a5f8        0x4 /opt/devkitpro/devkitARM/bin/../lib/gcc/arm-none-eabi/13.2.0/../../../../arm-none-eabi/lib/armv6k/fpu/libg.a(libc_a-impure.o)
                0x0011a5f8                _impure_ptr
 *fill*         0x0011a5fc        0x4 
 .data._impure_data
                0x0011a600      0x120 /opt/devkitpro/devkitARM/bin/../lib/gcc/arm-none-eabi/13.2.0/../../../../arm-none-eabi/lib/armv6k/fpu/libg.a(libc_a-impure.o)
                0x0011a600                _impure_data
 .data._current_working_directory
                0x0011a720      0x400 /opt/devkitpro/devkitARM/bin/../lib/gcc/arm-none-eabi/13.2.0/../../../../arm-none-eabi/lib/armv6k/fpu/libsysbase.a(libsysbase_libsysbase_a-chdir.o)
 .data.handles  0x0011ab20     0x1000 /opt/devkitpro/devkitARM/bin/../lib/gcc/arm-none-eabi/13.2.0/../../../../arm-none-eabi/lib/armv6k/fpu/libsysbase.a(libsysbase_libsysbase_a-handle_manager.o)
 .data.__stderr_handle
                0x0011bb20        0xc /opt/devkitpro/devkitARM/bin/../lib/gcc/arm-none-eabi/13.2.0/../../../../arm-none-eabi/lib/armv6k/fpu/libsysbase.a(libsysbase_libsysbase_a-handle_manager.o)
 .data.__stdout_handle
                0x0011bb2c        0xc /opt/devkitpro/devkitARM/bin/../lib/gcc/arm-none-eabi/13.2.0/../../../../arm-none-eabi/lib/armv6k/fpu/libsysbase.a(libsysbase_libsysbase_a-handle_manager.o)
 .data.__stdin_handle
                0x0011bb38        0xc /opt/devkitpro/devkitARM/bin/../lib/gcc/arm-none-eabi/13.2.0/../../../../arm-none-eabi/lib/armv6k/fpu/libsysbase.a(libsysbase_libsysbase_a-handle_manager.o)
 .data.devoptab_list
                0x0011bb44       0x8c /opt/devkitpro/devkitARM/bin/../lib/gcc/arm-none-eabi/13.2.0/../../../../arm-none-eabi/lib/armv6k/fpu/libsysbase.a(libsysbase_libsysbase_a-iosupport.o)
                0x0011bb44                devoptab_list
 .data.defaultDevice
                0x0011bbd0        0x4 /opt/devkitpro/devkitARM/bin/../lib/gcc/arm-none-eabi/13.2.0/../../../../arm-none-eabi/lib/armv6k/fpu/libsysbase.a(libsysbase_libsysbase_a-iosupport.o)
 *(.gnu.linkonce.d*)
                0x0011bbd4                        . = ALIGN (0x4)

.igot.plt       0x0011bbd4        0x0
 .igot.plt      0x0011bbd4        0x0 /opt/devkitpro/devkitARM/bin/../lib/gcc/arm-none-eabi/13.2.0/../../../../arm-none-eabi/lib/armv6k/fpu/3dsx_crt0.o

.got            0x0011bbd4        0x8
 .got           0x0011bbd4        0x8 /opt/devkitpro/devkitARM/bin/../lib/gcc/arm-none-eabi/13.2.0/../../../../arm-none-eabi/lib/armv6k/fpu/3dsx_crt0.o

.got.plt        0x0011bbdc        0xc
 .got.plt       0x0011bbdc        0xc /opt/devkitpro/devkitARM/bin/../lib/gcc/arm-none-eabi/13.2.0/../../../../arm-none-eabi/lib/armv6k/fpu/3dsx_crt0.o
                0x0011bbdc                _GLOBAL_OFFSET_TABLE_

.tdata          0x0011bbe8        0x0
                0x0011bbe8                        __tdata_lma = .
 *(.tdata)
 *(.tdata.*)
 *(.gnu.linkonce.td.*)
                0x0011bbe8                        . = ALIGN (0x4)
                0x0011bbe8                        __tdata_lma_end = .

.tbss           0x0011bbe8      0xc08
 *(.tbss)
 *(.tbss.*)
 .tbss.__ctru_dev_utf16_buf
                0x0011bbe8      0x802 /opt/devkitpro/libctru/lib/libctru.a(path_buf.o)
                0x0011bbe8                __ctru_dev_utf16_buf
 *fill*         0x0011c3ea        0x2 
 .tbss.__ctru_dev_path_buf
                0x0011c3ec      0x401 /opt/devkitpro/libctru/lib/libctru.a(path_buf.o)
                0x0011c3ec                __ctru_dev_path_buf
 *(.gnu.linkonce.tb.*)
 *(.tcommon)
                0x0011c7f0                        . = ALIGN (0x4)
 *fill*         0x0011c7ed        0x3 

.preinit_array  0x0011bbe8        0x0
                0x0011bbe8                        PROVIDE (__preinit_array_start = .)
 *(.preinit_array)
                0x0011bbe8                        PROVIDE (__preinit_array_end = .)

.init_array     0x0011bbe8        0x8
                0x0011bbe8                        PROVIDE (__init_array_start = .)
 *(SORT_BY_NAME(.init_array.*))
 *(.init_array)
 .init_array    0x0011bbe8        0x4 /opt/devkitpro/devkitARM/bin/../lib/gcc/arm-none-eabi/13.2.0/armv6k/fpu/crtbegin.o
 .init_array    0x0011bbec        0x4 main.o
                0x0011bbf0                        PROVIDE (__init_array_end = .)

.fini_array     0x0011bbf0        0x4
                0x0011bbf0                        PROVIDE (__fini_array_start = .)
 *(.fini_array)
 .fini_array    0x0011bbf0        0x4 /opt/devkitpro/devkitARM/bin/../lib/gcc/arm-none-eabi/13.2.0/armv6k/fpu/crtbegin.o
 *(SORT_BY_NAME(.fini_array.*))
                0x0011bbf4                        PROVIDE (__fini_array_end = .)

.ctors
 *crtbegin.o(.ctors)
 *(EXCLUDE_FILE(*crtend.o) .ctors)
 *(SORT_BY_NAME(.ctors.*))
 *(.ctors)

.dtors
 *crtbegin.o(.dtors)
 *(EXCLUDE_FILE(*crtend.o) .dtors)
 *(SORT_BY_NAME(.dtors.*))
 *(.dtors)
                0x0011bbf4                        __bss_start__ = .

.bss            0x0011bbf4     0x2df0
 *(.dynbss)
 *(.bss)
 .bss           0x0011bbf4        0xc main.o
                0x0011bbf4                fruitCordX
                0x0011bbf8                fruitCordY
                0x0011bbfc                topScreen
 *(.bss.*)
 .bss.completed.1
                0x0011bc00        0x1 /opt/devkitpro/devkitARM/bin/../lib/gcc/arm-none-eabi/13.2.0/armv6k/fpu/crtbegin.o
 *fill*         0x0011bc01        0x3 
 .bss.object.0  0x0011bc04       0x18 /opt/devkitpro/devkitARM/bin/../lib/gcc/arm-none-eabi/13.2.0/armv6k/fpu/crtbegin.o
 .bss.escapeSeq
                0x0011bc1c       0x1c /opt/devkitpro/libctru/lib/libctru.a(console.o)
 .bss.currentCopy
                0x0011bc38       0x48 /opt/devkitpro/libctru/lib/libctru.a(console.o)
                0x0011bc38                currentCopy
 .bss.screenAlloc
                0x0011bc80        0x4 /opt/devkitpro/libctru/lib/libctru.a(gfx.o)
 .bss.screenFree
                0x0011bc84        0x4 /opt/devkitpro/libctru/lib/libctru.a(gfx.o)
 .bss.gfxIsDoubleBuf
                0x0011bc88        0x2 /opt/devkitpro/libctru/lib/libctru.a(gfx.o)
 *fill*         0x0011bc8a        0x2 
 .bss.gfxCurBuf
                0x0011bc8c        0x2 /opt/devkitpro/libctru/lib/libctru.a(gfx.o)
 .bss.gfxIsVram
                0x0011bc8e        0x1 /opt/devkitpro/libctru/lib/libctru.a(gfx.o)
 .bss.gfxTopMode
                0x0011bc8f        0x1 /opt/devkitpro/libctru/lib/libctru.a(gfx.o)
 .bss.gfxFramebufferFormats
                0x0011bc90        0x2 /opt/devkitpro/libctru/lib/libctru.a(gfx.o)
 *fill*         0x0011bc92        0x2 
 .bss.gfxBottomFramebufferMaxSize
                0x0011bc94        0x4 /opt/devkitpro/libctru/lib/libctru.a(gfx.o)
 .bss.gfxTopFramebufferMaxSize
                0x0011bc98        0x4 /opt/devkitpro/libctru/lib/libctru.a(gfx.o)
 *fill*         0x0011bc9c        0x4 
 .bss.gfxBottomFramebuffers
                0x0011bca0        0x8 /opt/devkitpro/libctru/lib/libctru.a(gfx.o)
 .bss.gfxTopFramebuffers
                0x0011bca8        0x8 /opt/devkitpro/libctru/lib/libctru.a(gfx.o)
 .bss.flagValue.0
                0x0011bcb0        0x1 /opt/devkitpro/libctru/lib/libctru.a(apt.o)
 .bss.flagInit.1
                0x0011bcb1        0x1 /opt/devkitpro/libctru/lib/libctru.a(apt.o)
 *fill*         0x0011bcb2        0x2 
 .bss.serviceName.6
                0x0011bcb4        0x4 /opt/devkitpro/libctru/lib/libctru.a(apt.o)
 .bss.aptChainloadFlags
                0x0011bcb8        0x1 /opt/devkitpro/libctru/lib/libctru.a(apt.o)
 .bss.aptChainloadMediatype
                0x0011bcb9        0x1 /opt/devkitpro/libctru/lib/libctru.a(apt.o)
 *fill*         0x0011bcba        0x2 
 .bss.aptChainloadHmac
                0x0011bcbc       0x20 /opt/devkitpro/libctru/lib/libctru.a(apt.o)
 .bss.aptChainloadDeliverArg
                0x0011bcdc      0x300 /opt/devkitpro/libctru/lib/libctru.a(apt.o)
 *fill*         0x0011bfdc        0x4 
 .bss.aptChainloadTid
                0x0011bfe0        0x8 /opt/devkitpro/libctru/lib/libctru.a(apt.o)
 .bss.aptParameters
                0x0011bfe8     0x1000 /opt/devkitpro/libctru/lib/libctru.a(apt.o)
 .bss.aptFlags  0x0011cfe8        0x4 /opt/devkitpro/libctru/lib/libctru.a(apt.o)
 .bss.aptHomeButtonState
                0x0011cfec        0x1 /opt/devkitpro/libctru/lib/libctru.a(apt.o)
 *fill*         0x0011cfed        0x3 
 .bss.aptMessageFuncData
                0x0011cff0        0x4 /opt/devkitpro/libctru/lib/libctru.a(apt.o)
 .bss.aptMessageFunc
                0x0011cff4        0x4 /opt/devkitpro/libctru/lib/libctru.a(apt.o)
 .bss.aptFirstHook
                0x0011cff8        0xc /opt/devkitpro/libctru/lib/libctru.a(apt.o)
 .bss.aptEventHandlerThreadQuit
                0x0011d004        0x1 /opt/devkitpro/libctru/lib/libctru.a(apt.o)
 *fill*         0x0011d005        0x3 
 .bss.aptEventHandlerThread
                0x0011d008        0x4 /opt/devkitpro/libctru/lib/libctru.a(apt.o)
 .bss.aptSleepEvent
                0x0011d00c        0x8 /opt/devkitpro/libctru/lib/libctru.a(apt.o)
 .bss.aptReceiveEvent
                0x0011d014        0x8 /opt/devkitpro/libctru/lib/libctru.a(apt.o)
 .bss.aptEvents
                0x0011d01c        0x8 /opt/devkitpro/libctru/lib/libctru.a(apt.o)
 .bss.aptLockHandle
                0x0011d024        0x4 /opt/devkitpro/libctru/lib/libctru.a(apt.o)
 .bss.aptRefCount
                0x0011d028        0x4 /opt/devkitpro/libctru/lib/libctru.a(apt.o)
 .bss.gspEventCbOneShot
                0x0011d02c        0x7 /opt/devkitpro/libctru/lib/libctru.a(gspgpu.o)
 *fill*         0x0011d033        0x1 
 .bss.gspEventCbData
                0x0011d034       0x1c /opt/devkitpro/libctru/lib/libctru.a(gspgpu.o)
 .bss.gspEventCb
                0x0011d050       0x1c /opt/devkitpro/libctru/lib/libctru.a(gspgpu.o)
 .bss.gspEvents
                0x0011d06c       0x38 /opt/devkitpro/libctru/lib/libctru.a(gspgpu.o)
 .bss.gspLastEvent
                0x0011d0a4        0x4 /opt/devkitpro/libctru/lib/libctru.a(gspgpu.o)
 .bss.gspRunEvents
                0x0011d0a8        0x1 /opt/devkitpro/libctru/lib/libctru.a(gspgpu.o)
 *fill*         0x0011d0a9        0x3 
 .bss.gspEventThread
                0x0011d0ac        0x4 /opt/devkitpro/libctru/lib/libctru.a(gspgpu.o)
 .bss.gspEvent  0x0011d0b0        0x4 /opt/devkitpro/libctru/lib/libctru.a(gspgpu.o)
 .bss.gspGpuRight
                0x0011d0b4        0x1 /opt/devkitpro/libctru/lib/libctru.a(gspgpu.o)
 .bss.gspThreadId
                0x0011d0b5        0x1 /opt/devkitpro/libctru/lib/libctru.a(gspgpu.o)
 *fill*         0x0011d0b6        0x2 
 .bss.gspSharedMem
                0x0011d0b8        0x4 /opt/devkitpro/libctru/lib/libctru.a(gspgpu.o)
 .bss.gspSharedMemHandle
                0x0011d0bc        0x4 /opt/devkitpro/libctru/lib/libctru.a(gspgpu.o)
 .bss.gspRefCount
                0x0011d0c0        0x4 /opt/devkitpro/libctru/lib/libctru.a(gspgpu.o)
 .bss.gspGpuHandle
                0x0011d0c4        0x4 /opt/devkitpro/libctru/lib/libctru.a(gspgpu.o)
 .bss.usingIrrst
                0x0011d0c8        0x1 /opt/devkitpro/libctru/lib/libctru.a(hid.o)
 *fill*         0x0011d0c9        0x3 
 .bss.hidRefCount
                0x0011d0cc        0x4 /opt/devkitpro/libctru/lib/libctru.a(hid.o)
 .bss.gRate     0x0011d0d0        0x6 /opt/devkitpro/libctru/lib/libctru.a(hid.o)
 *fill*         0x0011d0d6        0x2 
 .bss.aVec      0x0011d0d8        0x6 /opt/devkitpro/libctru/lib/libctru.a(hid.o)
 *fill*         0x0011d0de        0x2 
 .bss.cPos      0x0011d0e0        0x4 /opt/devkitpro/libctru/lib/libctru.a(hid.o)
 .bss.tPos      0x0011d0e4        0x4 /opt/devkitpro/libctru/lib/libctru.a(hid.o)
 .bss.kRepeat   0x0011d0e8        0x4 /opt/devkitpro/libctru/lib/libctru.a(hid.o)
 .bss.kUp       0x0011d0ec        0x4 /opt/devkitpro/libctru/lib/libctru.a(hid.o)
 .bss.kDown     0x0011d0f0        0x4 /opt/devkitpro/libctru/lib/libctru.a(hid.o)
 .bss.kHeld     0x0011d0f4        0x4 /opt/devkitpro/libctru/lib/libctru.a(hid.o)
 .bss.kOld      0x0011d0f8        0x4 /opt/devkitpro/libctru/lib/libctru.a(hid.o)
 .bss.hidSharedMem
                0x0011d0fc        0x4 /opt/devkitpro/libctru/lib/libctru.a(hid.o)
                0x0011d0fc                hidSharedMem
 .bss.hidEvents
                0x0011d100       0x14 /opt/devkitpro/libctru/lib/libctru.a(hid.o)
                0x0011d100                hidEvents
 .bss.hidMemHandle
                0x0011d114        0x4 /opt/devkitpro/libctru/lib/libctru.a(hid.o)
                0x0011d114                hidMemHandle
 .bss.hidHandle
                0x0011d118        0x4 /opt/devkitpro/libctru/lib/libctru.a(hid.o)
                0x0011d118                hidHandle
 .bss.irrstRefCount
                0x0011d11c        0x4 /opt/devkitpro/libctru/lib/libctru.a(irrst.o)
 .bss.csPos     0x0011d120        0x4 /opt/devkitpro/libctru/lib/libctru.a(irrst.o)
 .bss.kHeld     0x0011d124        0x4 /opt/devkitpro/libctru/lib/libctru.a(irrst.o)
 .bss.irrstSharedMem
                0x0011d128        0x4 /opt/devkitpro/libctru/lib/libctru.a(irrst.o)
                0x0011d128                irrstSharedMem
 .bss.irrstEvent
                0x0011d12c        0x4 /opt/devkitpro/libctru/lib/libctru.a(irrst.o)
                0x0011d12c                irrstEvent
 .bss.irrstMemHandle
                0x0011d130        0x4 /opt/devkitpro/libctru/lib/libctru.a(irrst.o)
                0x0011d130                irrstMemHandle
 .bss.irrstHandle
                0x0011d134        0x4 /opt/devkitpro/libctru/lib/libctru.a(irrst.o)
                0x0011d134                irrstHandle
 .bss.__system_retAddr
                0x0011d138        0x4 /opt/devkitpro/libctru/lib/libctru.a(ctru_init.o)
                0x0011d138                __system_retAddr
 .bss.__system_argv
                0x0011d13c        0x4 /opt/devkitpro/libctru/lib/libctru.a(initArgv.o)
                0x0011d13c                __system_argv
 .bss.__system_argc
                0x0011d140        0x4 /opt/devkitpro/libctru/lib/libctru.a(initArgv.o)
                0x0011d140                __system_argc
 .bss.saved_stack.42
                0x0011d144        0x8 /opt/devkitpro/libctru/lib/libctru.a(stack_adjust.o)
 *fill*         0x0011d14c        0x4 
 .bss._ZL11sLinearPool
                0x0011d150        0x8 /opt/devkitpro/libctru/lib/libctru.a(linear.o)
 .bss._ZL8sAddrMap
                0x0011d158        0xc /opt/devkitpro/libctru/lib/libctru.a(linear.o)
 *fill*         0x0011d164        0x4 
 .bss._ZL10sVramPoolB
                0x0011d168        0x8 /opt/devkitpro/libctru/lib/libctru.a(vram.o)
 .bss._ZL10sVramPoolA
                0x0011d170        0x8 /opt/devkitpro/libctru/lib/libctru.a(vram.o)
 .bss._ZL8sAddrMap
                0x0011d178        0xc /opt/devkitpro/libctru/lib/libctru.a(vram.o)
 .bss.__3dslink_host
                0x0011d184        0x4 /opt/devkitpro/libctru/lib/libctru.a(3dslink.o)
                0x0011d184                __3dslink_host
 .bss.__ctru_speedup
                0x0011d188        0x1 /opt/devkitpro/libctru/lib/libctru.a(os.o)
                0x0011d188                __ctru_speedup
 *fill*         0x0011d189        0x3 
 .bss.srvRefCount
                0x0011d18c        0x4 /opt/devkitpro/libctru/lib/libctru.a(srv.o)
 .bss.srvHandle
                0x0011d190        0x4 /opt/devkitpro/libctru/lib/libctru.a(srv.o)
 .bss.arbiter   0x0011d194        0x4 /opt/devkitpro/libctru/lib/libctru.a(synchronization.o)
 .bss.currentAddr
                0x0011d198        0x4 /opt/devkitpro/libctru/lib/libctru.a(mappable.o)
 .bss.maxAddr   0x0011d19c        0x4 /opt/devkitpro/libctru/lib/libctru.a(mappable.o)
 .bss.minAddr   0x0011d1a0        0x4 /opt/devkitpro/libctru/lib/libctru.a(mappable.o)
 .bss.ptmSysmRefCount
                0x0011d1a4        0x4 /opt/devkitpro/libctru/lib/libctru.a(ptmsysm.o)
 .bss.ptmSysmHandle
                0x0011d1a8        0x4 /opt/devkitpro/libctru/lib/libctru.a(ptmsysm.o)
 .bss.srvPmHandle
                0x0011d1ac        0x4 /opt/devkitpro/libctru/lib/libctru.a(srvpm.o)
 .bss.__ctru_linear_heap_size
                0x0011d1b0        0x4 /opt/devkitpro/libctru/lib/libctru.a(allocateHeaps.o)
                0x0011d1b0                __ctru_linear_heap_size
 .bss.__ctru_heap_size
                0x0011d1b4        0x4 /opt/devkitpro/libctru/lib/libctru.a(allocateHeaps.o)
                0x0011d1b4                __ctru_heap_size
 .bss.__ctru_linear_heap
                0x0011d1b8        0x4 /opt/devkitpro/libctru/lib/libctru.a(allocateHeaps.o)
                0x0011d1b8                __ctru_linear_heap
 .bss.__ctru_heap
                0x0011d1bc        0x4 /opt/devkitpro/libctru/lib/libctru.a(allocateHeaps.o)
                0x0011d1bc                __ctru_heap
 .bss.archive_devices
                0x0011d1c0      0x5c0 /opt/devkitpro/libctru/lib/libctru.a(archive_dev.o)
 .bss.archive_device_cwd
                0x0011d780        0x4 /opt/devkitpro/libctru/lib/libctru.a(archive_dev.o)
 .bss.archive_initialized
                0x0011d784        0x1 /opt/devkitpro/libctru/lib/libctru.a(archive_dev.o)
 *fill*         0x0011d785        0x3 
 .bss.fsExemptArchives
                0x0011d788       0x80 /opt/devkitpro/libctru/lib/libctru.a(fs.o)
 .bss.fsuRefCount
                0x0011d808        0x4 /opt/devkitpro/libctru/lib/libctru.a(fs.o)
 .bss.fsuHandle
                0x0011d80c        0x4 /opt/devkitpro/libctru/lib/libctru.a(fs.o)
 .bss.__malloc_current_mallinfo
                0x0011d810       0x28 /opt/devkitpro/devkitARM/bin/../lib/gcc/arm-none-eabi/13.2.0/../../../../arm-none-eabi/lib/armv6k/fpu/libg.a(libc_a-mallocr.o)
                0x0011d810                __malloc_current_mallinfo
 .bss.__malloc_max_total_mem
                0x0011d838        0x4 /opt/devkitpro/devkitARM/bin/../lib/gcc/arm-none-eabi/13.2.0/../../../../arm-none-eabi/lib/armv6k/fpu/libg.a(libc_a-mallocr.o)
                0x0011d838                __malloc_max_total_mem
 .bss.__malloc_max_sbrked_mem