Archive member included to satisfy reference by file (symbol)

/opt/devkitpro/libctru/lib/libctru.a(console.o)
                              main.o (consoleInit)
/opt/devkitpro/libctru/lib/libctru.a(gfx.o)
                              /opt/devkitpro/libctru/lib/libctru.a(console.o) (gfxIsWide)
/opt/devkitpro/libctru/lib/libctru.a(apt.o)
                              main.o (aptMainLoop)
/opt/devkitpro/libctru/lib/libctru.a(gspgpu.o)
                              /opt/devkitpro/libctru/lib/libctru.a(gfx.o) (gspInit)
/opt/devkitpro/libctru/lib/libctru.a(hid.o)
                              main.o (hidScanInput)
/opt/devkitpro/libctru/lib/libctru.a(irrst.o)
                              /opt/devkitpro/libctru/lib/libctru.a(hid.o) (irrstInit)
/opt/devkitpro/libctru/lib/libctru.a(ctru_init.o)
                              /opt/devkitpro/libctru/lib/libctru.a(apt.o) (__system_retAddr)
/opt/devkitpro/libctru/lib/libctru.a(initArgv.o)
                              /opt/devkitpro/libctru/lib/libctru.a(ctru_init.o) (__system_initArgv)
/opt/devkitpro/libctru/lib/libctru.a(syscalls.o)
                              /opt/devkitpro/libctru/lib/libctru.a(ctru_init.o) (__system_initSyscalls)
/opt/devkitpro/libctru/lib/libctru.a(svc.o)
                              /opt/devkitpro/libctru/lib/libctru.a(apt.o) (svcSleepThread)
/opt/devkitpro/libctru/lib/libctru.a(stack_adjust.o)
                              /opt/devkitpro/devkitARM/bin/../lib/gcc/arm-none-eabi/13.2.0/../../../../arm-none-eabi/lib/armv6k/fpu/3dsx_crt0.o (initSystem)
/opt/devkitpro/libctru/lib/libctru.a(default_font.bin.o)
                              /opt/devkitpro/libctru/lib/libctru.a(console.o) (default_font_bin)
/opt/devkitpro/libctru/lib/libctru.a(linear.o)
                              /opt/devkitpro/libctru/lib/libctru.a(gfx.o) (linearAlloc)
/opt/devkitpro/libctru/lib/libctru.a(mem_pool.o)
                              /opt/devkitpro/libctru/lib/libctru.a(linear.o) (MemPool::Allocate(MemChunk&, unsigned long, int))
/opt/devkitpro/libctru/lib/libctru.a(vram.o)
                              /opt/devkitpro/libctru/lib/libctru.a(gfx.o) (vramAlloc)
/opt/devkitpro/libctru/lib/libctru.a(3dslink.o)
                              /opt/devkitpro/libctru/lib/libctru.a(initArgv.o) (__3dslink_host)
/opt/devkitpro/libctru/lib/libctru.a(env.o)
                              /opt/devkitpro/libctru/lib/libctru.a(irrst.o) (envGetHandle)
/opt/devkitpro/libctru/lib/libctru.a(os.o)
                              /opt/devkitpro/libctru/lib/libctru.a(syscalls.o) (osGetTime)
/opt/devkitpro/libctru/lib/libctru.a(srv.o)
                              /opt/devkitpro/libctru/lib/libctru.a(apt.o) (srvInit)
/opt/devkitpro/libctru/lib/libctru.a(synchronization.o)
                              /opt/devkitpro/libctru/lib/libctru.a(ctru_init.o) (__sync_init)
/opt/devkitpro/libctru/lib/libctru.a(thread.o)
                              /opt/devkitpro/libctru/lib/libctru.a(apt.o) (threadCreate)
/opt/devkitpro/libctru/lib/libctru.a(mappable.o)
                              /opt/devkitpro/libctru/lib/libctru.a(apt.o) (mappableAlloc)
/opt/devkitpro/libctru/lib/libctru.a(ptmsysm.o)
                              /opt/devkitpro/libctru/lib/libctru.a(os.o) (ptmSysmInit)
/opt/devkitpro/libctru/lib/libctru.a(srvpm.o)
                              /opt/devkitpro/libctru/lib/libctru.a(srv.o) (srvPmGetSessionHandle)
/opt/devkitpro/libctru/lib/libctru.a(soc_connect.o)
                              /opt/devkitpro/libctru/lib/libctru.a(3dslink.o) (connect)
/opt/devkitpro/libctru/lib/libctru.a(soc_socket.o)
                              /opt/devkitpro/libctru/lib/libctru.a(3dslink.o) (socket)
/opt/devkitpro/libctru/lib/libctru.a(rbtree_find.o)
                              /opt/devkitpro/libctru/lib/libctru.a(linear.o) (rbtree_find)
/opt/devkitpro/libctru/lib/libctru.a(rbtree_init.o)
                              /opt/devkitpro/libctru/lib/libctru.a(linear.o) (rbtree_init)
/opt/devkitpro/libctru/lib/libctru.a(rbtree_insert.o)
                              /opt/devkitpro/libctru/lib/libctru.a(linear.o) (rbtree_insert)
/opt/devkitpro/libctru/lib/libctru.a(rbtree_remove.o)
                              /opt/devkitpro/libctru/lib/libctru.a(linear.o) (rbtree_remove)
/opt/devkitpro/libctru/lib/libctru.a(rbtree_rotate.o)
                              /opt/devkitpro/libctru/lib/libctru.a(rbtree_insert.o) (rbtree_rotate)
/opt/devkitpro/libctru/lib/libctru.a(allocateHeaps.o)
                              /opt/devkitpro/libctru/lib/libctru.a(ctru_init.o) (__system_allocateHeaps)
/opt/devkitpro/libctru/lib/libctru.a(appExit.o)
                              /opt/devkitpro/libctru/lib/libctru.a(stack_adjust.o) (__appExit)
/opt/devkitpro/libctru/lib/libctru.a(appInit.o)
                              /opt/devkitpro/libctru/lib/libctru.a(stack_adjust.o) (__appInit)
/opt/devkitpro/libctru/lib/libctru.a(ctru_exit.o)
                              /opt/devkitpro/libctru/lib/libctru.a(stack_adjust.o) (__libctru_exit)
[...]
Memory Configuration

Name             Origin             Length             Attributes
*default*        0x00000000         0xffffffff

Linker script and memory map

                0x00100000                        PROVIDE (__start__ = 0x100000)
                0x00100000                        . = __start__

.text           0x00100000    0x1778c
 *(.crt0)
 .crt0          0x00100000       0x94 /opt/devkitpro/devkitARM/bin/../lib/gcc/arm-none-eabi/13.2.0/../../../../arm-none-eabi/lib/armv6k/fpu/3dsx_crt0.o
                0x00100000                _start
                0x00100008                __service_ptr
                0x0010000c                __apt_appid
                0x00100010                __heap_size
                0x00100014                __linear_heap_size
                0x00100018                __system_arglist
                0x0010001c                __system_runflags
 *(.init)
 .init          0x00100094        0xc /opt/devkitpro/devkitARM/bin/../lib/gcc/arm-none-eabi/13.2.0/armv6k/fpu/crti.o
                0x00100094                _init
 .init          0x001000a0        0xc /opt/devkitpro/devkitARM/bin/../lib/gcc/arm-none-eabi/13.2.0/armv6k/fpu/crtn.o
                0x001000ac                        . = ALIGN (0x4)
 *(.text)
 .text          0x001000ac      0x240 /opt/devkitpro/devkitARM/bin/../lib/gcc/arm-none-eabi/13.2.0/armv6k/fpu/libgcc.a(_divsi3.o)
                0x001000ac                __aeabi_idiv
                0x001000ac                __divsi3
                0x001002cc                __aeabi_idivmod
 .text          0x001002ec        0x4 /opt/devkitpro/devkitARM/bin/../lib/gcc/arm-none-eabi/13.2.0/armv6k/fpu/libgcc.a(_dvmd_tls.o)
                0x001002ec                __aeabi_ldiv0
                0x001002ec                __aeabi_idiv0
 .text          0x001002f0       0xd4 /opt/devkitpro/devkitARM/bin/../lib/gcc/arm-none-eabi/13.2.0/armv6k/fpu/libgcc.a(_aeabi_ldivmod.o)
                0x001002f0                __aeabi_ldivmod
 .text          0x001003c4       0x3c /opt/devkitpro/devkitARM/bin/../lib/gcc/arm-none-eabi/13.2.0/armv6k/fpu/libgcc.a(_aeabi_uldivmod.o)
                0x001003c4                __aeabi_uldivmod
 .text          0x00100400      0x390 /opt/devkitpro/devkitARM/bin/../lib/gcc/arm-none-eabi/13.2.0/../../../../arm-none-eabi/lib/armv6k/fpu/libg.a(libc_a-strcmp.o)
                0x00100408                strcmp
 .text          0x00100790      0x20c /opt/devkitpro/devkitARM/bin/../lib/gcc/arm-none-eabi/13.2.0/armv6k/fpu/libgcc.a(_udivsi3.o)
                0x00100790                __udivsi3
                0x00100790                __aeabi_uidiv
                0x0010097c                __aeabi_uidivmod
 *(.text.*)
 .text.__do_global_dtors_aux
                0x0010099c       0x40 /opt/devkitpro/devkitARM/bin/../lib/gcc/arm-none-eabi/13.2.0/armv6k/fpu/crtbegin.o
 .text.frame_dummy
                0x001009dc       0x2c /opt/devkitpro/devkitARM/bin/../lib/gcc/arm-none-eabi/13.2.0/armv6k/fpu/crtbegin.o
 .text._Z10thickPixelPhmmhhh.part.0
                0x00100a08       0x80 main.o
 .text._Z8GameInitv
                0x00100a88       0x8c main.o
                0x00100a88                GameInit()
 .text._Z10UpdateGamev
                0x00100b14      0x114 main.o
                0x00100b14                UpdateGame()
 .text.startup.main
                0x00100c28      0x554 main.o
                0x00100c28                main
 .text.consoleHandleColorEsc
                0x0010117c      0x51c /opt/devkitpro/libctru/lib/libctru.a(console.o)
 .text.consoleColorStateShift
                0x00101698       0xb8 /opt/devkitpro/libctru/lib/libctru.a(console.o)
 .text.consoleDrawChar
                0x00101750      0x1ac /opt/devkitpro/libctru/lib/libctru.a(console.o)
                0x00101750                consoleDrawChar
 .text.consolePrintChar
                0x001018fc      0x124 /opt/devkitpro/libctru/lib/libctru.a(console.o)
                0x001018fc                consolePrintChar
 .text.con_write
                0x00101a20      0x6f4 /opt/devkitpro/libctru/lib/libctru.a(console.o)
                0x00101a20                con_write
 .text.newRow   0x00102114       0xfc /opt/devkitpro/libctru/lib/libctru.a(console.o)
 .text.consoleInit
                0x00102210      0x18c /opt/devkitpro/libctru/lib/libctru.a(console.o)
                0x00102210                consoleInit
 .text.gfxPresentFramebuffer
                0x0010239c       0xd0 /opt/devkitpro/libctru/lib/libctru.a(gfx.o)
 .text.gfxIsWide
                0x0010246c       0x1c /opt/devkitpro/libctru/lib/libctru.a(gfx.o)
                0x0010246c                gfxIsWide
 .text.gfxSetScreenFormat
                0x00102488       0xec /opt/devkitpro/libctru/lib/libctru.a(gfx.o)
                0x00102488                gfxSetScreenFormat
 .text.gfxSetDoubleBuffering
                0x00102574       0x10 /opt/devkitpro/libctru/lib/libctru.a(gfx.o)
                0x00102574                gfxSetDoubleBuffering
 .text.gfxInit  0x00102584       0xe0 /opt/devkitpro/libctru/lib/libctru.a(gfx.o)
                0x00102584                gfxInit
 .text.gfxInitDefault
                0x00102664       0x10 /opt/devkitpro/libctru/lib/libctru.a(gfx.o)
                0x00102664                gfxInitDefault
 .text.gfxExit  0x00102674       0xb4 /opt/devkitpro/libctru/lib/libctru.a(gfx.o)
                0x00102674                gfxExit
 .text.gfxGetFramebuffer
                0x00102728       0xa0 /opt/devkitpro/libctru/lib/libctru.a(gfx.o)
                0x00102728                gfxGetFramebuffer
 .text.gfxFlushBuffers
                0x001027c8      0x104 /opt/devkitpro/libctru/lib/libctru.a(gfx.o)
                0x001027c8                gfxFlushBuffers
 .text.gfxSwapBuffers
                0x001028cc       0x50 /opt/devkitpro/libctru/lib/libctru.a(gfx.o)
                0x001028cc                gfxSwapBuffers
 .text.gfxSwapBuffersGpu
                0x0010291c       0x50 /opt/devkitpro/libctru/lib/libctru.a(gfx.o)
                0x0010291c                gfxSwapBuffersGpu
 .text.aptConvertScreenForCapture
                0x0010296c      0x1ac /opt/devkitpro/libctru/lib/libctru.a(apt.o)
 .text.aptDspSleep
                0x00102b18        0x8 /opt/devkitpro/libctru/lib/libctru.a(apt.o)
                0x00102b18                aptDspSleep
 .text.aptDspWakeup
                0x00102b20        0x4 /opt/devkitpro/libctru/lib/libctru.a(apt.o)
                0x00102b20                aptDspWakeup
 .text.aptDspCancel
                0x00102b24        0x4 /opt/devkitpro/libctru/lib/libctru.a(apt.o)
                0x00102b24                aptDspCancel
 .text.aptSendCommand
                0x00102b28      0x158 /opt/devkitpro/libctru/lib/libctru.a(apt.o)
                0x00102b28                aptSendCommand
 .text.aptExitProcess
                0x00102c80       0x44 /opt/devkitpro/libctru/lib/libctru.a(apt.o)
 .text.aptExit  0x00102cc4      0x38c /opt/devkitpro/libctru/lib/libctru.a(apt.o)
                0x00102cc4                aptExit
 .text.aptHandleSleep
                0x00103050       0xe0 /opt/devkitpro/libctru/lib/libctru.a(apt.o)
                0x00103050                aptHandleSleep
 .text.APT_SleepIfShellClosed
                0x00103130       0x84 /opt/devkitpro/libctru/lib/libctru.a(apt.o)
                0x00103130                APT_SleepIfShellClosed
 .text.aptSetSleepAllowed
                0x001031b4       0x84 /opt/devkitpro/libctru/lib/libctru.a(apt.o)
                0x001031b4                aptSetSleepAllowed
 .text.APT_UnlockTransition
                0x00103238       0x84 /opt/devkitpro/libctru/lib/libctru.a(apt.o)
                0x00103238                APT_UnlockTransition
 *fill*         0x001032bc        0x4 
 .text.aptEventHandler
                0x001032c0      0x4a4 /opt/devkitpro/libctru/lib/libctru.a(apt.o)
 .text.APT_ReceiveParameter
                0x00103764       0xb0 /opt/devkitpro/libctru/lib/libctru.a(apt.o)
                0x00103764                APT_ReceiveParameter
 .text.aptReceiveParameter.constprop.0
                0x00103814       0xac /opt/devkitpro/libctru/lib/libctru.a(apt.o)
 .text.aptScreenTransfer
                0x001038c0      0x2ac /opt/devkitpro/libctru/lib/libctru.a(apt.o)
 .text.aptWaitForWakeUp.isra.0
                0x00103b6c      0x320 /opt/devkitpro/libctru/lib/libctru.a(apt.o)
 .text.aptJumpToHomeMenu
                0x00103e8c       0xf8 /opt/devkitpro/libctru/lib/libctru.a(apt.o)
                0x00103e8c                aptJumpToHomeMenu
 .text.aptMainLoop
                0x00103f84       0x48 /opt/devkitpro/libctru/lib/libctru.a(apt.o)
                0x00103f84                aptMainLoop
 .text.aptInit  0x00103fcc      0x22c /opt/devkitpro/libctru/lib/libctru.a(apt.o)
                0x00103fcc                aptInit
 .text.APT_CheckNew3DS
                0x001041f8       0x7c /opt/devkitpro/libctru/lib/libctru.a(apt.o)
                0x001041f8                APT_CheckNew3DS
 .text.gspHardwareInit
                0x00104274      0xc64 /opt/devkitpro/libctru/lib/libctru.a(gspgpu.o)
 .text.gspInit  0x00104ed8      0x248 /opt/devkitpro/libctru/lib/libctru.a(gspgpu.o)
                0x00104ed8                gspInit
 .text.gspExit  0x00105120       0xf0 /opt/devkitpro/libctru/lib/libctru.a(gspgpu.o)
                0x00105120                gspExit
 .text.gspHasGpuRight
                0x00105210       0x10 /opt/devkitpro/libctru/lib/libctru.a(gspgpu.o)
                0x00105210                gspHasGpuRight
 .text.gspPresentBuffer
                0x00105220       0xa0 /opt/devkitpro/libctru/lib/libctru.a(gspgpu.o)
                0x00105220                gspPresentBuffer
 .text.gspWaitForEvent
                0x001052c0       0x44 /opt/devkitpro/libctru/lib/libctru.a(gspgpu.o)
                0x001052c0                gspWaitForEvent
 .text.gxCmdQueueInterrupt
                0x00105304        0x4 /opt/devkitpro/libctru/lib/libctru.a(gspgpu.o)
                0x00105304                gxCmdQueueInterrupt
 .text.gspEventThreadMain
                0x00105308      0x158 /opt/devkitpro/libctru/lib/libctru.a(gspgpu.o)
 .text.GSPGPU_FlushDataCache
                0x00105460       0x50 /opt/devkitpro/libctru/lib/libctru.a(gspgpu.o)
                0x00105460                GSPGPU_FlushDataCache
 .text.GSPGPU_SetLcdForceBlack
                0x001054b0       0x34 /opt/devkitpro/libctru/lib/libctru.a(gspgpu.o)
                0x001054b0                GSPGPU_SetLcdForceBlack
 .text.GSPGPU_AcquireRight
                0x001054e4       0x68 /opt/devkitpro/libctru/lib/libctru.a(gspgpu.o)
                0x001054e4                GSPGPU_AcquireRight
 .text.GSPGPU_ReleaseRight
                0x0010554c       0x48 /opt/devkitpro/libctru/lib/libctru.a(gspgpu.o)
                0x0010554c                GSPGPU_ReleaseRight
 .text.GSPGPU_ImportDisplayCaptureInfo
                0x00105594       0x7c /opt/devkitpro/libctru/lib/libctru.a(gspgpu.o)
                0x00105594                GSPGPU_ImportDisplayCaptureInfo
 .text.GSPGPU_SaveVramSysArea
                0x00105610       0x2c /opt/devkitpro/libctru/lib/libctru.a(gspgpu.o)
                0x00105610                GSPGPU_SaveVramSysArea
 .text.GSPGPU_RestoreVramSysArea
                0x0010563c       0x2c /opt/devkitpro/libctru/lib/libctru.a(gspgpu.o)
                0x0010563c                GSPGPU_RestoreVramSysArea
 .text.hidShouldUseIrrst
                0x00105668       0x24 /opt/devkitpro/libctru/lib/libctru.a(hid.o)
                0x00105668                hidShouldUseIrrst
 .text.hidInit  0x0010568c      0x18c /opt/devkitpro/libctru/lib/libctru.a(hid.o)
                0x0010568c                hidInit
 .text.hidExit  0x00105818       0xe8 /opt/devkitpro/libctru/lib/libctru.a(hid.o)
                0x00105818                hidExit
 .text.hidScanInput
                0x00105900      0x2a4 /opt/devkitpro/libctru/lib/libctru.a(hid.o)
                0x00105900                hidScanInput
 .text.hidKeysHeld
                0x00105ba4       0x10 /opt/devkitpro/libctru/lib/libctru.a(hid.o)
                0x00105ba4                hidKeysHeld
 .text.hidKeysDown
                0x00105bb4       0x10 /opt/devkitpro/libctru/lib/libctru.a(hid.o)
                0x00105bb4                hidKeysDown
 .text.irrstInit
                0x00105bc4      0x160 /opt/devkitpro/libctru/lib/libctru.a(irrst.o)
                0x00105bc4                irrstInit
 .text.irrstExit
                0x00105d24       0xcc /opt/devkitpro/libctru/lib/libctru.a(irrst.o)
                0x00105d24                irrstExit
 .text.irrstScanInput
                0x00105df0       0xb4 /opt/devkitpro/libctru/lib/libctru.a(irrst.o)
                0x00105df0                irrstScanInput
 .text.irrstKeysHeld
                0x00105ea4       0x24 /opt/devkitpro/libctru/lib/libctru.a(irrst.o)
                0x00105ea4                irrstKeysHeld
 .text.__libctru_init
                0x00105ec8       0x38 /opt/devkitpro/libctru/lib/libctru.a(ctru_init.o)
                0x00105ec8                __libctru_init
 .text.__system_initArgv
                0x00105f00      0x170 /opt/devkitpro/libctru/lib/libctru.a(initArgv.o)
                0x00105f00                __system_initArgv
 .text.__syscall_getreent
                0x00106070       0x30 /opt/devkitpro/libctru/lib/libctru.a(syscalls.o)
                0x00106070                __syscall_getreent
 .text.__syscall_gettod_r
                0x001060a0       0x64 /opt/devkitpro/libctru/lib/libctru.a(syscalls.o)
                0x001060a0                __syscall_gettod_r
 .text.__syscall_lock_acquire
                0x00106104        0x4 /opt/devkitpro/libctru/lib/libctru.a(syscalls.o)
                0x00106104                __syscall_lock_acquire
 .text.__syscall_lock_release
                0x00106108        0x4 /opt/devkitpro/libctru/lib/libctru.a(syscalls.o)
                0x00106108                __syscall_lock_release
 .text.__syscall_lock_acquire_recursive
                0x0010610c        0x4 /opt/devkitpro/libctru/lib/libctru.a(syscalls.o)
                0x0010610c                __syscall_lock_acquire_recursive
 .text.__syscall_lock_release_recursive
                0x00106110        0x4 /opt/devkitpro/libctru/lib/libctru.a(syscalls.o)
                0x00106110                __syscall_lock_release_recursive
 .text.__syscall_exit
                0x00106114        0x4 /opt/devkitpro/libctru/lib/libctru.a(syscalls.o)
                0x00106114                __syscall_exit
 .text.initThreadVars
                0x00106118       0x50 /opt/devkitpro/libctru/lib/libctru.a(syscalls.o)
                0x00106118                initThreadVars
 .text.__system_initSyscalls
                0x00106168       0x80 /opt/devkitpro/libctru/lib/libctru.a(syscalls.o)
                0x00106168                __system_initSyscalls
 .text.svcControlMemory
                0x001061e8       0x20 /opt/devkitpro/libctru/lib/libctru.a(svc.o)
                0x001061e8                svcControlMemory
 .text.svcQueryMemory
                0x00106208       0x30 /opt/devkitpro/libctru/lib/libctru.a(svc.o)
                0x00106208                svcQueryMemory
 .text.svcExitProcess
                0x00106238        0x8 /opt/devkitpro/libctru/lib/libctru.a(svc.o)
                0x00106238                svcExitProcess
 .text.svcCreateThread
                0x00106240       0x20 /opt/devkitpro/libctru/lib/libctru.a(svc.o)
                0x00106240                svcCreateThread
 .text.svcExitThread
                0x00106260        0x8 /opt/devkitpro/libctru/lib/libctru.a(svc.o)
                0x00106260                svcExitThread
 .text.svcSleepThread
                0x00106268        0x8 /opt/devkitpro/libctru/lib/libctru.a(svc.o)
                0x00106268                svcSleepThread
 .text.svcReleaseMutex
                0x00106270        0x8 /opt/devkitpro/libctru/lib/libctru.a(svc.o)
                0x00106270                svcReleaseMutex
 .text.svcCreateEvent
                0x00106278       0x14 /opt/devkitpro/libctru/lib/libctru.a(svc.o)
                0x00106278                svcCreateEvent
 .text.svcSignalEvent
                0x0010628c        0x8 /opt/devkitpro/libctru/lib/libctru.a(svc.o)
                0x0010628c                svcSignalEvent
 .text.svcClearEvent
                0x00106294        0x8 /opt/devkitpro/libctru/lib/libctru.a(svc.o)
                0x00106294                svcClearEvent
 .text.svcMapMemoryBlock
                0x0010629c        0x8 /opt/devkitpro/libctru/lib/libctru.a(svc.o)
                0x0010629c                svcMapMemoryBlock
 .text.svcUnmapMemoryBlock
                0x001062a4        0x8 /opt/devkitpro/libctru/lib/libctru.a(svc.o)
                0x001062a4                svcUnmapMemoryBlock
 .text.svcCreateAddressArbiter
                0x001062ac       0x14 /opt/devkitpro/libctru/lib/libctru.a(svc.o)
                0x001062ac                svcCreateAddressArbiter
 .text.svcArbitrateAddressNoTimeout
                0x001062c0        0x8 /opt/devkitpro/libctru/lib/libctru.a(svc.o)
                0x001062c0                svcArbitrateAddressNoTimeout
 .text.svcCloseHandle
                0x001062c8        0x8 /opt/devkitpro/libctru/lib/libctru.a(svc.o)
                0x001062c8                svcCloseHandle
 .text.svcWaitSynchronization
                0x001062d0        0x8 /opt/devkitpro/libctru/lib/libctru.a(svc.o)
                0x001062d0                svcWaitSynchronization
 .text.svcWaitSynchronizationN
                0x001062d8       0x28 /opt/devkitpro/libctru/lib/libctru.a(svc.o)
                0x001062d8                svcWaitSynchronizationN
 .text.svcDuplicateHandle
                0x00106300       0x14 /opt/devkitpro/libctru/lib/libctru.a(svc.o)
                0x00106300                svcDuplicateHandle
 .text.svcGetSystemTick
                0x00106314        0x8 /opt/devkitpro/libctru/lib/libctru.a(svc.o)
                0x00106314                svcGetSystemTick
 .text.svcConnectToPort
                0x0010631c       0x14 /opt/devkitpro/libctru/lib/libctru.a(svc.o)
                0x0010631c                svcConnectToPort
 .text.svcSendSyncRequest
                0x00106330        0x8 /opt/devkitpro/libctru/lib/libctru.a(svc.o)
                0x00106330                svcSendSyncRequest
 .text.svcGetResourceLimit
                0x00106338       0x14 /opt/devkitpro/libctru/lib/libctru.a(svc.o)
                0x00106338                svcGetResourceLimit
 .text.svcGetResourceLimitLimitValues
                0x0010634c        0x8 /opt/devkitpro/libctru/lib/libctru.a(svc.o)
                0x0010634c                svcGetResourceLimitLimitValues
 .text.svcGetResourceLimitCurrentValues
                0x00106354        0x8 /opt/devkitpro/libctru/lib/libctru.a(svc.o)
                0x00106354                svcGetResourceLimitCurrentValues
 .text.svcBreak
                0x0010635c        0x8 /opt/devkitpro/libctru/lib/libctru.a(svc.o)
                0x0010635c                svcBreak
 .text.initSystem
                0x00106364       0x50 /opt/devkitpro/libctru/lib/libctru.a(stack_adjust.o)
                0x00106364                initSystem
 .text.__ctru_exit
                0x001063b4       0x14 /opt/devkitpro/libctru/lib/libctru.a(stack_adjust.o)
                0x001063b4                __ctru_exit
 .text._ZL21addrMapNodeComparatorPK11rbtree_nodeS1_
                0x001063c8       0x24 /opt/devkitpro/libctru/lib/libctru.a(linear.o)
 .text._ZL21addrMapNodeDestructorP11rbtree_node
                0x001063ec        0x4 /opt/devkitpro/libctru/lib/libctru.a(linear.o)
 .text.linearMemAlign
                0x001063f0      0x120 /opt/devkitpro/libctru/lib/libctru.a(linear.o)
                0x001063f0                linearMemAlign
 .text.linearAlloc
                0x00106510        0x8 /opt/devkitpro/libctru/lib/libctru.a(linear.o)
                0x00106510                linearAlloc
 .text.linearFree
                0x00106518       0x5c /opt/devkitpro/libctru/lib/libctru.a(linear.o)
                0x00106518                linearFree
 .text._ZN7MemPool13CoalesceRightEP8MemBlock
                0x00106574       0x80 /opt/devkitpro/libctru/lib/libctru.a(mem_pool.o)
                0x00106574                MemPool::CoalesceRight(MemBlock*)
 .text._ZN7MemPool8AllocateER8MemChunkmi
                0x001065f4      0x16c /opt/devkitpro/libctru/lib/libctru.a(mem_pool.o)
                0x001065f4                MemPool::Allocate(MemChunk&, unsigned long, int)
 .text._ZN7MemPool10DeallocateERK8MemChunk
                0x00106760       0xfc /opt/devkitpro/libctru/lib/libctru.a(mem_pool.o)
                0x00106760                MemPool::Deallocate(MemChunk const&)
 .text._ZN7MemPool12GetFreeSpaceEv
                0x0010685c       0x30 /opt/devkitpro/libctru/lib/libctru.a(mem_pool.o)
                0x0010685c                MemPool::GetFreeSpace()
 .text._ZL21addrMapNodeComparatorPK11rbtree_nodeS1_
                0x0010688c       0x24 /opt/devkitpro/libctru/lib/libctru.a(vram.o)
 .text._ZL21addrMapNodeDestructorP11rbtree_node
                0x001068b0        0x4 /opt/devkitpro/libctru/lib/libctru.a(vram.o)
 .text.vramMemAlignAt
                0x001068b4      0x24c /opt/devkitpro/libctru/lib/libctru.a(vram.o)
                0x001068b4                vramMemAlignAt
 .text.vramAlloc
                0x00106b00        0xc /opt/devkitpro/libctru/lib/libctru.a(vram.o)
                0x00106b00                vramAlloc
 .text.vramFree
                0x00106b0c       0x90 /opt/devkitpro/libctru/lib/libctru.a(vram.o)
                0x00106b0c                vramFree
 .text.envGetHandle
                0x00106b9c       0x84 /opt/devkitpro/libctru/lib/libctru.a(env.o)
                0x00106b9c                envGetHandle
 .text.envDestroyHandles
                0x00106c20       0x50 /opt/devkitpro/libctru/lib/libctru.a(env.o)
                0x00106c20                envDestroyHandles
 .text.osGetTimeRef
                0x00106c70       0x54 /opt/devkitpro/libctru/lib/libctru.a(os.o)
                0x00106c70                osGetTimeRef
 .text.osGetTime
                0x00106cc4       0xec /opt/devkitpro/libctru/lib/libctru.a(os.o)
                0x00106cc4                osGetTime
 .text.__ctru_speedup_config
                0x00106db0       0x34 /opt/devkitpro/libctru/lib/libctru.a(os.o)
                0x00106db0                __ctru_speedup_config
 .text.srvInit  0x00106de4      0x12c /opt/devkitpro/libctru/lib/libctru.a(srv.o)
                0x00106de4                srvInit
 .text.srvExit  0x00106f10       0x58 /opt/devkitpro/libctru/lib/libctru.a(srv.o)
                0x00106f10                srvExit
 .text.srvEnableNotification
                0x00106f68       0x60 /opt/devkitpro/libctru/lib/libctru.a(srv.o)
                0x00106f68                srvEnableNotification
 .text.srvGetServiceHandleDirect
                0x00106fc8       0xa0 /opt/devkitpro/libctru/lib/libctru.a(srv.o)
                0x00106fc8                srvGetServiceHandleDirect
 .text.srvGetServiceHandle
                0x00107068       0x38 /opt/devkitpro/libctru/lib/libctru.a(srv.o)
                0x00107068                srvGetServiceHandle
 .text.srvSubscribe
                0x001070a0       0x34 /opt/devkitpro/libctru/lib/libctru.a(srv.o)
                0x001070a0                srvSubscribe
 .text.srvReceiveNotification
                0x001070d4       0x60 /opt/devkitpro/libctru/lib/libctru.a(srv.o)
                0x001070d4                srvReceiveNotification
 .text.srvPublishToSubscriber
                0x00107134       0x38 /opt/devkitpro/libctru/lib/libctru.a(srv.o)
                0x00107134                srvPublishToSubscriber
 .text.__sync_init
                0x0010716c        0xc /opt/devkitpro/libctru/lib/libctru.a(synchronization.o)
                0x0010716c                __sync_init
 .text.__sync_fini
                0x00107178       0x18 /opt/devkitpro/libctru/lib/libctru.a(synchronization.o)
                0x00107178                __sync_fini
 .text.syncArbitrateAddress
                0x00107190       0x2c /opt/devkitpro/libctru/lib/libctru.a(synchronization.o)
                0x00107190                syncArbitrateAddress
 .text.LightLock_Lock
                0x001071bc       0xac /opt/devkitpro/libctru/lib/libctru.a(synchronization.o)
                0x001071bc                LightLock_Lock
 .text.LightLock_Unlock
                0x00107268       0x40 /opt/devkitpro/libctru/lib/libctru.a(synchronization.o)
                0x00107268                LightLock_Unlock
 .text.RecursiveLock_Lock
                0x001072a8       0x30 /opt/devkitpro/libctru/lib/libctru.a(synchronization.o)
                0x001072a8                RecursiveLock_Lock
 .text.RecursiveLock_Unlock
                0x001072d8       0x54 /opt/devkitpro/libctru/lib/libctru.a(synchronization.o)
                0x001072d8                RecursiveLock_Unlock
 .text.LightEvent_Init
                0x0010732c       0x40 /opt/devkitpro/libctru/lib/libctru.a(synchronization.o)
                0x0010732c                LightEvent_Init
 .text.LightEvent_Clear
                0x0010736c       0xa4 /opt/devkitpro/libctru/lib/libctru.a(synchronization.o)
                0x0010736c                LightEvent_Clear
 .text.LightEvent_Signal
                0x00107410       0xc8 /opt/devkitpro/libctru/lib/libctru.a(synchronization.o)
                0x00107410                LightEvent_Signal
 .text.LightEvent_TryWait
                0x001074d8       0x50 /opt/devkitpro/libctru/lib/libctru.a(synchronization.o)
                0x001074d8                LightEvent_TryWait
 .text.LightEvent_Wait
                0x00107528       0xa0 /opt/devkitpro/libctru/lib/libctru.a(synchronization.o)
                0x00107528                LightEvent_Wait
 .text.threadCreate
                0x001075c8      0x1d8 /opt/devkitpro/libctru/lib/libctru.a(thread.o)
                0x001075c8                threadCreate
 .text.threadFree
                0x001077a0       0x2c /opt/devkitpro/libctru/lib/libctru.a(thread.o)
                0x001077a0                threadFree
 .text.threadJoin
                0x001077cc       0x24 /opt/devkitpro/libctru/lib/libctru.a(thread.o)
                0x001077cc                threadJoin
 .text.threadGetCurrent
                0x001077f0       0x30 /opt/devkitpro/libctru/lib/libctru.a(thread.o)
                0x001077f0                threadGetCurrent
 .text.threadExit
                0x00107820       0x40 /opt/devkitpro/libctru/lib/libctru.a(thread.o)
                0x00107820                threadExit
 .text._thread_begin
                0x00107860       0x20 /opt/devkitpro/libctru/lib/libctru.a(thread.o)
 .text.mappableFindAddressWithin
                0x00107880       0xb4 /opt/devkitpro/libctru/lib/libctru.a(mappable.o)
 .text.mappableInit
                0x00107934       0x28 /opt/devkitpro/libctru/lib/libctru.a(mappable.o)
                0x00107934                mappableInit
 .text.mappableAlloc
                0x0010795c       0x80 /opt/devkitpro/libctru/lib/libctru.a(mappable.o)
                0x0010795c                mappableAlloc
 .text.mappableFree
                0x001079dc        0x4 /opt/devkitpro/libctru/lib/libctru.a(mappable.o)
                0x001079dc                mappableFree
 .text.ptmSysmInit
                0x001079e0       0x74 /opt/devkitpro/libctru/lib/libctru.a(ptmsysm.o)
                0x001079e0                ptmSysmInit
 .text.ptmSysmExit
                0x00107a54       0x3c /opt/devkitpro/libctru/lib/libctru.a(ptmsysm.o)
                0x00107a54                ptmSysmExit
 .text.PTMSYSM_ConfigureNew3DSCPU
                0x00107a90       0x34 /opt/devkitpro/libctru/lib/libctru.a(ptmsysm.o)
                0x00107a90                PTMSYSM_ConfigureNew3DSCPU
 .text.srvPmGetSessionHandle
                0x00107ac4        0xc /opt/devkitpro/libctru/lib/libctru.a(srvpm.o)
                0x00107ac4                srvPmGetSessionHandle
 .text.rbtree_find
                0x00107ad0       0x74 /opt/devkitpro/libctru/lib/libctru.a(rbtree_find.o)
                0x00107ad0                rbtree_find
 .text.rbtree_init
                0x00107b44       0x10 /opt/devkitpro/libctru/lib/libctru.a(rbtree_init.o)
                0x00107b44                rbtree_init
 .text.do_insert
                0x00107b54      0x1b0 /opt/devkitpro/libctru/lib/libctru.a(rbtree_insert.o)
 .text.rbtree_insert
                0x00107d04        0x8 /opt/devkitpro/libctru/lib/libctru.a(rbtree_insert.o)
                0x00107d04                rbtree_insert
 .text.rbtree_remove
                0x00107d0c      0x318 /opt/devkitpro/libctru/lib/libctru.a(rbtree_remove.o)
                0x00107d0c                rbtree_remove
 .text.rbtree_rotate
                0x00108024       0x90 /opt/devkitpro/libctru/lib/libctru.a(rbtree_rotate.o)
                0x00108024                rbtree_rotate
 *fill*         0x001080b4        0x4 
 .text.__system_allocateHeaps
                0x001080b8      0x1e0 /opt/devkitpro/libctru/lib/libctru.a(allocateHeaps.o)
                0x001080b8                __system_allocateHeaps
 .text.__appExit
                0x00108298       0x30 /opt/devkitpro/libctru/lib/libctru.a(appExit.o)
                0x00108298                __appExit
 .text.__appInit
                0x001082c8       0x30 /opt/devkitpro/libctru/lib/libctru.a(appInit.o)
                0x001082c8                __appInit
 .text.__libctru_exit
                0x001082f8       0x90 /opt/devkitpro/libctru/lib/libctru.a(ctru_exit.o)
                0x001082f8                __libctru_exit
 .text.archive_link
                0x00108388       0x14 /opt/devkitpro/libctru/lib/libctru.a(archive_dev.o)
 .text.archive_dirreset
                0x0010839c       0x14 /opt/devkitpro/libctru/lib/libctru.a(archive_dev.o)
 .text.archive_chmod
                0x001083b0       0x14 /opt/devkitpro/libctru/lib/libctru.a(archive_dev.o)
 .text.error_cmp
                0x001083c4       0x24 /opt/devkitpro/libctru/lib/libctru.a(archive_dev.o)
 .text.archive_translate_error
                0x001083e8       0x50 /opt/devkitpro/libctru/lib/libctru.a(archive_dev.o)
 .text.archive_seek
                0x00108438       0xc8 /opt/devkitpro/libctru/lib/libctru.a(archive_dev.o)
 .text._archiveInit.part.0
                0x00108500       0x7c /opt/devkitpro/libctru/lib/libctru.a(archive_dev.o)
 .text.archiveFindDevice.part.0
                0x0010857c       0xc4 /opt/devkitpro/libctru/lib/libctru.a(archive_dev.o)
 .text.archive_utf16path
                0x00108640      0x280 /opt/devkitpro/libctru/lib/libctru.a(archive_dev.o)
 .text._archiveUnmountDeviceStruct.part.0
                0x001088c0       0x9c /opt/devkitpro/libctru/lib/libctru.a(archive_dev.o)
 .text.archive_fchmod
                0x0010895c       0x14 /opt/devkitpro/libctru/lib/libctru.a(archive_dev.o)
 .text.archive_statvfs
                0x00108970       0x14 /opt/devkitpro/libctru/lib/libctru.a(archive_dev.o)
 .text._archiveMountDevice
                0x00108984      0x164 /opt/devkitpro/libctru/lib/libctru.a(archive_dev.o)
 .text.archive_diropen
                0x00108ae8       0xe8 /opt/devkitpro/libctru/lib/libctru.a(archive_dev.o)
 .text.archive_fstat
                0x00108bd0       0xa4 /opt/devkitpro/libctru/lib/libctru.a(archive_dev.o)
 .text.archive_fsync
                0x00108c74       0x6c /opt/devkitpro/libctru/lib/libctru.a(archive_dev.o)
 .text.archive_close
                0x00108ce0       0x6c /opt/devkitpro/libctru/lib/libctru.a(archive_dev.o)
 .text.archive_dirclose
                0x00108d4c       0x70 /opt/devkitpro/libctru/lib/libctru.a(archive_dev.o)
 .text.sdmc_statvfs
                0x00108dbc       0xe8 /opt/devkitpro/libctru/lib/libctru.a(archive_dev.o)
 .text.archive_chdir
                0x00108ea4       0xec /opt/devkitpro/libctru/lib/libctru.a(archive_dev.o)
 .text.archive_ftruncate
                0x00108f90       0x7c /opt/devkitpro/libctru/lib/libctru.a(archive_dev.o)
 .text.archive_read
                0x0010900c       0xac /opt/devkitpro/libctru/lib/libctru.a(archive_dev.o)
 .text.archive_unlink
                0x001090b8       0xa4 /opt/devkitpro/libctru/lib/libctru.a(archive_dev.o)
 .text.archive_rmdir
                0x0010915c       0xbc /opt/devkitpro/libctru/lib/libctru.a(archive_dev.o)
 .text.archive_mkdir
                0x00109218       0xdc /opt/devkitpro/libctru/lib/libctru.a(archive_dev.o)
 .text.archive_stat
                0x001092f4      0x194 /opt/devkitpro/libctru/lib/libctru.a(archive_dev.o)
 .text.archive_dirnext
                0x00109488      0x160 /opt/devkitpro/libctru/lib/libctru.a(archive_dev.o)
 .text.archive_write
                0x001095e8      0x124 /opt/devkitpro/libctru/lib/libctru.a(archive_dev.o)
 .text.archive_open
                0x0010970c      0x20c /opt/devkitpro/libctru/lib/libctru.a(archive_dev.o)
 .text.archive_rename
                0x00109918      0x278 /opt/devkitpro/libctru/lib/libctru.a(archive_dev.o)
 .text.archiveMountSdmc
                0x00109b90      0x19c /opt/devkitpro/libctru/lib/libctru.a(archive_dev.o)
                0x00109b90                archiveMountSdmc
 .text.archiveUnmountAll
                0x00109d2c       0x54 /opt/devkitpro/libctru/lib/libctru.a(archive_dev.o)
                0x00109d2c                archiveUnmountAll
 .text.fsInit   0x00109d80       0xcc /opt/devkitpro/libctru/lib/libctru.a(fs.o)
                0x00109d80                fsInit
 .text.fsExit   0x00109e4c       0x3c /opt/devkitpro/libctru/lib/libctru.a(fs.o)
                0x00109e4c                fsExit
 .text.fsExemptFromSession
                0x00109e88       0x60 /opt/devkitpro/libctru/lib/libctru.a(fs.o)
                0x00109e88                fsExemptFromSession
 .text.fsUnexemptFromSession
                0x00109ee8       0x50 /opt/devkitpro/libctru/lib/libctru.a(fs.o)
                0x00109ee8                fsUnexemptFromSession
 .text.FSUSER_OpenFile
                0x00109f38       0xcc /opt/devkitpro/libctru/lib/libctru.a(fs.o)
                0x00109f38                FSUSER_OpenFile
 .text.FSUSER_DeleteFile
                0x0010a004       0xbc /opt/devkitpro/libctru/lib/libctru.a(fs.o)
                0x0010a004                FSUSER_DeleteFile
 .text.FSUSER_RenameFile
                0x0010a0c0       0xf8 /opt/devkitpro/libctru/lib/libctru.a(fs.o)
                0x0010a0c0                FSUSER_RenameFile
 .text.FSUSER_DeleteDirectory
                0x0010a1b8       0xbc /opt/devkitpro/libctru/lib/libctru.a(fs.o)
                0x0010a1b8                FSUSER_DeleteDirectory
 .text.FSUSER_CreateFile
                0x0010a274       0xd4 /opt/devkitpro/libctru/lib/libctru.a(fs.o)
                0x0010a274                FSUSER_CreateFile
 .text.FSUSER_CreateDirectory
                0x0010a348       0xc4 /opt/devkitpro/libctru/lib/libctru.a(fs.o)
                0x0010a348                FSUSER_CreateDirectory
 .text.FSUSER_RenameDirectory
                0x0010a40c       0xf8 /opt/devkitpro/libctru/lib/libctru.a(fs.o)
                0x0010a40c                FSUSER_RenameDirectory
 .text.FSUSER_OpenDirectory
                0x0010a504       0xb4 /opt/devkitpro/libctru/lib/libctru.a(fs.o)
                0x0010a504                FSUSER_OpenDirectory
 .text.FSUSER_OpenArchive
                0x0010a5b8       0x94 /opt/devkitpro/libctru/lib/libctru.a(fs.o)
                0x0010a5b8                FSUSER_OpenArchive
 .text.FSUSER_CloseArchive
                0x0010a64c       0x8c /opt/devkitpro/libctru/lib/libctru.a(fs.o)
                0x0010a64c                FSUSER_CloseArchive
 .text.FSUSER_GetSdmcArchiveResource
                0x0010a6d8       0x74 /opt/devkitpro/libctru/lib/libctru.a(fs.o)
                0x0010a6d8                FSUSER_GetSdmcArchiveResource
 .text.FSUSER_IsSdmcWritable
                0x0010a74c       0x64 /opt/devkitpro/libctru/lib/libctru.a(fs.o)
                0x0010a74c                FSUSER_IsSdmcWritable
 .text.FSFILE_Read
                0x0010a7b0       0x58 /opt/devkitpro/libctru/lib/libctru.a(fs.o)
                0x0010a7b0                FSFILE_Read
 .text.FSFILE_Write
                0x0010a808       0x60 /opt/devkitpro/libctru/lib/libctru.a(fs.o)
                0x0010a808                FSFILE_Write
 .text.FSFILE_GetSize
                0x0010a868       0x38 /opt/devkitpro/libctru/lib/libctru.a(fs.o)
                0x0010a868                FSFILE_GetSize
 .text.FSFILE_SetSize
                0x0010a8a0       0x28 /opt/devkitpro/libctru/lib/libctru.a(fs.o)
                0x0010a8a0                FSFILE_SetSize
 .text.FSFILE_Close
                0x0010a8c8       0x3c /opt/devkitpro/libctru/lib/libctru.a(fs.o)
                0x0010a8c8                FSFILE_Close
 .text.FSFILE_Flush
                0x0010a904       0x24 /opt/devkitpro/libctru/lib/libctru.a(fs.o)
                0x0010a904                FSFILE_Flush
 .text.FSDIR_Read
                0x0010a928       0x50 /opt/devkitpro/libctru/lib/libctru.a(fs.o)
                0x0010a928                FSDIR_Read
 .text.FSDIR_Close
                0x0010a978       0x3c /opt/devkitpro/libctru/lib/libctru.a(fs.o)
                0x0010a978                FSDIR_Close
 .text.rbtree_node_next
                0x0010a9b4       0x5c /opt/devkitpro/libctru/lib/libctru.a(rbtree_iterator.o)
                0x0010a9b4                rbtree_node_next
 .text.decode_utf8
                0x0010aa10      0x13c /opt/devkitpro/libctru/lib/libctru.a(decode_utf8.o)
                0x0010aa10                decode_utf8
 .text.utf16_to_utf8
                0x0010ab4c       0xe8 /opt/devkitpro/libctru/lib/libctru.a(utf16_to_utf8.o)
                0x0010ab4c                utf16_to_utf8
 .text.utf8_to_utf16
                0x0010ac34       0xc0 /opt/devkitpro/libctru/lib/libctru.a(utf8_to_utf16.o)
                0x0010ac34                utf8_to_utf16
 .text.__aeabi_read_tp
                0x0010acf4        0xc /opt/devkitpro/libctru/lib/libctru.a(readtp.o)
                0x0010acf4                __aeabi_read_tp
 .text.decode_utf16
                0x0010ad00       0x64 /opt/devkitpro/libctru/lib/libctru.a(decode_utf16.o)
                0x0010ad00                decode_utf16
 .text.encode_utf16
                0x0010ad64       0x54 /opt/devkitpro/libctru/lib/libctru.a(encode_utf16.o)
                0x0010ad64                encode_utf16
 .text.encode_utf8
                0x0010adb8       0xe0 /opt/devkitpro/libctru/lib/libctru.a(encode_utf8.o)
                0x0010adb8                encode_utf8
 .text.__udivmoddi4
                0x0010ae98      0x120 /opt/devkitpro/devkitARM/bin/../lib/gcc/arm-none-eabi/13.2.0/armv6k/fpu/libgcc.a(_udivmoddi4.o)
                0x0010ae98                __udivmoddi4
 .text.printf   0x0010afb8       0x34 /opt/devkitpro/devkitARM/bin/../lib/gcc/arm-none-eabi/13.2.0/../../../../arm-none-eabi/lib/armv6k/fpu/libg.a(libc_a-printf.o)
                0x0010afb8                printf
 .text.memalign
                0x0010afec       0x20 /opt/devkitpro/devkitARM/bin/../lib/gcc/arm-none-eabi/13.2.0/../../../../arm-none-eabi/lib/armv6k/fpu/libg.a(libc_a-malign.o)
                0x0010afec                memalign
 .text._memalign_r
                0x0010b00c      0x14c /opt/devkitpro/devkitARM/bin/../lib/gcc/arm-none-eabi/13.2.0/../../../../arm-none-eabi/lib/armv6k/fpu/libg.a(libc_a-malignr.o)
                0x0010b00c                _memalign_r
 .text.bsearch  0x0010b158       0x78 /opt/devkitpro/devkitARM/bin/../lib/gcc/arm-none-eabi/13.2.0/../../../../arm-none-eabi/lib/armv6k/fpu/libg.a(libc_a-bsearch.o)
                0x0010b158                bsearch
 .text.setvbuf  0x0010b1d0      0x25c /opt/devkitpro/devkitARM/bin/../lib/gcc/arm-none-eabi/13.2.0/../../../../arm-none-eabi/lib/armv6k/fpu/libg.a(libc_a-setvbuf.o)
                0x0010b1d0                setvbuf
 .text.__call_exitprocs
                0x0010b42c        0x4 /opt/devkitpro/devkitARM/bin/../lib/gcc/arm-none-eabi/13.2.0/../../../../arm-none-eabi/lib/armv6k/fpu/libg.a(libc_a-exit.o)
                0x0010b42c                __call_exitprocs
 .text.exit     0x0010b430       0x30 /opt/devkitpro/devkitARM/bin/../lib/gcc/arm-none-eabi/13.2.0/../../../../arm-none-eabi/lib/armv6k/fpu/libg.a(libc_a-exit.o)
                0x0010b430                exit
 .text._malloc_trim_r
                0x0010b460       0xf8 /opt/devkitpro/devkitARM/bin/../lib/gcc/arm-none-eabi/13.2.0/../../../../arm-none-eabi/lib/armv6k/fpu/libg.a(libc_a-freer.o)
                0x0010b460                _malloc_trim_r
 .text._free_r  0x0010b558      0x2e8 /opt/devkitpro/devkitARM/bin/../lib/gcc/arm-none-eabi/13.2.0/../../../../arm-none-eabi/lib/armv6k/fpu/libg.a(libc_a-freer.o)
                0x0010b558                _free_r
 .text.malloc   0x0010b840       0x18 /opt/devkitpro/devkitARM/bin/../lib/gcc/arm-none-eabi/13.2.0/../../../../arm-none-eabi/lib/armv6k/fpu/libg.a(libc_a-malloc.o)
                0x0010b840                malloc
 .text.free     0x0010b858       0x18 /opt/devkitpro/devkitARM/bin/../lib/gcc/arm-none-eabi/13.2.0/../../../../arm-none-eabi/lib/armv6k/fpu/libg.a(libc_a-malloc.o)
                0x0010b858                free
 .text._malloc_r
                0x0010b870      0x79c /opt/devkitpro/devkitARM/bin/../lib/gcc/arm-none-eabi/13.2.0/../../../../arm-none-eabi/lib/armv6k/fpu/libg.a(libc_a-mallocr.o)
                0x0010b870                _malloc_r
 .text.memset   0x0010c00c       0xf4 /opt/devkitpro/devkitARM/bin/../lib/gcc/arm-none-eabi/13.2.0/../../../../arm-none-eabi/lib/armv6k/fpu/libg.a(libc_a-memset.o)
                0x0010c00c                memset
 .text.__malloc_lock
                0x0010c100        0xc /opt/devkitpro/devkitARM/bin/../lib/gcc/arm-none-eabi/13.2.0/../../../../arm-none-eabi/lib/armv6k/fpu/libg.a(libc_a-mlock.o)
                0x0010c100                __malloc_lock
 .text.__malloc_unlock
                0x0010c10c        0xc /opt/devkitpro/devkitARM/bin/../lib/gcc/arm-none-eabi/13.2.0/../../../../arm-none-eabi/lib/armv6k/fpu/libg.a(libc_a-mlock.o)
                0x0010c10c                __malloc_unlock
 .text.get_arg  0x0010c118      0x64c /opt/devkitpro/devkitARM/bin/../lib/gcc/arm-none-eabi/13.2.0/../../../../arm-none-eabi/lib/armv6k/fpu/libg.a(libc_a-vfprintf.o)
 *fill*         0x0010c764        0x4 
 .text._vfprintf_r
                0x0010c768     0x3378 /opt/devkitpro/devkitARM/bin/../lib/gcc/arm-none-eabi/13.2.0/../../../../arm-none-eabi/lib/armv6k/fpu/libg.a(libc_a-vfprintf.o)
                0x0010c768                _vfprintf_r
 .text.__sbprintf
                0x0010fae0       0xb8 /opt/devkitpro/devkitARM/bin/../lib/gcc/arm-none-eabi/13.2.0/../../../../arm-none-eabi/lib/armv6k/fpu/libg.a(libc_a-vfprintf.o)
 .text.strlen   0x0010fb98       0x90 /opt/devkitpro/devkitARM/bin/../lib/gcc/arm-none-eabi/13.2.0/../../../../arm-none-eabi/lib/armv6k/fpu/libg.a(libc_a-strlen.o)
                0x0010fb98                strlen
 .text.__sflush_r
                0x0010fc28      0x22c /opt/devkitpro/devkitARM/bin/../lib/gcc/arm-none-eabi/13.2.0/../../../../arm-none-eabi/lib/armv6k/fpu/libg.a(libc_a-fflush.o)
                0x0010fc28                __sflush_r
 .text._fflush_r
                0x0010fe54       0x94 /opt/devkitpro/devkitARM/bin/../lib/gcc/arm-none-eabi/13.2.0/../../../../arm-none-eabi/lib/armv6k/fpu/libg.a(libc_a-fflush.o)
                0x0010fe54                _fflush_r
 .text.strncat  0x0010fee8       0xe4 /opt/devkitpro/devkitARM/bin/../lib/gcc/arm-none-eabi/13.2.0/../../../../arm-none-eabi/lib/armv6k/fpu/libg.a(libc_a-strncat.o)
                0x0010fee8                strncat
 .text.strncmp  0x0010ffcc       0xe4 /opt/devkitpro/devkitARM/bin/../lib/gcc/arm-none-eabi/13.2.0/../../../../arm-none-eabi/lib/armv6k/fpu/libg.a(libc_a-strncmp.o)
                0x0010ffcc                strncmp
 .text._fwalk_sglue
                0x001100b0       0x70 /opt/devkitpro/devkitARM/bin/../lib/gcc/arm-none-eabi/13.2.0/../../../../arm-none-eabi/lib/armv6k/fpu/libg.a(libc_a-fwalk.o)
                0x001100b0                _fwalk_sglue
 .text.strncpy  0x00110120       0xc4 /opt/devkitpro/devkitARM/bin/../lib/gcc/arm-none-eabi/13.2.0/../../../../arm-none-eabi/lib/armv6k/fpu/libg.a(libc_a-strncpy.o)
                0x00110120                strncpy
 .text.stdio_exit_handler
                0x001101e4       0x1c /opt/devkitpro/devkitARM/bin/../lib/gcc/arm-none-eabi/13.2.0/../../../../arm-none-eabi/lib/armv6k/fpu/libg.a(libc_a-findfp.o)
 .text.cleanup_stdio
                0x00110200       0x5c /opt/devkitpro/devkitARM/bin/../lib/gcc/arm-none-eabi/13.2.0/../../../../arm-none-eabi/lib/armv6k/fpu/libg.a(libc_a-findfp.o)
 .text.global_stdio_init.part.0
                0x0011025c      0x154 /opt/devkitpro/devkitARM/bin/../lib/gcc/arm-none-eabi/13.2.0/../../../../arm-none-eabi/lib/armv6k/fpu/libg.a(libc_a-findfp.o)
 .text.__sinit  0x001103b0       0x5c /opt/devkitpro/devkitARM/bin/../lib/gcc/arm-none-eabi/13.2.0/../../../../arm-none-eabi/lib/armv6k/fpu/libg.a(libc_a-findfp.o)
                0x001103b0                __sinit
 .text.__sfp_lock_acquire
                0x0011040c        0xc /opt/devkitpro/devkitARM/bin/../lib/gcc/arm-none-eabi/13.2.0/../../../../arm-none-eabi/lib/armv6k/fpu/libg.a(libc_a-findfp.o)
                0x0011040c                __sfp_lock_acquire
 .text.__sfp_lock_release
                0x00110418        0xc /opt/devkitpro/devkitARM/bin/../lib/gcc/arm-none-eabi/13.2.0/../../../../arm-none-eabi/lib/armv6k/fpu/libg.a(libc_a-findfp.o)
                0x00110418                __sfp_lock_release
 .text.srand    0x00110424       0x1c /opt/devkitpro/devkitARM/bin/../lib/gcc/arm-none-eabi/13.2.0/../../../../arm-none-eabi/lib/armv6k/fpu/libg.a(libc_a-rand.o)
                0x00110424                srand
 .text.rand     0x00110440       0x44 /opt/devkitpro/devkitARM/bin/../lib/gcc/arm-none-eabi/13.2.0/../../../../arm-none-eabi/lib/armv6k/fpu/libg.a(libc_a-rand.o)
                0x00110440                rand
 .text.strnlen  0x00110484       0x48 /opt/devkitpro/devkitARM/bin/../lib/gcc/arm-none-eabi/13.2.0/../../../../arm-none-eabi/lib/armv6k/fpu/libg.a(libc_a-strnlen.o)
                0x00110484                strnlen
 .text._strtoul_l.isra.0
                0x001104cc      0x1d8 /opt/devkitpro/devkitARM/bin/../lib/gcc/arm-none-eabi/13.2.0/../../../../arm-none-eabi/lib/armv6k/fpu/libg.a(libc_a-strtoul.o)
 .text.strtoul  0x001106a4       0x34 /opt/devkitpro/devkitARM/bin/../lib/gcc/arm-none-eabi/13.2.0/../../../../arm-none-eabi/lib/armv6k/fpu/libg.a(libc_a-strtoul.o)
                0x001106a4                strtoul
 .text.__locale_mb_cur_max
                0x001106d8       0x24 /opt/devkitpro/devkitARM/bin/../lib/gcc/arm-none-eabi/13.2.0/../../../../arm-none-eabi/lib/armv6k/fpu/libg.a(libc_a-locale.o)
                0x001106d8                __locale_mb_cur_max
 .text.time     0x001106fc       0x4c /opt/devkitpro/devkitARM/bin/../lib/gcc/arm-none-eabi/13.2.0/../../../../arm-none-eabi/lib/armv6k/fpu/libg.a(libc_a-time.o)
                0x001106fc                time
 .text._localeconv_r
                0x00110748       0x24 /opt/devkitpro/devkitARM/bin/../lib/gcc/arm-none-eabi/13.2.0/../../../../arm-none-eabi/lib/armv6k/fpu/libg.a(libc_a-localeconv.o)
                0x00110748                _localeconv_r
 .text.memchr   0x0011076c       0xe0 /opt/devkitpro/devkitARM/bin/../lib/gcc/arm-none-eabi/13.2.0/../../../../arm-none-eabi/lib/armv6k/fpu/libg.a(libc_a-memchr-stub.o)
                0x0011076c                memchr
 .text.__utf8_wctomb
                0x0011084c       0xf0 /opt/devkitpro/devkitARM/bin/../lib/gcc/arm-none-eabi/13.2.0/../../../../arm-none-eabi/lib/armv6k/fpu/libg.a(libc_a-wctomb_r.o)
                0x0011084c                __utf8_wctomb
 .text.memcpy   0x0011093c      0x11c /opt/devkitpro/devkitARM/bin/../lib/gcc/arm-none-eabi/13.2.0/../../../../arm-none-eabi/lib/armv6k/fpu/libg.a(libc_a-memcpy-stub.o)
                0x0011093c                memcpy
 .text.__libc_init_array
                0x00110a58       0x84 /opt/devkitpro/devkitARM/bin/../lib/gcc/arm-none-eabi/13.2.0/../../../../arm-none-eabi/lib/armv6k/fpu/libg.a(libc_a-init.o)
                0x00110a58                __libc_init_array
 .text.__libc_fini_array
                0x00110adc       0x3c /opt/devkitpro/devkitARM/bin/../lib/gcc/arm-none-eabi/13.2.0/../../../../arm-none-eabi/lib/armv6k/fpu/libg.a(libc_a-fini.o)
                0x00110adc                __libc_fini_array
 .text.__errno  0x00110b18        0xc /opt/devkitpro/devkitARM/bin/../lib/gcc/arm-none-eabi/13.2.0/../../../../arm-none-eabi/lib/armv6k/fpu/libg.a(libc_a-errno.o)
                0x00110b18                __errno
 *fill*         0x00110b24        0x4 
 .text.frexp    0x00110b28       0x88 /opt/devkitpro/devkitARM/bin/../lib/gcc/arm-none-eabi/13.2.0/../../../../arm-none-eabi/lib/armv6k/fpu/libg.a(libm_a-s_frexp.o)
                0x00110b28                frexp
 .text.__smakebuf_r
                0x00110bb0      0x12c /opt/devkitpro/devkitARM/bin/../lib/gcc/arm-none-eabi/13.2.0/../../../../arm-none-eabi/lib/armv6k/fpu/libg.a(libc_a-makebuf.o)
                0x00110bb0                __smakebuf_r
 .text.__swhatbuf_r
                0x00110cdc       0x8c /opt/devkitpro/devkitARM/bin/../lib/gcc/arm-none-eabi/13.2.0/../../../../arm-none-eabi/lib/armv6k/fpu/libg.a(libc_a-makebuf.o)
                0x00110cdc                __swhatbuf_r
 .text._wcrtomb_r
                0x00110d68       0xa0 /opt/devkitpro/devkitARM/bin/../lib/gcc/arm-none-eabi/13.2.0/../../../../arm-none-eabi/lib/armv6k/fpu/libg.a(libc_a-wcrtomb.o)
                0x00110d68                _wcrtomb_r
 .text._wcsrtombs_r
                0x00110e08       0x28 /opt/devkitpro/devkitARM/bin/../lib/gcc/arm-none-eabi/13.2.0/../../../../arm-none-eabi/lib/armv6k/fpu/libg.a(libc_a-wcsrtombs.o)
                0x00110e08                _wcsrtombs_r
 .text.__sread  0x00110e30       0x44 /opt/devkitpro/devkitARM/bin/../lib/gcc/arm-none-eabi/13.2.0/../../../../arm-none-eabi/lib/armv6k/fpu/libg.a(libc_a-stdio.o)
                0x00110e30                __sread
 .text.__swrite
                0x00110e74       0x68 /opt/devkitpro/devkitARM/bin/../lib/gcc/arm-none-eabi/13.2.0/../../../../arm-none-eabi/lib/armv6k/fpu/libg.a(libc_a-stdio.o)
                0x00110e74                __swrite
 .text.__sseek  0x00110edc       0x44 /opt/devkitpro/devkitARM/bin/../lib/gcc/arm-none-eabi/13.2.0/../../../../arm-none-eabi/lib/armv6k/fpu/libg.a(libc_a-stdio.o)
                0x00110edc                __sseek
 .text.__sclose
                0x00110f20        0x8 /opt/devkitpro/devkitARM/bin/../lib/gcc/arm-none-eabi/13.2.0/../../../../arm-none-eabi/lib/armv6k/fpu/libg.a(libc_a-stdio.o)
                0x00110f20                __sclose
 .text.get_arg  0x00110f28      0x64c /opt/devkitpro/devkitARM/bin/../lib/gcc/arm-none-eabi/13.2.0/../../../../arm-none-eabi/lib/armv6k/fpu/libg.a(libc_a-vfiprintf.o)
 .text.__sprint_r
                0x00111574       0x30 /opt/devkitpro/devkitARM/bin/../lib/gcc/arm-none-eabi/13.2.0/../../../../arm-none-eabi/lib/armv6k/fpu/libg.a(libc_a-vfiprintf.o)
                0x00111574                __sprint_r
 .text._vfiprintf_r
                0x001115a4     0x2304 /opt/devkitpro/devkitARM/bin/../lib/gcc/arm-none-eabi/13.2.0/../../../../arm-none-eabi/lib/armv6k/fpu/libg.a(libc_a-vfiprintf.o)
                0x001115a4                _vfiprintf_r
 .text.__sbprintf
                0x001138a8       0xb8 /opt/devkitpro/devkitARM/bin/../lib/gcc/arm-none-eabi/13.2.0/../../../../arm-none-eabi/lib/armv6k/fpu/libg.a(libc_a-vfiprintf.o)
 .text.__swsetup_r
                0x00113960      0x138 /opt/devkitpro/devkitARM/bin/../lib/gcc/arm-none-eabi/13.2.0/../../../../arm-none-eabi/lib/armv6k/fpu/libg.a(libc_a-wsetup.o)
                0x00113960                __swsetup_r
 .text.quorem   0x00113a98      0x1b4 /opt/devkitpro/devkitARM/bin/../lib/gcc/arm-none-eabi/13.2.0/../../../../arm-none-eabi/lib/armv6k/fpu/libg.a(libc_a-dtoa.o)
 *fill*         0x00113c4c        0x4 
 .text._dtoa_r  0x00113c50     0x1218 /opt/devkitpro/devkitARM/bin/../lib/gcc/arm-none-eabi/13.2.0/../../../../arm-none-eabi/lib/armv6k/fpu/libg.a(libc_a-dtoa.o)
                0x00113c50                _dtoa_r
 .text.strchr   0x00114e68      0x130 /opt/devkitpro/devkitARM/bin/../lib/gcc/arm-none-eabi/13.2.0/../../../../arm-none-eabi/lib/armv6k/fpu/libg.a(libc_a-strchr.o)
                0x00114e68                strchr
 .text._fclose_r
                0x00114f98      0x148 /opt/devkitpro/devkitARM/bin/../lib/gcc/arm-none-eabi/13.2.0/../../../../arm-none-eabi/lib/armv6k/fpu/libg.a(libc_a-fclose.o)
                0x00114f98                _fclose_r
 .text.memmove  0x001150e0      0x150 /opt/devkitpro/devkitARM/bin/../lib/gcc/arm-none-eabi/13.2.0/../../../../arm-none-eabi/lib/armv6k/fpu/libg.a(libc_a-memmove.o)
                0x001150e0                memmove
 .text._Balloc  0x00115230       0x88 /opt/devkitpro/devkitARM/bin/../lib/gcc/arm-none-eabi/13.2.0/../../../../arm-none-eabi/lib/armv6k/fpu/libg.a(libc_a-mprec.o)
                0x00115230                _Balloc
 .text._Bfree   0x001152b8       0x1c /opt/devkitpro/devkitARM/bin/../lib/gcc/arm-none-eabi/13.2.0/../../../../arm-none-eabi/lib/armv6k/fpu/libg.a(libc_a-mprec.o)
                0x001152b8                _Bfree
 .text.__multadd
                0x001152d4       0xf4 /opt/devkitpro/devkitARM/bin/../lib/gcc/arm-none-eabi/13.2.0/../../../../arm-none-eabi/lib/armv6k/fpu/libg.a(libc_a-mprec.o)
                0x001152d4                __multadd
 .text.__hi0bits
                0x001153c8       0x60 /opt/devkitpro/devkitARM/bin/../lib/gcc/arm-none-eabi/13.2.0/../../../../arm-none-eabi/lib/armv6k/fpu/libg.a(libc_a-mprec.o)
                0x001153c8                __hi0bits
 .text.__lo0bits
                0x00115428       0x9c /opt/devkitpro/devkitARM/bin/../lib/gcc/arm-none-eabi/13.2.0/../../../../arm-none-eabi/lib/armv6k/fpu/libg.a(libc_a-mprec.o)
                0x00115428                __lo0bits
 .text.__i2b    0x001154c4       0xa4 /opt/devkitpro/devkitARM/bin/../lib/gcc/arm-none-eabi/13.2.0/../../../../arm-none-eabi/lib/armv6k/fpu/libg.a(libc_a-mprec.o)
                0x001154c4                __i2b
 .text.__multiply
                0x00115568      0x204 /opt/devkitpro/devkitARM/bin/../lib/gcc/arm-none-eabi/13.2.0/../../../../arm-none-eabi/lib/armv6k/fpu/libg.a(libc_a-mprec.o)
                0x00115568                __multiply
 .text.__pow5mult
                0x0011576c      0x128 /opt/devkitpro/devkitARM/bin/../lib/gcc/arm-none-eabi/13.2.0/../../../../arm-none-eabi/lib/armv6k/fpu/libg.a(libc_a-mprec.o)
                0x0011576c                __pow5mult
 .text.__lshift
                0x00115894      0x140 /opt/devkitpro/devkitARM/bin/../lib/gcc/arm-none-eabi/13.2.0/../../../../arm-none-eabi/lib/armv6k/fpu/libg.a(libc_a-mprec.o)
                0x00115894                __lshift
 .text.__mcmp   0x001159d4       0x58 /opt/devkitpro/devkitARM/bin/../lib/gcc/arm-none-eabi/13.2.0/../../../../arm-none-eabi/lib/armv6k/fpu/libg.a(libc_a-mprec.o)
                0x001159d4                __mcmp
 .text.__mdiff  0x00115a2c      0x1fc /opt/devkitpro/devkitARM/bin/../lib/gcc/arm-none-eabi/13.2.0/../../../../arm-none-eabi/lib/armv6k/fpu/libg.a(libc_a-mprec.o)
                0x00115a2c                __mdiff
 .text.__d2b    0x00115c28      0x124 /opt/devkitpro/devkitARM/bin/../lib/gcc/arm-none-eabi/13.2.0/../../../../arm-none-eabi/lib/armv6k/fpu/libg.a(libc_a-mprec.o)
                0x00115c28                __d2b
 .text.__sfvwrite_r
                0x00115d4c      0x4b4 /opt/devkitpro/devkitARM/bin/../lib/gcc/arm-none-eabi/13.2.0/../../../../arm-none-eabi/lib/armv6k/fpu/libg.a(libc_a-fvwrite.o)
                0x00115d4c                __sfvwrite_r
 .text._realloc_r
                0x00116200      0x4a0 /opt/devkitpro/devkitARM/bin/../lib/gcc/arm-none-eabi/13.2.0/../../../../arm-none-eabi/lib/armv6k/fpu/libg.a(libc_a-reallocr.o)
                0x00116200                _realloc_r
 .text.__utf8_mbtowc
                0x001166a0      0x2f8 /opt/devkitpro/devkitARM/bin/../lib/gcc/arm-none-eabi/13.2.0/../../../../arm-none-eabi/lib/armv6k/fpu/libg.a(libc_a-mbtowc_r.o)
                0x001166a0                __utf8_mbtowc
 .text._wcsnrtombs_l
                0x00116998      0x188 /opt/devkitpro/devkitARM/bin/../lib/gcc/arm-none-eabi/13.2.0/../../../../arm-none-eabi/lib/armv6k/fpu/libg.a(libc_a-wcsnrtombs.o)
                0x00116998                _wcsnrtombs_l
 .text._wcsnrtombs_r
                0x00116b20       0x64 /opt/devkitpro/devkitARM/bin/../lib/gcc/arm-none-eabi/13.2.0/../../../../arm-none-eabi/lib/armv6k/fpu/libg.a(libc_a-wcsnrtombs.o)
                0x00116b20                _wcsnrtombs_r
 .text._calloc_r
                0x00116b84       0xc0 /opt/devkitpro/devkitARM/bin/../lib/gcc/arm-none-eabi/13.2.0/../../../../arm-none-eabi/lib/armv6k/fpu/libg.a(libc_a-callocr.o)
                0x00116b84                _calloc_r
 .text.__assert_func
                0x00116c44       0x5c /opt/devkitpro/devkitARM/bin/../lib/gcc/arm-none-eabi/13.2.0/../../../../arm-none-eabi/lib/armv6k/fpu/libg.a(libc_a-assert.o)
                0x00116c44                __assert_func
 .text.fiprintf
                0x00116ca0       0x3c /opt/devkitpro/devkitARM/bin/../lib/gcc/arm-none-eabi/13.2.0/../../../../arm-none-eabi/lib/armv6k/fpu/libg.a(libc_a-fiprintf.o)
                0x00116ca0                fiprintf
 .text.abort    0x00116cdc       0x14 /opt/devkitpro/devkitARM/bin/../lib/gcc/arm-none-eabi/13.2.0/../../../../arm-none-eabi/lib/armv6k/fpu/libg.a(libc_a-abort.o)
                0x00116cdc                abort
 .text._raise_r
                0x00116cf0       0x90 /opt/devkitpro/devkitARM/bin/../lib/gcc/arm-none-eabi/13.2.0/../../../../arm-none-eabi/lib/armv6k/fpu/libg.a(libc_a-signal.o)
                0x00116cf0                _raise_r
 .text.raise    0x00116d80       0x18 /opt/devkitpro/devkitARM/bin/../lib/gcc/arm-none-eabi/13.2.0/../../../../arm-none-eabi/lib/armv6k/fpu/libg.a(libc_a-signal.o)
                0x00116d80                raise
 .text._exit    0x00116d98       0x20 /opt/devkitpro/devkitARM/bin/../lib/gcc/arm-none-eabi/13.2.0/../../../../arm-none-eabi/lib/armv6k/fpu/libsysbase.a(libsysbase_libsysbase_a-_exit.o)
                0x00116d98                _exit
 .text.chdir    0x00116db8      0x13c /opt/devkitpro/devkitARM/bin/../lib/gcc/arm-none-eabi/13.2.0/../../../../arm-none-eabi/lib/armv6k/fpu/libsysbase.a(libsysbase_libsysbase_a-chdir.o)
                0x00116db8                chdir
 .text._concatenate_path
                0x00116ef4      0x1cc /opt/devkitpro/devkitARM/bin/../lib/gcc/arm-none-eabi/13.2.0/../../../../arm-none-eabi/lib/armv6k/fpu/libsysbase.a(libsysbase_libsysbase_a-concatenate.o)
                0x00116ef4                _concatenate_path
 .text._fstat_r
                0x001170c0       0x78 /opt/devkitpro/devkitARM/bin/../lib/gcc/arm-none-eabi/13.2.0/../../../../arm-none-eabi/lib/armv6k/fpu/libsysbase.a(libsysbase_libsysbase_a-fstat.o)
                0x001170c0                _fstat_r
 .text._getpid_r
                0x00117138       0x14 /opt/devkitpro/devkitARM/bin/../lib/gcc/arm-none-eabi/13.2.0/../../../../arm-none-eabi/lib/armv6k/fpu/libsysbase.a(libsysbase_libsysbase_a-getpid.o)
                0x00117138                _getpid_r
 .text.__getreent
                0x0011714c       0x2c /opt/devkitpro/devkitARM/bin/../lib/gcc/arm-none-eabi/13.2.0/../../../../arm-none-eabi/lib/armv6k/fpu/libsysbase.a(libsysbase_libsysbase_a-getreent.o)
                0x0011714c                __getreent
 .text._gettimeofday_r
                0x00117178       0x30 /opt/devkitpro/devkitARM/bin/../lib/gcc/arm-none-eabi/13.2.0/../../../../arm-none-eabi/lib/armv6k/fpu/libsysbase.a(libsysbase_libsysbase_a-gettod.o)
                0x00117178                _gettimeofday_r
 .text.__get_handle
                0x001171a8       0x3c /opt/devkitpro/devkitARM/bin/../lib/gcc/arm-none-eabi/13.2.0/../../../../arm-none-eabi/lib/armv6k/fpu/libsysbase.a(libsysbase_libsysbase_a-handle_manager.o)
                0x001171a8                __get_handle
 .text._close_r
                0x001171e4       0xf4 /opt/devkitpro/devkitARM/bin/../lib/gcc/arm-none-eabi/13.2.0/../../../../arm-none-eabi/lib/armv6k/fpu/libsysbase.a(libsysbase_libsysbase_a-handle_manager.o)
                0x001171e4                _close_r
 .text.null_write
                0x001172d8        0x8 /opt/devkitpro/devkitARM/bin/../lib/gcc/arm-none-eabi/13.2.0/../../../../arm-none-eabi/lib/armv6k/fpu/libsysbase.a(libsysbase_libsysbase_a-iosupport.o)
 .text.setDefaultDevice
                0x001172e0       0x18 /opt/devkitpro/devkitARM/bin/../lib/gcc/arm-none-eabi/13.2.0/../../../../arm-none-eabi/lib/armv6k/fpu/libsysbase.a(libsysbase_libsysbase_a-iosupport.o)
                0x001172e0                setDefaultDevice
 .text.FindDevice
                0x001172f8       0xc8 /opt/devkitpro/devkitARM/bin/../lib/gcc/arm-none-eabi/13.2.0/../../../../arm-none-eabi/lib/armv6k/fpu/libsysbase.a(libsysbase_libsysbase_a-iosupport.o)
                0x001172f8                FindDevice
 .text.RemoveDevice
                0x001173c0       0x28 /opt/devkitpro/devkitARM/bin/../lib/gcc/arm-none-eabi/13.2.0/../../../../arm-none-eabi/lib/armv6k/fpu/libsysbase.a(libsysbase_libsysbase_a-iosupport.o)
                0x001173c0                RemoveDevice
 .text.AddDevice
                0x001173e8       0x9c /opt/devkitpro/devkitARM/bin/../lib/gcc/arm-none-eabi/13.2.0/../../../../arm-none-eabi/lib/armv6k/fpu/libsysbase.a(libsysbase_libsysbase_a-iosupport.o)
                0x001173e8                AddDevice
 .text.GetDeviceOpTab
                0x00117484       0x20 /opt/devkitpro/devkitARM/bin/../lib/gcc/arm-none-eabi/13.2.0/../../../../arm-none-eabi/lib/armv6k/fpu/libsysbase.a(libsysbase_libsysbase_a-iosupport.o)
                0x00117484                GetDeviceOpTab
 .text._isatty_r
                0x001174a4        0x8 /opt/devkitpro/devkitARM/bin/../lib/gcc/arm-none-eabi/13.2.0/../../../../arm-none-eabi/lib/armv6k/fpu/libsysbase.a(libsysbase_libsysbase_a-isatty.o)
                0x001174a4                _isatty_r
 .text._kill_r  0x001174ac       0x14 /opt/devkitpro/devkitARM/bin/../lib/gcc/arm-none-eabi/13.2.0/../../../../arm-none-eabi/lib/armv6k/fpu/libsysbase.a(libsysbase_libsysbase_a-kill.o)
                0x001174ac                _kill_r
 .text._lseek_r
                0x001174c0       0x84 /opt/devkitpro/devkitARM/bin/../lib/gcc/arm-none-eabi/13.2.0/../../../../arm-none-eabi/lib/armv6k/fpu/libsysbase.a(libsysbase_libsysbase_a-lseek.o)
                0x001174c0                _lseek_r
 .text._read_r  0x00117544       0x80 /opt/devkitpro/devkitARM/bin/../lib/gcc/arm-none-eabi/13.2.0/../../../../arm-none-eabi/lib/armv6k/fpu/libsysbase.a(libsysbase_libsysbase_a-read.o)
                0x00117544                _read_r
 .text._sbrk_r  0x001175c4       0x78 /opt/devkitpro/devkitARM/bin/../lib/gcc/arm-none-eabi/13.2.0/../../../../arm-none-eabi/lib/armv6k/fpu/libsysbase.a(libsysbase_libsysbase_a-sbrk.o)
                0x001175c4                _sbrk_r
 .text.__libc_lock_acquire
                0x0011763c       0x1c /opt/devkitpro/devkitARM/bin/../lib/gcc/arm-none-eabi/13.2.0/../../../../arm-none-eabi/lib/armv6k/fpu/libsysbase.a(libsysbase_libsysbase_a-syscall_support.o)
                0x0011763c                __libc_lock_acquire
 .text.__libc_lock_release
                0x00117658       0x1c /opt/devkitpro/devkitARM/bin/../lib/gcc/arm-none-eabi/13.2.0/../../../../arm-none-eabi/lib/armv6k/fpu/libsysbase.a(libsysbase_libsysbase_a-syscall_support.o)
                0x00117658                __libc_lock_release
 .text.__libc_lock_acquire_recursive
                0x00117674       0x1c /opt/devkitpro/devkitARM/bin/../lib/gcc/arm-none-eabi/13.2.0/../../../../arm-none-eabi/lib/armv6k/fpu/libsysbase.a(libsysbase_libsysbase_a-syscall_support.o)
                0x00117674                __libc_lock_acquire_recursive
 .text.__libc_lock_release_recursive
                0x00117690       0x1c /opt/devkitpro/devkitARM/bin/../lib/gcc/arm-none-eabi/13.2.0/../../../../arm-none-eabi/lib/armv6k/fpu/libsysbase.a(libsysbase_libsysbase_a-syscall_support.o)
                0x00117690                __libc_lock_release_recursive
 .text._write_r
                0x001176ac       0x80 /opt/devkitpro/devkitARM/bin/../lib/gcc/arm-none-eabi/13.2.0/../../../../arm-none-eabi/lib/armv6k/fpu/libsysbase.a(libsysbase_libsysbase_a-write.o)
                0x001176ac                _write_r
 .text.strrchr  0x0011772c       0x48 /opt/devkitpro/devkitARM/bin/../lib/gcc/arm-none-eabi/13.2.0/../../../../arm-none-eabi/lib/armv6k/fpu/libg.a(libc_a-strrchr.o)
                0x0011772c                strrchr
 *(.glue_7)
 .glue_7        0x00117774        0x0 linker stubs
 *(.glue_7t)
 .glue_7t       0x00117774        0x0 linker stubs
 *(.stub)
 *(.gnu.warning)
 *(.gnu.linkonce.t*)
                0x00117774                        . = ALIGN (0x4)
 *(.fini)
 .fini          0x00117774        0xc /opt/devkitpro/devkitARM/bin/../lib/gcc/arm-none-eabi/13.2.0/armv6k/fpu/crti.o
                0x00117774                _fini
 .fini          0x00117780        0xc /opt/devkitpro/devkitARM/bin/../lib/gcc/arm-none-eabi/13.2.0/armv6k/fpu/crtn.o
                0x0011778c                        . = ALIGN (0x4)

.vfp11_veneer   0x0011778c        0x0
 .vfp11_veneer  0x0011778c        0x0 linker stubs

.v4_bx          0x0011778c        0x0
 .v4_bx         0x0011778c        0x0 linker stubs

.iplt           0x0011778c        0x0
 .iplt          0x0011778c        0x0 /opt/devkitpro/devkitARM/bin/../lib/gcc/arm-none-eabi/13.2.0/../../../../arm-none-eabi/lib/armv6k/fpu/3dsx_crt0.o
                0x00118000                        . = ALIGN (0x1000)

.rodata         0x00118000     0x1104
 *(.rodata)
 .rodata        0x00118000        0xc /opt/devkitpro/libctru/lib/libctru.a(archive_dev.o)
 *(.roda)
 *(.rodata.*)
 .rodata.str1.4
                0x0011800c      0x283 main.o
                                 0xaf (size before relaxing)
 .rodata.str1.4
                0x0011828f       0x10 /opt/devkitpro/libctru/lib/libctru.a(console.o)
 *fill*         0x0011828f        0x1 
 .rodata.dotab_stdout
                0x00118290       0x80 /opt/devkitpro/libctru/lib/libctru.a(console.o)
 .rodata.grayScale
                0x00118310       0x18 /opt/devkitpro/libctru/lib/libctru.a(console.o)
 .rodata.colorCube
                0x00118328        0x6 /opt/devkitpro/libctru/lib/libctru.a(console.o)
 *fill*         0x0011832e        0x2 
 .rodata.colorTable
                0x00118330       0x30 /opt/devkitpro/libctru/lib/libctru.a(console.o)
 .rodata.aptSendCommand.str1.4
                0x00118360       0x16 /opt/devkitpro/libctru/lib/libctru.a(apt.o)
 .rodata.morton_y.2
                0x00118360        0x8 /opt/devkitpro/libctru/lib/libctru.a(apt.o)
 .rodata.morton_x.3
                0x00118368        0x8 /opt/devkitpro/libctru/lib/libctru.a(apt.o)
 .rodata.s_sleepWakeEvents.4
                0x00118370        0x8 /opt/devkitpro/libctru/lib/libctru.a(apt.o)
 .rodata.gspInit.str1.4
                0x00118378        0x9 /opt/devkitpro/libctru/lib/libctru.a(gspgpu.o)
 .rodata.hidInit.str1.4
                0x00118378       0x15 /opt/devkitpro/libctru/lib/libctru.a(hid.o)
 .rodata.irrstInit.str1.4
                0x00118378        0x7 /opt/devkitpro/libctru/lib/libctru.a(irrst.o)
 .rodata.__system_initArgv.str1.4
                0x00118378        0xa /opt/devkitpro/libctru/lib/libctru.a(initArgv.o)
 .rodata.default_font_bin
                0x00118378      0x800 /opt/devkitpro/libctru/lib/libctru.a(default_font.bin.o)
                0x00118378                default_font_bin
                0x00118b78                default_font_bin_end
 .rodata.srvInit.str1.4
                0x00118b78        0x5 /opt/devkitpro/libctru/lib/libctru.a(srv.o)
 .rodata.ptmSysmInit.str1.4
                0x00118b78        0x9 /opt/devkitpro/libctru/lib/libctru.a(ptmsysm.o)
 .rodata.archive_utf16path.str1.4
                0x00118b78        0x2 /opt/devkitpro/libctru/lib/libctru.a(archive_dev.o)
 .rodata._archiveUnmountDeviceStruct.part.0.str1.4
                0x00118b78        0x2 /opt/devkitpro/libctru/lib/libctru.a(archive_dev.o)
 .rodata._archiveMountDevice.str1.4
                0x00118b78        0xc /opt/devkitpro/libctru/lib/libctru.a(archive_dev.o)
 .rodata.archiveMountSdmc.str1.4
                0x00118b78        0x5 /opt/devkitpro/libctru/lib/libctru.a(archive_dev.o)
 .rodata.error_table
                0x00118b78       0x30 /opt/devkitpro/libctru/lib/libctru.a(archive_dev.o)
 .rodata.str1.4
                0x00118ba8        0x8 /opt/devkitpro/libctru/lib/libctru.a(archive_dev.o)
 .rodata.archive_devoptab
                0x00118ba8       0x80 /opt/devkitpro/libctru/lib/libctru.a(archive_dev.o)
 .rodata.fsInit.str1.4
                0x00118c28        0x8 /opt/devkitpro/libctru/lib/libctru.a(fs.o)
 .rodata._vfprintf_r.str1.1
                0x00118c28       0x3b /opt/devkitpro/devkitARM/bin/../lib/gcc/arm-none-eabi/13.2.0/../../../../arm-none-eabi/lib/armv6k/fpu/libg.a(libc_a-vfprintf.o)
 *fill*         0x00118c63        0x1 
 .rodata.zeroes.0
                0x00118c64       0x10 /opt/devkitpro/devkitARM/bin/../lib/gcc/arm-none-eabi/13.2.0/../../../../arm-none-eabi/lib/armv6k/fpu/libg.a(libc_a-vfprintf.o)
 .rodata.blanks.1
                0x00118c74       0x10 /opt/devkitpro/devkitARM/bin/../lib/gcc/arm-none-eabi/13.2.0/../../../../arm-none-eabi/lib/armv6k/fpu/libg.a(libc_a-vfprintf.o)
 .rodata.str1.4
                0x00118c84       0x4c /opt/devkitpro/devkitARM/bin/../lib/gcc/arm-none-eabi/13.2.0/../../../../arm-none-eabi/lib/armv6k/fpu/libg.a(libc_a-locale.o)
 .rodata._ctype_
                0x00118c84      0x101 /opt/devkitpro/devkitARM/bin/../lib/gcc/arm-none-eabi/13.2.0/../../../../arm-none-eabi/lib/armv6k/fpu/libg.a(libc_a-ctype_.o)
                0x00118c84                _ctype_
 .rodata._vfiprintf_r.str1.1
                0x00118d85       0x29 /opt/devkitpro/devkitARM/bin/../lib/gcc/arm-none-eabi/13.2.0/../../../../arm-none-eabi/lib/armv6k/fpu/libg.a(libc_a-vfiprintf.o)
 *fill*         0x00118d85        0x3 
 .rodata.zeroes.0
                0x00118d88       0x10 /opt/devkitpro/devkitARM/bin/../lib/gcc/arm-none-eabi/13.2.0/../../../../arm-none-eabi/lib/armv6k/fpu/libg.a(libc_a-vfiprintf.o)
 .rodata.blanks.1
                0x00118d98       0x10 /opt/devkitpro/devkitARM/bin/../lib/gcc/arm-none-eabi/13.2.0/../../../../arm-none-eabi/lib/armv6k/fpu/libg.a(libc_a-vfiprintf.o)
 .rodata.__action_table
                0x00118da8       0x6c /opt/devkitpro/devkitARM/bin/../lib/gcc/arm-none-eabi/13.2.0/../../../../arm-none-eabi/lib/armv6k/fpu/libg.a(libc_a-svfiprintf.o)
                0x00118da8                __action_table
 .rodata.__state_table
                0x00118e14       0x6c /opt/devkitpro/devkitARM/bin/../lib/gcc/arm-none-eabi/13.2.0/../../../../arm-none-eabi/lib/armv6k/fpu/libg.a(libc_a-svfiprintf.o)
                0x00118e14                __state_table
 .rodata.__chclass
                0x00118e80      0x100 /opt/devkitpro/devkitARM/bin/../lib/gcc/arm-none-eabi/13.2.0/../../../../arm-none-eabi/lib/armv6k/fpu/libg.a(libc_a-svfiprintf.o)
                0x00118e80                __chclass
 .rodata._dtoa_r.str1.4
                0x00118f80       0x6a /opt/devkitpro/devkitARM/bin/../lib/gcc/arm-none-eabi/13.2.0/../../../../arm-none-eabi/lib/armv6k/fpu/libg.a(libc_a-dtoa.o)
 .rodata.__multadd.str1.4
                0x00118f80       0x57 /opt/devkitpro/devkitARM/bin/../lib/gcc/arm-none-eabi/13.2.0/../../../../arm-none-eabi/lib/armv6k/fpu/libg.a(libc_a-mprec.o)
 .rodata.p05.0  0x00118f80        0xc /opt/devkitpro/devkitARM/bin/../lib/gcc/arm-none-eabi/13.2.0/../../../../arm-none-eabi/lib/armv6k/fpu/libg.a(libc_a-mprec.o)
 *fill*         0x00118f8c        0x4 
 .rodata.__mprec_bigtens
                0x00118f90       0x28 /opt/devkitpro/devkitARM/bin/../lib/gcc/arm-none-eabi/13.2.0/../../../../arm-none-eabi/lib/armv6k/fpu/libg.a(libc_a-mprec.o)
                0x00118f90                __mprec_bigtens
 .rodata.__mprec_tens
                0x00118fb8       0xc8 /opt/devkitpro/devkitARM/bin/../lib/gcc/arm-none-eabi/13.2.0/../../../../arm-none-eabi/lib/armv6k/fpu/libg.a(libc_a-mprec.o)
                0x00118fb8                __mprec_tens
 .rodata.__assert_func.str1.4
                0x00119080       0x43 /opt/devkitpro/devkitARM/bin/../lib/gcc/arm-none-eabi/13.2.0/../../../../arm-none-eabi/lib/armv6k/fpu/libg.a(libc_a-assert.o)
 .rodata.AddDevice.str1.4
                0x00119080        0x8 /opt/devkitpro/devkitARM/bin/../lib/gcc/arm-none-eabi/13.2.0/../../../../arm-none-eabi/lib/armv6k/fpu/libsysbase.a(libsysbase_libsysbase_a-iosupport.o)
 .rodata.dotab_stdnull
                0x00119080       0x80 /opt/devkitpro/devkitARM/bin/../lib/gcc/arm-none-eabi/13.2.0/../../../../arm-none-eabi/lib/armv6k/fpu/libsysbase.a(libsysbase_libsysbase_a-iosupport.o)
                0x00119080                dotab_stdnull
 *all.rodata*(*)
 *(.gnu.linkonce.r*)
                0x00119100                        . = ALIGN (0x4)
                0x00119100                        __tdata_align = .
                0x00119100        0x4 LONG 0x4 ALIGNOF (.tdata)
                0x00119104                        . = ALIGN (0x4)

.eh_frame       0x00119104        0x0
 .eh_frame      0x00119104        0x0 /opt/devkitpro/devkitARM/bin/../lib/gcc/arm-none-eabi/13.2.0/armv6k/fpu/crtbegin.o

.rel.dyn        0x00119104        0x0
 .rel.iplt      0x00119104        0x0 /opt/devkitpro/devkitARM/bin/../lib/gcc/arm-none-eabi/13.2.0/../../../../arm-none-eabi/lib/armv6k/fpu/3dsx_crt0.o
 .rel.got       0x00119104        0x0 /opt/devkitpro/devkitARM/bin/../lib/gcc/arm-none-eabi/13.2.0/../../../../arm-none-eabi/lib/armv6k/fpu/3dsx_crt0.o

.ARM.extab
 *(.ARM.extab* .gnu.linkonce.armextab.*)
                0x00119104                        __exidx_start = .

.ARM.exidx
 *(.ARM.exidx* .gnu.linkonce.armexidx.*)
                0x00119104                        __exidx_end = .
                0x0011a000                        . = ALIGN (0x1000)

.data           0x0011a000     0x1bd4
 *(.data)
 .data          0x0011a000        0x8 main.o
                0x0011a000                width
                0x0011a004                height
 *(.data.*)
 .data.firstConsoleInit.0
                0x0011a008        0x1 /opt/devkitpro/libctru/lib/libctru.a(console.o)
 *fill*         0x0011a009        0x3 
 .data.currentConsole
                0x0011a00c        0x4 /opt/devkitpro/libctru/lib/libctru.a(console.o)
                0x0011a00c                currentConsole
 .data.defaultConsole
                0x0011a010       0x48 /opt/devkitpro/libctru/lib/libctru.a(console.o)
                0x0011a010                defaultConsole
 .data.aptChainloadDeliverArgSize
                0x0011a058        0x4 /opt/devkitpro/libctru/lib/libctru.a(apt.o)
 .data.kCount   0x0011a05c        0x4 /opt/devkitpro/libctru/lib/libctru.a(hid.o)
 .data.kInterval
                0x0011a060        0x4 /opt/devkitpro/libctru/lib/libctru.a(hid.o)
 .data.kDelay   0x0011a064        0x4 /opt/devkitpro/libctru/lib/libctru.a(hid.o)
 .data.__stacksize__
                0x0011a068        0x4 /opt/devkitpro/libctru/lib/libctru.a(stack_adjust.o)
                0x0011a068                __stacksize__
 .data.__malloc_sbrk_base
                0x0011a06c        0x4 /opt/devkitpro/devkitARM/bin/../lib/gcc/arm-none-eabi/13.2.0/../../../../arm-none-eabi/lib/armv6k/fpu/libg.a(libc_a-mallocr.o)
                0x0011a06c                __malloc_sbrk_base
 .data.__malloc_trim_threshold
                0x0011a070        0x4 /opt/devkitpro/devkitARM/bin/../lib/gcc/arm-none-eabi/13.2.0/../../../../arm-none-eabi/lib/armv6k/fpu/libg.a(libc_a-mallocr.o)
                0x0011a070                __malloc_trim_threshold
 *fill*         0x0011a074        0x4 
 .data.__malloc_av_
                0x0011a078      0x408 /opt/devkitpro/devkitARM/bin/../lib/gcc/arm-none-eabi/13.2.0/../../../../arm-none-eabi/lib/armv6k/fpu/libg.a(libc_a-mallocr.o)
                0x0011a078                __malloc_av_
 .data.__sglue  0x0011a480        0xc /opt/devkitpro/devkitARM/bin/../lib/gcc/arm-none-eabi/13.2.0/../../../../arm-none-eabi/lib/armv6k/fpu/libg.a(libc_a-findfp.o)
                0x0011a480                __sglue
 .data.__global_locale
                0x0011a48c      0x16c /opt/devkitpro/devkitARM/bin/../lib/gcc/arm-none-eabi/13.2.0/../../../../arm-none-eabi/lib/armv6k/fpu/libg.a(libc_a-locale.o)
                0x0011a48c                __global_locale
 .data._impure_ptr
                0x0011a5f8        0x4 /opt/devkitpro/devkitARM/bin/../lib/gcc/arm-none-eabi/13.2.0/../../../../arm-none-eabi/lib/armv6k/fpu/libg.a(libc_a-impure.o)
                0x0011a5f8                _impure_ptr
 *fill*         0x0011a5fc        0x4 
 .data._impure_data
                0x0011a600      0x120 /opt/devkitpro/devkitARM/bin/../lib/gcc/arm-none-eabi/13.2.0/../../../../arm-none-eabi/lib/armv6k/fpu/libg.a(libc_a-impure.o)
                0x0011a600                _impure_data
 .data._current_working_directory
                0x0011a720      0x400 /opt/devkitpro/devkitARM/bin/../lib/gcc/arm-none-eabi/13.2.0/../../../../arm-none-eabi/lib/armv6k/fpu/libsysbase.a(libsysbase_libsysbase_a-chdir.o)
 .data.handles  0x0011ab20     0x1000 /opt/devkitpro/devkitARM/bin/../lib/gcc/arm-none-eabi/13.2.0/../../../../arm-none-eabi/lib/armv6k/fpu/libsysbase.a(libsysbase_libsysbase_a-handle_manager.o)
 .data.__stderr_handle
                0x0011bb20        0xc /opt/devkitpro/devkitARM/bin/../lib/gcc/arm-none-eabi/13.2.0/../../../../arm-none-eabi/lib/armv6k/fpu/libsysbase.a(libsysbase_libsysbase_a-handle_manager.o)
 .data.__stdout_handle
                0x0011bb2c        0xc /opt/devkitpro/devkitARM/bin/../lib/gcc/arm-none-eabi/13.2.0/../../../../arm-none-eabi/lib/armv6k/fpu/libsysbase.a(libsysbase_libsysbase_a-handle_manager.o)
 .data.__stdin_handle
                0x0011bb38        0xc /opt/devkitpro/devkitARM/bin/../lib/gcc/arm-none-eabi/13.2.0/../../../../arm-none-eabi/lib/armv6k/fpu/libsysbase.a(libsysbase_libsysbase_a-handle_manager.o)
 .data.devoptab_list
                0x0011bb44       0x8c /opt/devkitpro/devkitARM/bin/../lib/gcc/arm-none-eabi/13.2.0/../../../../arm-none-eabi/lib/armv6k/fpu/libsysbase.a(libsysbase_libsysbase_a-iosupport.o)
                0x0011bb44                devoptab_list
 .data.defaultDevice
                0x0011bbd0        0x4 /opt/devkitpro/devkitARM/bin/../lib/gcc/arm-none-eabi/13.2.0/../../../../arm-none-eabi/lib/armv6k/fpu/libsysbase.a(libsysbase_libsysbase_a-iosupport.o)
 *(.gnu.linkonce.d*)
                0x0011bbd4                        . = ALIGN (0x4)

.igot.plt       0x0011bbd4        0x0
 .igot.plt      0x0011bbd4        0x0 /opt/devkitpro/devkitARM/bin/../lib/gcc/arm-none-eabi/13.2.0/../../../../arm-none-eabi/lib/armv6k/fpu/3dsx_crt0.o

.got            0x0011bbd4        0x8
 .got           0x0011bbd4        0x8 /opt/devkitpro/devkitARM/bin/../lib/gcc/arm-none-eabi/13.2.0/../../../../arm-none-eabi/lib/armv6k/fpu/3dsx_crt0.o

.got.plt        0x0011bbdc        0xc
 .got.plt       0x0011bbdc        0xc /opt/devkitpro/devkitARM/bin/../lib/gcc/arm-none-eabi/13.2.0/../../../../arm-none-eabi/lib/armv6k/fpu/3dsx_crt0.o
                0x0011bbdc                _GLOBAL_OFFSET_TABLE_

.tdata          0x0011bbe8        0x0
                0x0011bbe8                        __tdata_lma = .
 *(.tdata)
 *(.tdata.*)
 *(.gnu.linkonce.td.*)
                0x0011bbe8                        . = ALIGN (0x4)
                0x0011bbe8                        __tdata_lma_end = .

.tbss           0x0011bbe8      0xc08
 *(.tbss)
 *(.tbss.*)
 .tbss.__ctru_dev_utf16_buf
                0x0011bbe8      0x802 /opt/devkitpro/libctru/lib/libctru.a(path_buf.o)
                0x0011bbe8                __ctru_dev_utf16_buf
 *fill*         0x0011c3ea        0x2 
 .tbss.__ctru_dev_path_buf
                0x0011c3ec      0x401 /opt/devkitpro/libctru/lib/libctru.a(path_buf.o)
                0x0011c3ec                __ctru_dev_path_buf
 *(.gnu.linkonce.tb.*)
 *(.tcommon)
                0x0011c7f0                        . = ALIGN (0x4)
 *fill*         0x0011c7ed        0x3 

.preinit_array  0x0011bbe8        0x0
                0x0011bbe8                        PROVIDE (__preinit_array_start = .)
 *(.preinit_array)
                0x0011bbe8                        PROVIDE (__preinit_array_end = .)

.init_array     0x0011bbe8        0x4
                0x0011bbe8                        PROVIDE (__init_array_start = .)
 *(SORT_BY_NAME(.init_array.*))
 *(.init_array)
 .init_array    0x0011bbe8        0x4 /opt/devkitpro/devkitARM/bin/../lib/gcc/arm-none-eabi/13.2.0/armv6k/fpu/crtbegin.o
                0x0011bbec                        PROVIDE (__init_array_end = .)

.fini_array     0x0011bbec        0x4
                0x0011bbec                        PROVIDE (__fini_array_start = .)
 *(.fini_array)
 .fini_array    0x0011bbec        0x4 /opt/devkitpro/devkitARM/bin/../lib/gcc/arm-none-eabi/13.2.0/armv6k/fpu/crtbegin.o
 *(SORT_BY_NAME(.fini_array.*))
                0x0011bbf0                        PROVIDE (__fini_array_end = .)

.ctors
 *crtbegin.o(.ctors)
 *(EXCLUDE_FILE(*crtend.o) .ctors)
 *(SORT_BY_NAME(.ctors.*))
 *(.ctors)

.dtors
 *crtbegin.o(.dtors)
 *(EXCLUDE_FILE(*crtend.o) .dtors)
 *(SORT_BY_NAME(.dtors.*))
 *(.dtors)
                0x0011bbf0                        __bss_start__ = .

.bss            0x0011bbf0     0x4214
 *(.dynbss)
 *(.bss)
 .bss           0x0011bbf0     0x1430 main.o
                0x0011bbf0                isGameOver
                0x0011bbf4                snakeHeadX
                0x0011bbf8                snakeHeadY
                0x0011bbfc                fruitCordX
                0x0011bc00                fruitCordY
                0x0011bc04                x
                0x0011bc08                y
                0x0011bc0c                x1
                0x0011bc10                y1
                0x0011bc14                playerScore
                0x0011bc18                snakeTailX
                0x0011c618                snakeTailY
                0x0011d018                snakeTailLength
                0x0011d01c                direction
 *(.bss.*)
 .bss.completed.1
                0x0011d020        0x1 /opt/devkitpro/devkitARM/bin/../lib/gcc/arm-none-eabi/13.2.0/armv6k/fpu/crtbegin.o
 *fill*         0x0011d021        0x3 
 .bss.object.0  0x0011d024       0x18 /opt/devkitpro/devkitARM/bin/../lib/gcc/arm-none-eabi/13.2.0/armv6k/fpu/crtbegin.o
 .bss.escapeSeq
                0x0011d03c       0x1c /opt/devkitpro/libctru/lib/libctru.a(console.o)
 .bss.currentCopy
                0x0011d058       0x48 /opt/devkitpro/libctru/lib/libctru.a(console.o)
                0x0011d058                currentCopy
 .bss.screenAlloc
                0x0011d0a0        0x4 /opt/devkitpro/libctru/lib/libctru.a(gfx.o)
 .bss.screenFree
                0x0011d0a4        0x4 /opt/devkitpro/libctru/lib/libctru.a(gfx.o)
 .bss.gfxIsDoubleBuf
                0x0011d0a8        0x2 /opt/devkitpro/libctru/lib/libctru.a(gfx.o)
 *fill*         0x0011d0aa        0x2 
 .bss.gfxCurBuf
                0x0011d0ac        0x2 /opt/devkitpro/libctru/lib/libctru.a(gfx.o)
 .bss.gfxIsVram
                0x0011d0ae        0x1 /opt/devkitpro/libctru/lib/libctru.a(gfx.o)
 .bss.gfxTopMode
                0x0011d0af        0x1 /opt/devkitpro/libctru/lib/libctru.a(gfx.o)
 .bss.gfxFramebufferFormats
                0x0011d0b0        0x2 /opt/devkitpro/libctru/lib/libctru.a(gfx.o)
 *fill*         0x0011d0b2        0x2 
 .bss.gfxBottomFramebufferMaxSize
                0x0011d0b4        0x4 /opt/devkitpro/libctru/lib/libctru.a(gfx.o)
 .bss.gfxTopFramebufferMaxSize
                0x0011d0b8        0x4 /opt/devkitpro/libctru/lib/libctru.a(gfx.o)
 *fill*         0x0011d0bc        0x4 
 .bss.gfxBottomFramebuffers
                0x0011d0c0        0x8 /opt/devkitpro/libctru/lib/libctru.a(gfx.o)
 .bss.gfxTopFramebuffers
                0x0011d0c8        0x8 /opt/devkitpro/libctru/lib/libctru.a(gfx.o)
 .bss.flagValue.0
                0x0011d0d0        0x1 /opt/devkitpro/libctru/lib/libctru.a(apt.o)
 .bss.flagInit.1
                0x0011d0d1        0x1 /opt/devkitpro/libctru/lib/libctru.a(apt.o)
 *fill*         0x0011d0d2        0x2 
 .bss.serviceName.6
                0x0011d0d4        0x4 /opt/devkitpro/libctru/lib/libctru.a(apt.o)
 .bss.aptChainloadFlags
                0x0011d0d8        0x1 /opt/devkitpro/libctru/lib/libctru.a(apt.o)
 .bss.aptChainloadMediatype
                0x0011d0d9        0x1 /opt/devkitpro/libctru/lib/libctru.a(apt.o)
 *fill*         0x0011d0da        0x2 
 .bss.aptChainloadHmac
                0x0011d0dc       0x20 /opt/devkitpro/libctru/lib/libctru.a(apt.o)
 .bss.aptChainloadDeliverArg
                0x0011d0fc      0x300 /opt/devkitpro/libctru/lib/libctru.a(apt.o)
 *fill*         0x0011d3fc        0x4 
 .bss.aptChainloadTid
                0x0011d400        0x8 /opt/devkitpro/libctru/lib/libctru.a(apt.o)
 .bss.aptParameters
                0x0011d408     0x1000 /opt/devkitpro/libctru/lib/libctru.a(apt.o)
 .bss.aptFlags  0x0011e408        0x4 /opt/devkitpro/libctru/lib/libctru.a(apt.o)
 .bss.aptHomeButtonState
                0x0011e40c        0x1 /opt/devkitpro/libctru/lib/libctru.a(apt.o)
 *fill*         0x0011e40d        0x3 
 .bss.aptMessageFuncData
                0x0011e410        0x4 /opt/devkitpro/libctru/lib/libctru.a(apt.o)
 .bss.aptMessageFunc
                0x0011e414        0x4 /opt/devkitpro/libctru/lib/libctru.a(apt.o)
 .bss.aptFirstHook
                0x0011e418        0xc /opt/devkitpro/libctru/lib/libctru.a(apt.o)
 .bss.aptEventHandlerThreadQuit
                0x0011e424        0x1 /opt/devkitpro/libctru/lib/libctru.a(apt.o)
 *fill*         0x0011e425        0x3 
 .bss.aptEventHandlerThread
                0x0011e428        0x4 /opt/devkitpro/libctru/lib/libctru.a(apt.o)
 .bss.aptSleepEvent
                0x0011e42c        0x8 /opt/devkitpro/libctru/lib/libctru.a(apt.o)
 .bss.aptReceiveEvent
                0x0011e434        0x8 /opt/devkitpro/libctru/lib/libctru.a(apt.o)
 .bss.aptEvents
                0x0011e43c        0x8 /opt/devkitpro/libctru/lib/libctru.a(apt.o)
 .bss.aptLockHandle
                0x0011e444        0x4 /opt/devkitpro/libctru/lib/libctru.a(apt.o)
 .bss.aptRefCount
                0x0011e448        0x4 /opt/devkitpro/libctru/lib/libctru.a(apt.o)
 .bss.gspEventCbOneShot
                0x0011e44c        0x7 /opt/devkitpro/libctru/lib/libctru.a(gspgpu.o)
 *fill*         0x0011e453        0x1 
 .bss.gspEventCbData
                0x0011e454       0x1c /opt/devkitpro/libctru/lib/libctru.a(gspgpu.o)
 .bss.gspEventCb
                0x0011e470       0x1c /opt/devkitpro/libctru/lib/libctru.a(gspgpu.o)
 .bss.gspEvents
                0x0011e48c       0x38 /opt/devkitpro/libctru/lib/libctru.a(gspgpu.o)
 .bss.gspLastEvent
                0x0011e4c4        0x4 /opt/devkitpro/libctru/lib/libctru.a(gspgpu.o)
 .bss.gspRunEvents
                0x0011e4c8        0x1 /opt/devkitpro/libctru/lib/libctru.a(gspgpu.o)
 *fill*         0x0011e4c9        0x3 
 .bss.gspEventThread
                0x0011e4cc        0x4 /opt/devkitpro/libctru/lib/libctru.a(gspgpu.o)
 .bss.gspEvent  0x0011e4d0        0x4 /opt/devkitpro/libctru/lib/libctru.a(gspgpu.o)
 .bss.gspGpuRight
                0x0011e4d4        0x1 /opt/devkitpro/libctru/lib/libctru.a(gspgpu.o)
 .bss.gspThreadId
                0x0011e4d5        0x1 /opt/devkitpro/libctru/lib/libctru.a(gspgpu.o)
 *fill*         0x0011e4d6        0x2 
 .bss.gspSharedMem
                0x0011e4d8        0x4 /opt/devkitpro/libctru/lib/libctru.a(gspgpu.o)
 .bss.gspSharedMemHandle
                0x0011e4dc        0x4 /opt/devkitpro/libctru/lib/libctru.a(gspgpu.o)
 .bss.gspRefCount
                0x0011e4e0        0x4 /opt/devkitpro/libctru/lib/libctru.a(gspgpu.o)
 .bss.gspGpuHandle
                0x0011e4e4        0x4 /opt/devkitpro/libctru/lib/libctru.a(gspgpu.o)
 .bss.usingIrrst
                0x0011e4e8        0x1 /opt/devkitpro/libctru/lib/libctru.a(hid.o)
 *fill*         0x0011e4e9        0x3 
 .bss.hidRefCount
                0x0011e4ec        0x4 /opt/devkitpro/libctru/lib/libctru.a(hid.o)
 .bss.gRate     0x0011e4f0        0x6 /opt/devkitpro/libctru/lib/libctru.a(hid.o)
 *fill*         0x0011e4f6        0x2 
 .bss.aVec      0x0011e4f8        0x6 /opt/devkitpro/libctru/lib/libctru.a(hid.o)
 *fill*         0x0011e4fe        0x2 
 .bss.cPos      0x0011e500        0x4 /opt/devkitpro/libctru/lib/libctru.a(hid.o)
 .bss.tPos      0x0011e504        0x4 /opt/devkitpro/libctru/lib/libctru.a(hid.o)
 .bss.kRepeat   0x0011e508        0x4 /opt/devkitpro/libctru/lib/libctru.a(hid.o)
 .bss.kUp       0x0011e50c        0x4 /opt/devkitpro/libctru/lib/libctru.a(hid.o)
 .bss.kDown     0x0011e510        0x4 /opt/devkitpro/libctru/lib/libctru.a(hid.o)
 .bss.kHeld     0x0011e514        0x4 /opt/devkitpro/libctru/lib/libctru.a(hid.o)
 .bss.kOld      0x0011e518        0x4 /opt/devkitpro/libctru/lib/libctru.a(hid.o)
 .bss.hidSharedMem
                0x0011e51c        0x4 /opt/devkitpro/libctru/lib/libctru.a(hid.o)
                0x0011e51c                hidSharedMem
 .bss.hidEvents
                0x0011e520       0x14 /opt/devkitpro/libctru/lib/libctru.a(hid.o)
                0x0011e520                hidEvents
 .bss.hidMemHandle
                0x0011e534        0x4 /opt/devkitpro/libctru/lib/libctru.a(hid.o)
                0x0011e534                hidMemHandle
 .bss.hidHandle
                0x0011e538        0x4 /opt/devkitpro/libctru/lib/libctru.a(hid.o)
                0x0011e538                hidHandle
 .bss.irrstRefCount
                0x0011e53c        0x4 /opt/devkitpro/libctru/lib/libctru.a(irrst.o)
 .bss.csPos     0x0011e540        0x4 /opt/devkitpro/libctru/lib/libctru.a(irrst.o)
 .bss.kHeld     0x0011e544        0x4 /opt/devkitpro/libctru/lib/libctru.a(irrst.o)
 .bss.irrstSharedMem
                0x0011e548        0x4 /opt/devkitpro/libctru/lib/libctru.a(irrst.o)
                0x0011e548                irrstSharedMem
 .bss.irrstEvent
                0x0011e54c        0x4 /opt/devkitpro/libctru/lib/libctru.a(irrst.o)
                0x0011e54c                irrstEvent
 .bss.irrstMemHandle
                0x0011e550        0x4 /opt/devkitpro/libctru/lib/libctru.a(irrst.o)
                0x0011e550                irrstMemHandle
 .bss.irrstHandle
                0x0011e554        0x4 /opt/devkitpro/libctru/lib/libctru.a(irrst.o)
                0x0011e554                irrstHandle
 .bss.__system_retAddr
                0x0011e558        0x4 /opt/devkitpro/libctru/lib/libctru.a(ctru_init.o)
                0x0011e558                __system_retAddr
 .bss.__system_argv
                0x0011e55c        0x4 /opt/devkitpro/libctru/lib/libctru.a(initArgv.o)
                0x0011e55c                __system_argv
 .bss.__system_argc
                0x0011e560        0x4 /opt/devkitpro/libctru/lib/libctru.a(initArgv.o)
                0x0011e560                __system_argc
 .bss.saved_stack.42
                0x0011e564        0x8 /opt/devkitpro/libctru/lib/libctru.a(stack_adjust.o)
 *fill*         0x0011e56c        0x4 
 .bss._ZL11sLinearPool
                0x0011e570        0x8 /opt/devkitpro/libctru/lib/libctru.a(linear.o)
 .bss._ZL8sAddrMap
                0x0011e578        0xc /opt/devkitpro/libctru/lib/libctru.a(linear.o)
 *fill*         0x0011e584        0x4 
 .bss._ZL10sVramPoolB
                0x0011e588        0x8 /opt/devkitpro/libctru/lib/libctru.a(vram.o)
 .bss._ZL10sVramPoolA
                0x0011e590        0x8 /opt/devkitpro/libctru/lib/libctru.a(vram.o)
 .bss._ZL8sAddrMap
                0x0011e598        0xc /opt/devkitpro/libctru/lib/libctru.a(vram.o)
 .bss.__3dslink_host
                0x0011e5a4        0x4 /opt/devkitpro/libctru/lib/libctru.a(3dslink.o)
                0x0011e5a4                __3dslink_host
 .bss.__ctru_speedup
                0x0011e5a8        0x1 /opt/devkitpro/libctru/lib/libctru.a(os.o)
                0x0011e5a8                __ctru_speedup
 *fill*         0x0011e5a9        0x3 
 .bss.srvRefCount
                0x0011e5ac        0x4 /opt/devkitpro/libctru/lib/libctru.a(srv.o)
 .bss.srvHandle
                0x0011e5b0        0x4 /opt/devkitpro/libctru/lib/libctru.a(srv.o)
 .bss.arbiter   0x0011e5b4        0x4 /opt/devkitpro/libctru/lib/libctru.a(synchronization.o)
 .bss.currentAddr
                0x0011e5b8        0x4 /opt/devkitpro/libctru/lib/libctru.a(mappable.o)
 .bss.maxAddr   0x0011e5bc        0x4 /opt/devkitpro/libctru/lib/libctru.a(mappable.o)
 .bss.minAddr   0x0011e5c0        0x4 /opt/devkitpro/libctru/lib/libctru.a(mappable.o)
 .bss.ptmSysmRefCount
                0x0011e5c4        0x4 /opt/devkitpro/libctru/lib/libctru.a(ptmsysm.o)
 .bss.ptmSysmHandle
                0x0011e5c8        0x4 /opt/devkitpro/libctru/lib/libctru.a(ptmsysm.o)
 .bss.srvPmHandle
                0x0011e5cc        0x4 /opt/devkitpro/libctru/lib/libctru.a(srvpm.o)
 .bss.__ctru_linear_heap_size
                0x0011e5d0        0x4 /opt/devkitpro/libctru/lib/libctru.a(allocateHeaps.o)
                0x0011e5d0                __ctru_linear_heap_size
 .bss.__ctru_heap_size
                0x0011e5d4        0x4 /opt/devkitpro/libctru/lib/libctru.a(allocateHeaps.o)
                0x0011e5d4                __ctru_heap_size
 .bss.__ctru_linear_heap
                0x0011e5d8        0x4 /opt/devkitpro/libctru/lib/libctru.a(allocateHeaps.o)
                0x0011e5d8                __ctru_linear_heap
 .bss.__ctru_heap
                0x0011e5dc        0x4 /opt/devkitpro/libctru/lib/libctru.a(allocateHeaps.o)
                0x0011e5dc                __ctru_heap
 .bss.archive_devices
                0x0011e5e0      0x5c0 /opt/devkitpro/libctru/lib/libctru.a(archive_dev.o)
 .bss.archive_device_cwd
                0x0011eba0        0x4 /opt/devkitpro/libctru/lib/libctru.a(archive_dev.o)
 .bss.archive_initialized
                0x0011eba4        0x1 /opt/devkitpro/libctru/lib/libctru.a(archive_dev.o)
 *fill*         0x0011eba5        0x3 
 .bss.fsExemptArchives
                0x0011eba8       0x80 /opt/devkitpro/libctru/lib/libctru.a(fs.o)
 .bss.fsuRefCount
                0x0011ec28        0x4 /opt/devkitpro/libctru/lib/libctru.a(fs.o)